MPLINK 4.44, Linker
Linker Map File - Created Fri Oct 05 12:37:58 2012

                                 Section Info
                  Section       Type    Address   Location Size(Bytes)
                ---------  ---------  ---------  ---------  ---------
               _entry_scn       code   0x000000    program   0x000006
    HIGH_INTERRUPT_VECTOR       code   0x000008    program   0x000006
     LOW_INTERRUPT_VECTOR       code   0x000018    program   0x000006
    REMAPPED_RESET_VECTOR       code   0x001000    program   0x000006
           .code___init.o       code   0x001006    program   0x000002
REMAPPED_HIGH_INTERRUPT_VECTOR       code   0x001008    program   0x000006
           .romdata_LCD.o    romdata   0x00100e    program   0x000000
           .idata_LCD.o_i    romdata   0x00100e    program   0x000003
          .romdata_RTCC.o    romdata   0x00100e    program   0x000000
          .idata_RTCC.o_i    romdata   0x00100e    program   0x000000
.romdata_usb_function_msd.o    romdata   0x00100e    program   0x000000
.idata_usb_function_msd.o_i    romdata   0x00100e    program   0x000000
.romdata_usb_function_hid.o    romdata   0x00100e    program   0x000000
.idata_usb_function_hid.o_i    romdata   0x00100e    program   0x000000
    .romdata_usb_device.o    romdata   0x00100e    program   0x000000
    .idata_usb_device.o_i    romdata   0x00100e    program   0x000000
.romdata_Internal Flash.o    romdata   0x00100e    program   0x000000
   .idata_LCDBlocking.o_i    romdata   0x00100e    program   0x000000
   .romdata_LCDBlocking.o    romdata   0x00100e    program   0x000000
     .idata_TimeDelay.o_i    romdata   0x00100e    program   0x000000
     .romdata_TimeDelay.o    romdata   0x00100e    program   0x000000
          .idata_MSPI.o_i    romdata   0x00100e    program   0x000000
          .romdata_MSPI.o    romdata   0x00100e    program   0x000000
       .idata_fxm3232.o_i    romdata   0x00100e    program   0x000000
       .romdata_fxm3232.o    romdata   0x00100e    program   0x000000
        .idata___init.o_i    romdata   0x00100e    program   0x000000
        .romdata___init.o    romdata   0x00100e    program   0x000000
       .idata_pow2x16.o_i    romdata   0x00100e    program   0x000000
       .romdata_pow2x16.o    romdata   0x00100e    program   0x000000
         .romdata_Files.o    romdata   0x00100e    program   0x000000
         .idata_c018i.o_i    romdata   0x00100e    program   0x000000
         .romdata_c018i.o    romdata   0x00100e    program   0x000000
.idata_usb_descriptors.o_i    romdata   0x00100e    program   0x000000
.idata_Internal Flash.o_i    romdata   0x001011    program   0x000003
            .code_Files.o       code   0x001014    program   0x000000
         .idata_Files.o_i    romdata   0x001014    program   0x000000
  .code_usb_descriptors.o       code   0x001014    program   0x000000
            .code_c018i.o       code   0x001014    program   0x000000
REMAPPED_LOW_INTERRUPT_VECTOR       code   0x001018    program   0x000006
                   .cinit    romdata   0x00101e    program   0x000026
 .code_usb_function_msd.o       code   0x001044    program   0x000fa8
                    Files    romdata   0x002000    program   0x008000
       .code_usb_device.o       code   0x00a000    program   0x0013c2
             .code_main.o       code   0x00b3c2    program   0x0009a0
   .code_Internal Flash.o       code   0x00bd62    program   0x00046a
      .code_LCDBlocking.o       code   0x00c1cc    program   0x00034a
              .code_LCD.o       code   0x00c516    program   0x0002ce
             .code_RTCC.o       code   0x00c7e4    program   0x000272
        .code_TimeDelay.o       code   0x00ca56    program   0x000224
                   STRING       code   0x00cc7a    program   0x00015e
.romdata_usb_descriptors.o    romdata   0x00cdd8    program   0x0000f5
 .code_usb_function_hid.o       code   0x00cece    program   0x0000e0
          .romdata_main.o    romdata   0x00cfae    program   0x0000c3
             .code_MSPI.o       code   0x00d072    program   0x0000aa
               _cinit_scn       code   0x00d11c    program   0x00009e
                     PROG       code   0x00d1ba    program   0x000092
          .code_fxm3232.o       code   0x00d24c    program   0x000070
             .stringtable    romdata   0x00d2bc    program   0x000021
                    .code       code   0x00d2de    program   0x000020
             _startup_scn       code   0x00d2fe    program   0x00001c
          .code_pow2x16.o       code   0x00d31a    program   0x000016
          .idata_main.o_i    romdata   0x00d330    program   0x000020
     .config_1fff0_main.o    romdata   0x01fff0    program   0x000001
     .config_1fff1_main.o    romdata   0x01fff1    program   0x000001
     .config_1fff2_main.o    romdata   0x01fff2    program   0x000001
     .config_1fff3_main.o    romdata   0x01fff3    program   0x000001
     .config_1fff4_main.o    romdata   0x01fff4    program   0x000001
     .config_1fff7_main.o    romdata   0x01fff7    program   0x000001
     .config_1fff9_main.o    romdata   0x01fff9    program   0x000001
     .config_1fffa_main.o    romdata   0x01fffa    program   0x000001
     .config_1fffb_main.o    romdata   0x01fffb    program   0x000001
     .config_1fffc_main.o    romdata   0x01fffc    program   0x000001
                MATH_DATA      udata   0x000000       data   0x000014
                 .tmpdata      udata   0x000014       data   0x000007
      .udata_usb_device.o      udata   0x000060       data   0x000036
     .udata_LCDBlocking.o      udata   0x000096       data   0x000021
            .idata_main.o      idata   0x0000b7       data   0x000020
                  USB_BDT      udata   0x000100       data   0x00006c
                 USB_VARS      udata   0x00016c       data   0x000080
           .udata_c018i.o      udata   0x0001ec       data   0x00000a
             .idata_LCD.o      idata   0x0001f6       data   0x000003
  .idata_Internal Flash.o      idata   0x0001f9       data   0x000003
.udata_usb_function_hid.o      udata   0x0001fc       data   0x000002
              temp_tblptr      udata   0x0001fe       data   0x000001
         .idata_fxm3232.o      idata   0x0001ff       data   0x000000
         .udata_fxm3232.o      udata   0x0001ff       data   0x000000
          .udata___init.o      udata   0x0001ff       data   0x000000
            .idata_MSPI.o      idata   0x0001ff       data   0x000000
          .idata___init.o      idata   0x0001ff       data   0x000000
            .udata_MSPI.o      udata   0x0001ff       data   0x000000
       .idata_TimeDelay.o      idata   0x0001ff       data   0x000000
       .udata_TimeDelay.o      udata   0x0001ff       data   0x000000
     .idata_LCDBlocking.o      idata   0x0001ff       data   0x000000
         .udata_pow2x16.o      udata   0x0001ff       data   0x000000
         .idata_pow2x16.o      idata   0x0001ff       data   0x000000
             .udata_LCD.o      udata   0x0001ff       data   0x000000
            .idata_RTCC.o      idata   0x0001ff       data   0x000000
            .udata_RTCC.o      udata   0x0001ff       data   0x000000
.idata_usb_function_msd.o      idata   0x0001ff       data   0x000000
.idata_usb_function_hid.o      idata   0x0001ff       data   0x000000
      .idata_usb_device.o      idata   0x0001ff       data   0x000000
           .idata_c018i.o      idata   0x0001ff       data   0x000000
 .udata_usb_descriptors.o      udata   0x0001ff       data   0x000000
 .idata_usb_descriptors.o      idata   0x0001ff       data   0x000000
           .udata_Files.o      udata   0x0001ff       data   0x000000
           .idata_Files.o      idata   0x0001ff       data   0x000000
                    myMSD      udata   0x000600       data   0x000200
             myFileBuffer      udata   0x000800       data   0x000200
                   .stack      udata   0x000c00       data   0x000100
            .udata_main.o      udata   0x000d00       data   0x0000a8
.udata_usb_function_msd.o      udata   0x000da8       data   0x000052
  .udata_Internal Flash.o      udata   0x000dfa       data   0x000005
              SFR_BANKED0      udata   0x000dff       data   0x000001
              SFR_BANKED1      udata   0x000e00       data   0x0000e4
              SFR_BANKED2      udata   0x000eea       data   0x000016
              SFR_BANKED3      udata   0x000f00       data   0x000060
            SFR_UNBANKED0      udata   0x000f60       data   0x0000a0



                              Program Memory Usage 
                               Start         End      
                           ---------   ---------      
                            0x000000    0x000005      
                            0x000008    0x00000d      
                            0x000018    0x00001d      
                            0x001000    0x001013      
                            0x001018    0x001feb      
                            0x002000    0x00cecc      
                            0x00cece    0x00d070      
                            0x00d072    0x00d2dc      
                            0x00d2de    0x00d34f      
                            0x01fff0    0x01fff4      
                            0x01fff7    0x01fff7      
                            0x01fff9    0x01fffc      
            50001 out of 131074 program addresses used, program memory utilization is 38%



                              Symbols - Sorted by Name
                     Name    Address   Location    Storage File                     
                ---------  ---------  ---------  --------- ---------                
                  BanrPGM   0x00cfd2    program     extern C:\SVN\APPS\mla\branches\App Libs v2012-10\Microchip Solutions\USB\Precompiled Demos\PIC18F97J94 PIM Family\Firmware\main.c
           BlinkUSBStatus   0x00bb30    program     extern C:\SVN\APPS\mla\branches\App Libs v2012-10\Microchip Solutions\USB\Precompiled Demos\PIC18F97J94 PIM Family\Firmware\main.c
               BootSector   0x002200    program     extern C:\SVN\APPS\mla\branches\App Libs v2012-10\Microchip Solutions\USB\Precompiled Demos\PIC18F97J94 PIM Family\Firmware\Files.c
                Delay10us   0x00ca56    program     extern C:\SVN\APPS\mla\branches\App Libs v2012-10\Microchip Solutions\Microchip\Common\TimeDelay.c
                  DelayMs   0x00cb6c    program     extern C:\SVN\APPS\mla\branches\App Libs v2012-10\Microchip Solutions\Microchip\Common\TimeDelay.c
              DisplayDate   0x00c5f4    program     extern C:\SVN\APPS\mla\branches\App Libs v2012-10\Microchip Solutions\USB\Precompiled Demos\PIC18F97J94 PIM Family\Firmware\LCD.c
            DisplaySplash   0x00c7bc    program     extern C:\SVN\APPS\mla\branches\App Libs v2012-10\Microchip Solutions\USB\Precompiled Demos\PIC18F97J94 PIM Family\Firmware\LCD.c
              DisplayTime   0x00c6be    program     extern C:\SVN\APPS\mla\branches\App Libs v2012-10\Microchip Solutions\USB\Precompiled Demos\PIC18F97J94 PIM Family\Firmware\LCD.c
               EraseBlock   0x00c162    program     extern C:\SVN\APPS\mla\branches\App Libs v2012-10\Microchip Solutions\Microchip\MDD File System\Internal Flash.c
                     FAT0   0x002400    program     extern C:\SVN\APPS\mla\branches\App Libs v2012-10\Microchip Solutions\USB\Precompiled Demos\PIC18F97J94 PIM Family\Firmware\Files.c
                 FXM2424U   0x00d1ba    program     extern D:\3.43\pic18-lt\cxx-framework\src\traditional\math\fxm2424u.asm
                  FXM3232   0x00d24c    program     extern D:\3.43\pic18-lt\cxx-framework\src\traditional\math\fxm3232.c
           Get_RTCC_Value   0x00c996    program     extern C:\SVN\APPS\mla\branches\App Libs v2012-10\Microchip Solutions\USB\Precompiled Demos\PIC18F97J94 PIM Family\Firmware\RTCC.c
                 High_ISR   0x000008    program     extern C:\SVN\APPS\mla\branches\App Libs v2012-10\Microchip Solutions\USB\Precompiled Demos\PIC18F97J94 PIM Family\Firmware\main.c
         InitializeSystem   0x00b652    program     static C:\SVN\APPS\mla\branches\App Libs v2012-10\Microchip Solutions\USB\Precompiled Demos\PIC18F97J94 PIM Family\Firmware\main.c
                 LCDErase   0x00c4e2    program     extern C:\SVN\APPS\mla\branches\App Libs v2012-10\Microchip Solutions\USB\Precompiled Demos\PIC18F97J94 PIM Family\Firmware\LCDBlocking.c
                  LCDInit   0x00c3bc    program     extern C:\SVN\APPS\mla\branches\App Libs v2012-10\Microchip Solutions\USB\Precompiled Demos\PIC18F97J94 PIM Family\Firmware\LCDBlocking.c
             LCDInitPortA   0x00c1d4    program     extern C:\SVN\APPS\mla\branches\App Libs v2012-10\Microchip Solutions\USB\Precompiled Demos\PIC18F97J94 PIM Family\Firmware\LCDBlocking.c
             LCDInitPortB   0x00c1f4    program     extern C:\SVN\APPS\mla\branches\App Libs v2012-10\Microchip Solutions\USB\Precompiled Demos\PIC18F97J94 PIM Family\Firmware\LCDBlocking.c
               LCDInitSPI   0x00c1cc    program     extern C:\SVN\APPS\mla\branches\App Libs v2012-10\Microchip Solutions\USB\Precompiled Demos\PIC18F97J94 PIM Family\Firmware\LCDBlocking.c
             LCDInitWrite   0x00c27e    program     extern C:\SVN\APPS\mla\branches\App Libs v2012-10\Microchip Solutions\USB\Precompiled Demos\PIC18F97J94 PIM Family\Firmware\LCDBlocking.c
                LCDSetAll   0x00c7e0    program     extern C:\SVN\APPS\mla\branches\App Libs v2012-10\Microchip Solutions\USB\Precompiled Demos\PIC18F97J94 PIM Family\Firmware\LCD.c
   LCDToggleSpecialPixels   0x00c7e2    program     extern C:\SVN\APPS\mla\branches\App Libs v2012-10\Microchip Solutions\USB\Precompiled Demos\PIC18F97J94 PIM Family\Firmware\LCD.c
                LCDUpdate   0x00c448    program     extern C:\SVN\APPS\mla\branches\App Libs v2012-10\Microchip Solutions\USB\Precompiled Demos\PIC18F97J94 PIM Family\Firmware\LCDBlocking.c
            LCDWritePortA   0x00c216    program     extern C:\SVN\APPS\mla\branches\App Libs v2012-10\Microchip Solutions\USB\Precompiled Demos\PIC18F97J94 PIM Family\Firmware\LCDBlocking.c
            LCDWritePortB   0x00c24a    program     extern C:\SVN\APPS\mla\branches\App Libs v2012-10\Microchip Solutions\USB\Precompiled Demos\PIC18F97J94 PIM Family\Firmware\LCDBlocking.c
              LCD_d_write   0x00c34e    program     extern C:\SVN\APPS\mla\branches\App Libs v2012-10\Microchip Solutions\USB\Precompiled Demos\PIC18F97J94 PIM Family\Firmware\LCDBlocking.c
              LCD_i_write   0x00c2e0    program     extern C:\SVN\APPS\mla\branches\App Libs v2012-10\Microchip Solutions\USB\Precompiled Demos\PIC18F97J94 PIM Family\Firmware\LCDBlocking.c
                  Low_ISR   0x000018    program     extern C:\SVN\APPS\mla\branches\App Libs v2012-10\Microchip Solutions\USB\Precompiled Demos\PIC18F97J94 PIM Family\Firmware\main.c
      MDD_IntFlash_InitIO   0x00bd80    program     extern C:\SVN\APPS\mla\branches\App Libs v2012-10\Microchip Solutions\Microchip\MDD File System\Internal Flash.c
 MDD_IntFlash_MediaDetect   0x00bd62    program     extern C:\SVN\APPS\mla\branches\App Libs v2012-10\Microchip Solutions\Microchip\MDD File System\Internal Flash.c
MDD_IntFlash_MediaInitialize   0x00bd86    program     extern C:\SVN\APPS\mla\branches\App Libs v2012-10\Microchip Solutions\Microchip\MDD File System\Internal Flash.c
MDD_IntFlash_ReadCapacity   0x00bd72    program     extern C:\SVN\APPS\mla\branches\App Libs v2012-10\Microchip Solutions\Microchip\MDD File System\Internal Flash.c
MDD_IntFlash_ReadSectorSize   0x00bd68    program     extern C:\SVN\APPS\mla\branches\App Libs v2012-10\Microchip Solutions\Microchip\MDD File System\Internal Flash.c
  MDD_IntFlash_SectorRead   0x00bda6    program     extern C:\SVN\APPS\mla\branches\App Libs v2012-10\Microchip Solutions\Microchip\MDD File System\Internal Flash.c
 MDD_IntFlash_SectorWrite   0x00be4a    program     extern C:\SVN\APPS\mla\branches\App Libs v2012-10\Microchip Solutions\Microchip\MDD File System\Internal Flash.c
MDD_IntFlash_WriteProtectState   0x00c1c6    program     extern C:\SVN\APPS\mla\branches\App Libs v2012-10\Microchip Solutions\Microchip\MDD File System\Internal Flash.c
    MSDCheckForErrorCases   0x001d70    program     extern C:\SVN\APPS\mla\branches\App Libs v2012-10\Microchip Solutions\Microchip\USB\MSD Device Driver\usb_function_msd.c
MSDComputeDeviceInAndResidue   0x00184a    program     static C:\SVN\APPS\mla\branches\App Libs v2012-10\Microchip Solutions\Microchip\USB\MSD Device Driver\usb_function_msd.c
          MSDErrorHandler   0x001ebe    program     extern C:\SVN\APPS\mla\branches\App Libs v2012-10\Microchip Solutions\Microchip\USB\MSD Device Driver\usb_function_msd.c
        MSDProcessCommand   0x0013fc    program     extern C:\SVN\APPS\mla\branches\App Libs v2012-10\Microchip Solutions\Microchip\USB\MSD Device Driver\usb_function_msd.c
MSDProcessCommandMediaAbsent   0x00149c    program     extern C:\SVN\APPS\mla\branches\App Libs v2012-10\Microchip Solutions\Microchip\USB\MSD Device Driver\usb_function_msd.c
MSDProcessCommandMediaPresent   0x0014ee    program     extern C:\SVN\APPS\mla\branches\App Libs v2012-10\Microchip Solutions\Microchip\USB\MSD Device Driver\usb_function_msd.c
           MSDReadHandler   0x0018e2    program     extern C:\SVN\APPS\mla\branches\App Libs v2012-10\Microchip Solutions\Microchip\USB\MSD Device Driver\usb_function_msd.c
                 MSDTasks   0x00119a    program     extern C:\SVN\APPS\mla\branches\App Libs v2012-10\Microchip Solutions\Microchip\USB\MSD Device Driver\usb_function_msd.c
          MSDWriteHandler   0x001abe    program     extern C:\SVN\APPS\mla\branches\App Libs v2012-10\Microchip Solutions\Microchip\USB\MSD Device Driver\usb_function_msd.c
         MasterBootRecord   0x002000    program     extern C:\SVN\APPS\mla\branches\App Libs v2012-10\Microchip Solutions\USB\Precompiled Demos\PIC18F97J94 PIM Family\Firmware\Files.c
                ProcessIO   0x00b784    program     extern C:\SVN\APPS\mla\branches\App Libs v2012-10\Microchip Solutions\USB\Precompiled Demos\PIC18F97J94 PIM Family\Firmware\main.c
                RTCC_Init   0x00c7e4    program     extern C:\SVN\APPS\mla\branches\App Libs v2012-10\Microchip Solutions\USB\Precompiled Demos\PIC18F97J94 PIM Family\Firmware\RTCC.c
                  ReadPOT   0x00baee    program     extern C:\SVN\APPS\mla\branches\App Libs v2012-10\Microchip Solutions\USB\Precompiled Demos\PIC18F97J94 PIM Family\Firmware\main.c
        Remapped_High_ISR   0x001008    program     extern C:\SVN\APPS\mla\branches\App Libs v2012-10\Microchip Solutions\USB\Precompiled Demos\PIC18F97J94 PIM Family\Firmware\main.c
         Remapped_Low_ISR   0x001018    program     extern C:\SVN\APPS\mla\branches\App Libs v2012-10\Microchip Solutions\USB\Precompiled Demos\PIC18F97J94 PIM Family\Firmware\main.c
           ResetSenseData   0x001d2c    program     extern C:\SVN\APPS\mla\branches\App Libs v2012-10\Microchip Solutions\Microchip\USB\MSD Device Driver\usb_function_msd.c
           RootDirectory0   0x002600    program     extern C:\SVN\APPS\mla\branches\App Libs v2012-10\Microchip Solutions\USB\Precompiled Demos\PIC18F97J94 PIM Family\Firmware\Files.c
                   SPIGet   0x00d0c0    program     extern C:\SVN\APPS\mla\branches\App Libs v2012-10\Microchip Solutions\USB\Precompiled Demos\PIC18F97J94 PIM Family\Firmware\MSPI.c
                   SPIPut   0x00d072    program     extern C:\SVN\APPS\mla\branches\App Libs v2012-10\Microchip Solutions\USB\Precompiled Demos\PIC18F97J94 PIM Family\Firmware\MSPI.c
           Set_RTCC_Value   0x00c8c6    program     extern C:\SVN\APPS\mla\branches\App Libs v2012-10\Microchip Solutions\USB\Precompiled Demos\PIC18F97J94 PIM Family\Firmware\RTCC.c
       USBCBCheckOtherReq   0x00bbc4    program     extern C:\SVN\APPS\mla\branches\App Libs v2012-10\Microchip Solutions\USB\Precompiled Demos\PIC18F97J94 PIM Family\Firmware\main.c
        USBCBErrorHandler   0x00bbc2    program     extern C:\SVN\APPS\mla\branches\App Libs v2012-10\Microchip Solutions\USB\Precompiled Demos\PIC18F97J94 PIM Family\Firmware\main.c
              USBCBInitEP   0x00bbce    program     extern C:\SVN\APPS\mla\branches\App Libs v2012-10\Microchip Solutions\USB\Precompiled Demos\PIC18F97J94 PIM Family\Firmware\main.c
          USBCBSendResume   0x00bc18    program     extern C:\SVN\APPS\mla\branches\App Libs v2012-10\Microchip Solutions\USB\Precompiled Demos\PIC18F97J94 PIM Family\Firmware\main.c
    USBCBStdSetDscHandler   0x00bbcc    program     extern C:\SVN\APPS\mla\branches\App Libs v2012-10\Microchip Solutions\USB\Precompiled Demos\PIC18F97J94 PIM Family\Firmware\main.c
             USBCBSuspend   0x00bbbc    program     extern C:\SVN\APPS\mla\branches\App Libs v2012-10\Microchip Solutions\USB\Precompiled Demos\PIC18F97J94 PIM Family\Firmware\main.c
     USBCBWakeFromSuspend   0x00bbbe    program     extern C:\SVN\APPS\mla\branches\App Libs v2012-10\Microchip Solutions\USB\Precompiled Demos\PIC18F97J94 PIM Family\Firmware\main.c
        USBCB_SOF_Handler   0x00bbc0    program     extern C:\SVN\APPS\mla\branches\App Libs v2012-10\Microchip Solutions\USB\Precompiled Demos\PIC18F97J94 PIM Family\Firmware\main.c
              USBCancelIO   0x00a4f4    program     extern C:\SVN\APPS\mla\branches\App Libs v2012-10\Microchip Solutions\Microchip\USB\usb_device.c
       USBCheckHIDRequest   0x00cece    program     extern C:\SVN\APPS\mla\branches\App Libs v2012-10\Microchip Solutions\Microchip\USB\HID Device Driver\usb_function_hid.c
       USBCheckMSDRequest   0x0010e4    program     extern C:\SVN\APPS\mla\branches\App Libs v2012-10\Microchip Solutions\Microchip\USB\MSD Device Driver\usb_function_msd.c
       USBCheckStdRequest   0x00b06c    program     static C:\SVN\APPS\mla\branches\App Libs v2012-10\Microchip Solutions\Microchip\USB\usb_device.c
     USBConfigureEndpoint   0x00a704    program     static C:\SVN\APPS\mla\branches\App Libs v2012-10\Microchip Solutions\Microchip\USB\usb_device.c
  USBCtrlEPAllowDataStage   0x00a684    program     extern C:\SVN\APPS\mla\branches\App Libs v2012-10\Microchip Solutions\Microchip\USB\usb_device.c
USBCtrlEPAllowStatusStage   0x00a5e2    program     extern C:\SVN\APPS\mla\branches\App Libs v2012-10\Microchip Solutions\Microchip\USB\usb_device.c
         USBCtrlEPService   0x00ae3a    program     static C:\SVN\APPS\mla\branches\App Libs v2012-10\Microchip Solutions\Microchip\USB\usb_device.c
 USBCtrlEPServiceComplete   0x00a7be    program     static C:\SVN\APPS\mla\branches\App Libs v2012-10\Microchip Solutions\Microchip\USB\usb_device.c
      USBCtrlTrfInHandler   0x00afb2    program     static C:\SVN\APPS\mla\branches\App Libs v2012-10\Microchip Solutions\Microchip\USB\usb_device.c
     USBCtrlTrfOutHandler   0x00af68    program     static C:\SVN\APPS\mla\branches\App Libs v2012-10\Microchip Solutions\Microchip\USB\usb_device.c
      USBCtrlTrfRxService   0x00a94a    program     static C:\SVN\APPS\mla\branches\App Libs v2012-10\Microchip Solutions\Microchip\USB\usb_device.c
   USBCtrlTrfSetupHandler   0x00af0a    program     static C:\SVN\APPS\mla\branches\App Libs v2012-10\Microchip Solutions\Microchip\USB\usb_device.c
      USBCtrlTrfTxService   0x00a880    program     static C:\SVN\APPS\mla\branches\App Libs v2012-10\Microchip Solutions\Microchip\USB\usb_device.c
          USBDeviceAttach   0x00a5b2    program     extern C:\SVN\APPS\mla\branches\App Libs v2012-10\Microchip Solutions\Microchip\USB\usb_device.c
          USBDeviceDetach   0x00a5a4    program     extern C:\SVN\APPS\mla\branches\App Libs v2012-10\Microchip Solutions\Microchip\USB\usb_device.c
            USBDeviceInit   0x00a000    program     extern C:\SVN\APPS\mla\branches\App Libs v2012-10\Microchip Solutions\Microchip\USB\usb_device.c
           USBDeviceTasks   0x00a11e    program     extern C:\SVN\APPS\mla\branches\App Libs v2012-10\Microchip Solutions\Microchip\USB\usb_device.c
        USBEnableEndpoint   0x00a2a0    program     extern C:\SVN\APPS\mla\branches\App Libs v2012-10\Microchip Solutions\Microchip\USB\usb_device.c
               USBMSDInit   0x001044    program     extern C:\SVN\APPS\mla\branches\App Libs v2012-10\Microchip Solutions\Microchip\USB\MSD Device Driver\usb_function_msd.c
         USBStallEndpoint   0x00a414    program     extern C:\SVN\APPS\mla\branches\App Libs v2012-10\Microchip Solutions\Microchip\USB\usb_device.c
          USBStallHandler   0x00adaa    program     static C:\SVN\APPS\mla\branches\App Libs v2012-10\Microchip Solutions\Microchip\USB\usb_device.c
  USBStdFeatureReqHandler   0x00b134    program     static C:\SVN\APPS\mla\branches\App Libs v2012-10\Microchip Solutions\Microchip\USB\usb_device.c
      USBStdGetDscHandler   0x00ab76    program     static C:\SVN\APPS\mla\branches\App Libs v2012-10\Microchip Solutions\Microchip\USB\usb_device.c
   USBStdGetStatusHandler   0x00acda    program     static C:\SVN\APPS\mla\branches\App Libs v2012-10\Microchip Solutions\Microchip\USB\usb_device.c
      USBStdSetCfgHandler   0x00aa90    program     static C:\SVN\APPS\mla\branches\App Libs v2012-10\Microchip Solutions\Microchip\USB\usb_device.c
               USBSuspend   0x00adde    program     static C:\SVN\APPS\mla\branches\App Libs v2012-10\Microchip Solutions\Microchip\USB\usb_device.c
     USBTransferOnePacket   0x00a30e    program     extern C:\SVN\APPS\mla\branches\App Libs v2012-10\Microchip Solutions\Microchip\USB\usb_device.c
       USBWakeFromSuspend   0x00ae0a    program     static C:\SVN\APPS\mla\branches\App Libs v2012-10\Microchip Solutions\Microchip\USB\usb_device.c
               USB_CD_Ptr   0x00cec1    program     extern C:\SVN\APPS\mla\branches\App Libs v2012-10\Microchip Solutions\USB\Precompiled Demos\PIC18F97J94 PIM Family\Firmware\usb_descriptors.c
               USB_SD_Ptr   0x00cec4    program     extern C:\SVN\APPS\mla\branches\App Libs v2012-10\Microchip Solutions\USB\Precompiled Demos\PIC18F97J94 PIM Family\Firmware\usb_descriptors.c
USER_USB_CALLBACK_EVENT_HANDLER   0x00bc60    program     extern C:\SVN\APPS\mla\branches\App Libs v2012-10\Microchip Solutions\USB\Precompiled Demos\PIC18F97J94 PIM Family\Firmware\main.c
        UnlockAndActivate   0x00c190    program     extern C:\SVN\APPS\mla\branches\App Libs v2012-10\Microchip Solutions\Microchip\MDD File System\Internal Flash.c
             UpdateBanner   0x00c516    program     extern C:\SVN\APPS\mla\branches\App Libs v2012-10\Microchip Solutions\USB\Precompiled Demos\PIC18F97J94 PIM Family\Firmware\LCD.c
                 UserInit   0x00b66c    program     extern C:\SVN\APPS\mla\branches\App Libs v2012-10\Microchip Solutions\USB\Precompiled Demos\PIC18F97J94 PIM Family\Firmware\main.c
  YourHighPriorityISRCode   0x00b3c2    program     extern C:\SVN\APPS\mla\branches\App Libs v2012-10\Microchip Solutions\USB\Precompiled Demos\PIC18F97J94 PIM Family\Firmware\main.c
   YourLowPriorityISRCode   0x00b468    program     extern C:\SVN\APPS\mla\branches\App Libs v2012-10\Microchip Solutions\USB\Precompiled Demos\PIC18F97J94 PIM Family\Firmware\main.c
              _2jContinue   0x00cd36    program     static D:\3.43\pic18-lt\cxx-framework\src\traditional\stdclib\memset.asm
              _3jContinue   0x00cd02    program     static D:\3.43\pic18-lt\cxx-framework\src\traditional\stdclib\mcpyp2r.asm
                   _3jEnd   0x00cd40    program     static D:\3.43\pic18-lt\cxx-framework\src\traditional\stdclib\memset.asm
              _4jContinue   0x00ccae    program     static D:\3.43\pic18-lt\cxx-framework\src\traditional\stdclib\memcpy.asm
              _4jContinue   0x00cdb0    program     static D:\3.43\pic18-lt\cxx-framework\src\traditional\stdclib\strncpy.asm
                   _4jEnd   0x00cd0c    program     static D:\3.43\pic18-lt\cxx-framework\src\traditional\stdclib\mcpyp2r.asm
                   _5jEnd   0x00cdba    program     static D:\3.43\pic18-lt\cxx-framework\src\traditional\stdclib\strncpy.asm
                   _5jEnd   0x00ccb8    program     static D:\3.43\pic18-lt\cxx-framework\src\traditional\stdclib\memcpy.asm
           ___do_lbl00006   0x00c2a2    program     static                          
           ___do_lbl00007   0x00c2aa    program     static                          
           ___do_lbl00008   0x00c29c    program     static                          
           ___do_lbl00009   0x00c2c8    program     static                          
           ___do_lbl00010   0x00c2d0    program     static                          
           ___do_lbl00011   0x00c2b6    program     static                          
           ___do_lbl00013   0x00c314    program     static                          
           ___do_lbl00014   0x00c31c    program     static                          
           ___do_lbl00015   0x00c30c    program     static                          
           ___do_lbl00016   0x00c334    program     static                          
           ___do_lbl00017   0x00c33c    program     static                          
           ___do_lbl00018   0x00c328    program     static                          
           ___do_lbl00020   0x00c384    program     static                          
           ___do_lbl00021   0x00c38c    program     static                          
           ___do_lbl00022   0x00c37c    program     static                          
           ___do_lbl00023   0x00c3a4    program     static                          
           ___do_lbl00024   0x00c3ac    program     static                          
           ___do_lbl00025   0x00c398    program     static                          
         ___else_lbl00004   0x00cb0c    program     static                          
         ___else_lbl00006   0x00ca66    program     static                          
         ___else_lbl00008   0x00c6f0    program     static                          
         ___else_lbl00011   0x00cc1a    program     static                          
         ___else_lbl00017   0x00b58e    program     static                          
          ___for_lbl00011   0x00bf9a    program     static                          
          ___for_lbl00012   0x00bfa6    program     static                          
          ___for_lbl00014   0x00bef8    program     static                          
          ___for_lbl00017   0x00c11a    program     static                          
          ___for_lbl00018   0x00c126    program     static                          
          ___for_lbl00019   0x00c0e2    program     static                          
           ___if_lbl00003   0x00cb58    program     static                          
           ___if_lbl00005   0x00cb58    program     static                          
           ___if_lbl00007   0x00c70e    program     static                          
           ___if_lbl00008   0x00be78    program     static                          
           ___if_lbl00010   0x00cc66    program     static                          
           ___if_lbl00011   0x00b4c6    program     static                          
           ___if_lbl00013   0x00bf90    program     static                          
           ___if_lbl00015   0x00b58c    program     static                          
           ___if_lbl00016   0x00b5c4    program     static                          
           ___if_lbl00018   0x00b5c4    program     static                          
           ___if_lbl00019   0x00b5f0    program     static                          
           ___if_lbl00020   0x00b5f0    program     static                          
           ___if_lbl00020   0x00c144    program     static                          
           ___if_lbl00021   0x00b61c    program     static                          
           ___if_lbl00022   0x00b61c    program     static                          
           ___if_lbl00023   0x00b63c    program     static                          
           ___if_lbl00024   0x00b63c    program     static                          
           ___if_lbl00025   0x00b63c    program     static                          
       ___return_lbl00000   0x00cb58    program     static                          
       ___return_lbl00000   0x000004    program     static                          
       ___return_lbl00000   0x00d32e    program     static                          
       ___return_lbl00000   0x00d2ba    program     static                          
       ___return_lbl00000   0x001004    program     static                          
       ___return_lbl00001   0x00100c    program     static                          
       ___return_lbl00001   0x00d318    program     static                          
       ___return_lbl00002   0x00101c    program     static                          
       ___return_lbl00002   0x00d1b8    program     static                          
       ___return_lbl00003   0x00000c    program     static                          
       ___return_lbl00004   0x00001c    program     static                          
       ___return_lbl00005   0x00c2d6    program     static                          
       ___return_lbl00006   0x00c7b4    program     static                          
       ___return_lbl00007   0x00cc66    program     static                          
       ___return_lbl00007   0x00c14a    program     static                          
       ___return_lbl00008   0x00b63e    program     static                          
       ___return_lbl00012   0x00c344    program     static                          
       ___return_lbl00019   0x00c3b2    program     static                          
        ___while_lbl00001   0x00cb0c    program     static                          
        ___while_lbl00002   0x00cb58    program     static                          
        ___while_lbl00008   0x00cc1a    program     static                          
        ___while_lbl00009   0x00b4c4    program     static                          
        ___while_lbl00009   0x00bed4    program     static                          
        ___while_lbl00009   0x00cc66    program     static                          
        ___while_lbl00010   0x00c146    program     static                          
        ___while_lbl00010   0x00b4c6    program     static                          
        ___while_lbl00012   0x00b4d0    program     static                          
        ___while_lbl00013   0x00b63e    program     static                          
        ___while_lbl00015   0x00c0cc    program     static                          
        ___while_lbl00016   0x00c144    program     static                          
               __config_0   0x01fff0    program     static C:\SVN\APPS\mla\branches\App Libs v2012-10\Microchip Solutions\USB\Precompiled Demos\PIC18F97J94 PIM Family\Firmware\main.c
               __config_1   0x01fff1    program     static C:\SVN\APPS\mla\branches\App Libs v2012-10\Microchip Solutions\USB\Precompiled Demos\PIC18F97J94 PIM Family\Firmware\main.c
               __config_2   0x01fff2    program     static C:\SVN\APPS\mla\branches\App Libs v2012-10\Microchip Solutions\USB\Precompiled Demos\PIC18F97J94 PIM Family\Firmware\main.c
               __config_3   0x01fff3    program     static C:\SVN\APPS\mla\branches\App Libs v2012-10\Microchip Solutions\USB\Precompiled Demos\PIC18F97J94 PIM Family\Firmware\main.c
               __config_4   0x01fff4    program     static C:\SVN\APPS\mla\branches\App Libs v2012-10\Microchip Solutions\USB\Precompiled Demos\PIC18F97J94 PIM Family\Firmware\main.c
               __config_5   0x01fff7    program     static C:\SVN\APPS\mla\branches\App Libs v2012-10\Microchip Solutions\USB\Precompiled Demos\PIC18F97J94 PIM Family\Firmware\main.c
               __config_6   0x01fff9    program     static C:\SVN\APPS\mla\branches\App Libs v2012-10\Microchip Solutions\USB\Precompiled Demos\PIC18F97J94 PIM Family\Firmware\main.c
               __config_7   0x01fffa    program     static C:\SVN\APPS\mla\branches\App Libs v2012-10\Microchip Solutions\USB\Precompiled Demos\PIC18F97J94 PIM Family\Firmware\main.c
               __config_8   0x01fffb    program     static C:\SVN\APPS\mla\branches\App Libs v2012-10\Microchip Solutions\USB\Precompiled Demos\PIC18F97J94 PIM Family\Firmware\main.c
               __config_9   0x01fffc    program     static C:\SVN\APPS\mla\branches\App Libs v2012-10\Microchip Solutions\USB\Precompiled Demos\PIC18F97J94 PIM Family\Firmware\main.c
                   __init   0x001006    program     extern D:\3.43\pic18-lt\cxx-framework\src\traditional\stdclib\__init.c
               __string_0   0x00d2bc    program     static C:\SVN\APPS\mla\branches\App Libs v2012-10\Microchip Solutions\USB\Precompiled Demos\PIC18F97J94 PIM Family\Firmware\LCD.c
               __tmplbl_0   0x00b588    program     static                          
               __tmplbl_0   0x00cb08    program     static                          
               __tmplbl_1   0x00b570    program     static                          
               __tmplbl_1   0x00cb3a    program     static                          
               __tmplbl_1   0x00be72    program     static                          
              __tmplbl_16   0x00b4fe    program     static                          
              __tmplbl_17   0x00b580    program     static                          
               __tmplbl_2   0x00cc14    program     static                          
               __tmplbl_3   0x00cc48    program     static                          
            __zero_memory   0x00d2de    program     extern D:\3.43\pic18-lt\cxx-framework\src\traditional\proc\p18f87j94.asm
                _do_cinit   0x00d11c    program     extern D:\3.43\pic18-lt\cxx-framework\src\traditional\startup\c018i.c
                   _entry   0x000000    program     extern D:\3.43\pic18-lt\cxx-framework\src\traditional\startup\c018i.c
                   _reset   0x001000    program     extern C:\SVN\APPS\mla\branches\App Libs v2012-10\Microchip Solutions\USB\Precompiled Demos\PIC18F97J94 PIM Family\Firmware\main.c
                 _startup   0x00d2fe    program     extern D:\3.43\pic18-lt\cxx-framework\src\traditional\startup\c018i.c
                compare_l   0x00d2f4    program     static D:\3.43\pic18-lt\cxx-framework\src\traditional\proc\p18f87j94.asm
        configDescriptor1   0x00cdea    program     extern C:\SVN\APPS\mla\branches\App Libs v2012-10\Microchip Solutions\USB\Precompiled Demos\PIC18F97J94 PIM Family\Firmware\usb_descriptors.c
                copy_loop   0x00d18e    program     static                          
            copy_one_byte   0x00d194    program     static                          
               device_dsc   0x00cdd8    program     extern C:\SVN\APPS\mla\branches\App Libs v2012-10\Microchip Solutions\USB\Precompiled Demos\PIC18F97J94 PIM Family\Firmware\usb_descriptors.c
                     done   0x00d1b8    program     static                          
             done_copying   0x00d1a2    program     static                          
                hid_rpt01   0x00ce2a    program     extern C:\SVN\APPS\mla\branches\App Libs v2012-10\Microchip Solutions\USB\Precompiled Demos\PIC18F97J94 PIM Family\Firmware\usb_descriptors.c
                 inq_resp   0x00cfae    program     extern C:\SVN\APPS\mla\branches\App Libs v2012-10\Microchip Solutions\USB\Precompiled Demos\PIC18F97J94 PIM Family\Firmware\main.c
                     jEnd   0x00ccbe    program     static D:\3.43\pic18-lt\cxx-framework\src\traditional\stdclib\memcpy.asm
                     jEnd   0x00cdc6    program     static D:\3.43\pic18-lt\cxx-framework\src\traditional\stdclib\strncpy.asm
                     jEnd   0x00cd7a    program     static D:\3.43\pic18-lt\cxx-framework\src\traditional\stdclib\scpyp2r.asm
                     jEnd   0x00cd48    program     static D:\3.43\pic18-lt\cxx-framework\src\traditional\stdclib\memset.asm
                     jEnd   0x00cd14    program     static D:\3.43\pic18-lt\cxx-framework\src\traditional\stdclib\mcpyp2r.asm
                    jLoop   0x00cd2a    program     static D:\3.43\pic18-lt\cxx-framework\src\traditional\stdclib\memset.asm
                    jLoop   0x00ccf6    program     static D:\3.43\pic18-lt\cxx-framework\src\traditional\stdclib\mcpyp2r.asm
                    jLoop   0x00cca2    program     static D:\3.43\pic18-lt\cxx-framework\src\traditional\stdclib\memcpy.asm
                    jLoop   0x00cd70    program     static D:\3.43\pic18-lt\cxx-framework\src\traditional\stdclib\scpyp2r.asm
                    jLoop   0x00cda4    program     static D:\3.43\pic18-lt\cxx-framework\src\traditional\stdclib\strncpy.asm
                     loop   0x00d30e    program     static                          
                   loop_h   0x00d2ec    program     static D:\3.43\pic18-lt\cxx-framework\src\traditional\proc\p18f87j94.asm
                   loop_l   0x00d2f6    program     static D:\3.43\pic18-lt\cxx-framework\src\traditional\proc\p18f87j94.asm
                     main   0x00b49a    program     extern C:\SVN\APPS\mla\branches\App Libs v2012-10\Microchip Solutions\USB\Precompiled Demos\PIC18F97J94 PIM Family\Firmware\main.c
                   memcpy   0x00cc7a    program     extern D:\3.43\pic18-lt\cxx-framework\src\traditional\stdclib\memcpy.asm
            memcpypgm2ram   0x00ccd0    program     extern D:\3.43\pic18-lt\cxx-framework\src\traditional\stdclib\mcpyp2r.asm
                   memset   0x00cd16    program     extern D:\3.43\pic18-lt\cxx-framework\src\traditional\stdclib\memset.asm
                  pow2x16   0x00d31a    program     extern D:\3.43\pic18-lt\cxx-framework\src\traditional\math\pow2x16.c
                    sd000   0x00ce47    program     extern C:\SVN\APPS\mla\branches\App Libs v2012-10\Microchip Solutions\USB\Precompiled Demos\PIC18F97J94 PIM Family\Firmware\usb_descriptors.c
                    sd001   0x00ce4b    program     extern C:\SVN\APPS\mla\branches\App Libs v2012-10\Microchip Solutions\USB\Precompiled Demos\PIC18F97J94 PIM Family\Firmware\usb_descriptors.c
                    sd002   0x00ce7f    program     extern C:\SVN\APPS\mla\branches\App Libs v2012-10\Microchip Solutions\USB\Precompiled Demos\PIC18F97J94 PIM Family\Firmware\usb_descriptors.c
                   slack0   0x002800    program     extern C:\SVN\APPS\mla\branches\App Libs v2012-10\Microchip Solutions\USB\Precompiled Demos\PIC18F97J94 PIM Family\Firmware\Files.c
                   slack1   0x002a00    program     extern C:\SVN\APPS\mla\branches\App Libs v2012-10\Microchip Solutions\USB\Precompiled Demos\PIC18F97J94 PIM Family\Firmware\Files.c
                  slack10   0x003c00    program     extern C:\SVN\APPS\mla\branches\App Libs v2012-10\Microchip Solutions\USB\Precompiled Demos\PIC18F97J94 PIM Family\Firmware\Files.c
                  slack11   0x003e00    program     extern C:\SVN\APPS\mla\branches\App Libs v2012-10\Microchip Solutions\USB\Precompiled Demos\PIC18F97J94 PIM Family\Firmware\Files.c
                  slack12   0x004000    program     extern C:\SVN\APPS\mla\branches\App Libs v2012-10\Microchip Solutions\USB\Precompiled Demos\PIC18F97J94 PIM Family\Firmware\Files.c
                  slack13   0x004200    program     extern C:\SVN\APPS\mla\branches\App Libs v2012-10\Microchip Solutions\USB\Precompiled Demos\PIC18F97J94 PIM Family\Firmware\Files.c
                  slack14   0x004400    program     extern C:\SVN\APPS\mla\branches\App Libs v2012-10\Microchip Solutions\USB\Precompiled Demos\PIC18F97J94 PIM Family\Firmware\Files.c
                  slack15   0x004600    program     extern C:\SVN\APPS\mla\branches\App Libs v2012-10\Microchip Solutions\USB\Precompiled Demos\PIC18F97J94 PIM Family\Firmware\Files.c
                  slack16   0x004800    program     extern C:\SVN\APPS\mla\branches\App Libs v2012-10\Microchip Solutions\USB\Precompiled Demos\PIC18F97J94 PIM Family\Firmware\Files.c
                  slack17   0x004a00    program     extern C:\SVN\APPS\mla\branches\App Libs v2012-10\Microchip Solutions\USB\Precompiled Demos\PIC18F97J94 PIM Family\Firmware\Files.c
                  slack18   0x004c00    program     extern C:\SVN\APPS\mla\branches\App Libs v2012-10\Microchip Solutions\USB\Precompiled Demos\PIC18F97J94 PIM Family\Firmware\Files.c
                  slack19   0x004e00    program     extern C:\SVN\APPS\mla\branches\App Libs v2012-10\Microchip Solutions\USB\Precompiled Demos\PIC18F97J94 PIM Family\Firmware\Files.c
                   slack2   0x002c00    program     extern C:\SVN\APPS\mla\branches\App Libs v2012-10\Microchip Solutions\USB\Precompiled Demos\PIC18F97J94 PIM Family\Firmware\Files.c
                  slack20   0x005000    program     extern C:\SVN\APPS\mla\branches\App Libs v2012-10\Microchip Solutions\USB\Precompiled Demos\PIC18F97J94 PIM Family\Firmware\Files.c
                  slack21   0x005200    program     extern C:\SVN\APPS\mla\branches\App Libs v2012-10\Microchip Solutions\USB\Precompiled Demos\PIC18F97J94 PIM Family\Firmware\Files.c
                  slack22   0x005400    program     extern C:\SVN\APPS\mla\branches\App Libs v2012-10\Microchip Solutions\USB\Precompiled Demos\PIC18F97J94 PIM Family\Firmware\Files.c
                  slack23   0x005600    program     extern C:\SVN\APPS\mla\branches\App Libs v2012-10\Microchip Solutions\USB\Precompiled Demos\PIC18F97J94 PIM Family\Firmware\Files.c
                  slack24   0x005800    program     extern C:\SVN\APPS\mla\branches\App Libs v2012-10\Microchip Solutions\USB\Precompiled Demos\PIC18F97J94 PIM Family\Firmware\Files.c
                  slack25   0x005a00    program     extern C:\SVN\APPS\mla\branches\App Libs v2012-10\Microchip Solutions\USB\Precompiled Demos\PIC18F97J94 PIM Family\Firmware\Files.c
                  slack26   0x005c00    program     extern C:\SVN\APPS\mla\branches\App Libs v2012-10\Microchip Solutions\USB\Precompiled Demos\PIC18F97J94 PIM Family\Firmware\Files.c
                  slack27   0x005e00    program     extern C:\SVN\APPS\mla\branches\App Libs v2012-10\Microchip Solutions\USB\Precompiled Demos\PIC18F97J94 PIM Family\Firmware\Files.c
                  slack28   0x006000    program     extern C:\SVN\APPS\mla\branches\App Libs v2012-10\Microchip Solutions\USB\Precompiled Demos\PIC18F97J94 PIM Family\Firmware\Files.c
                  slack29   0x006200    program     extern C:\SVN\APPS\mla\branches\App Libs v2012-10\Microchip Solutions\USB\Precompiled Demos\PIC18F97J94 PIM Family\Firmware\Files.c
                   slack3   0x002e00    program     extern C:\SVN\APPS\mla\branches\App Libs v2012-10\Microchip Solutions\USB\Precompiled Demos\PIC18F97J94 PIM Family\Firmware\Files.c
                  slack30   0x006400    program     extern C:\SVN\APPS\mla\branches\App Libs v2012-10\Microchip Solutions\USB\Precompiled Demos\PIC18F97J94 PIM Family\Firmware\Files.c
                  slack31   0x006600    program     extern C:\SVN\APPS\mla\branches\App Libs v2012-10\Microchip Solutions\USB\Precompiled Demos\PIC18F97J94 PIM Family\Firmware\Files.c
                  slack32   0x006800    program     extern C:\SVN\APPS\mla\branches\App Libs v2012-10\Microchip Solutions\USB\Precompiled Demos\PIC18F97J94 PIM Family\Firmware\Files.c
                  slack33   0x006a00    program     extern C:\SVN\APPS\mla\branches\App Libs v2012-10\Microchip Solutions\USB\Precompiled Demos\PIC18F97J94 PIM Family\Firmware\Files.c
                  slack34   0x006c00    program     extern C:\SVN\APPS\mla\branches\App Libs v2012-10\Microchip Solutions\USB\Precompiled Demos\PIC18F97J94 PIM Family\Firmware\Files.c
                  slack35   0x006e00    program     extern C:\SVN\APPS\mla\branches\App Libs v2012-10\Microchip Solutions\USB\Precompiled Demos\PIC18F97J94 PIM Family\Firmware\Files.c
                  slack36   0x007000    program     extern C:\SVN\APPS\mla\branches\App Libs v2012-10\Microchip Solutions\USB\Precompiled Demos\PIC18F97J94 PIM Family\Firmware\Files.c
                  slack37   0x007200    program     extern C:\SVN\APPS\mla\branches\App Libs v2012-10\Microchip Solutions\USB\Precompiled Demos\PIC18F97J94 PIM Family\Firmware\Files.c
                  slack38   0x007400    program     extern C:\SVN\APPS\mla\branches\App Libs v2012-10\Microchip Solutions\USB\Precompiled Demos\PIC18F97J94 PIM Family\Firmware\Files.c
                  slack39   0x007600    program     extern C:\SVN\APPS\mla\branches\App Libs v2012-10\Microchip Solutions\USB\Precompiled Demos\PIC18F97J94 PIM Family\Firmware\Files.c
                   slack4   0x003000    program     extern C:\SVN\APPS\mla\branches\App Libs v2012-10\Microchip Solutions\USB\Precompiled Demos\PIC18F97J94 PIM Family\Firmware\Files.c
                  slack40   0x007800    program     extern C:\SVN\APPS\mla\branches\App Libs v2012-10\Microchip Solutions\USB\Precompiled Demos\PIC18F97J94 PIM Family\Firmware\Files.c
                  slack41   0x007a00    program     extern C:\SVN\APPS\mla\branches\App Libs v2012-10\Microchip Solutions\USB\Precompiled Demos\PIC18F97J94 PIM Family\Firmware\Files.c
                  slack42   0x007c00    program     extern C:\SVN\APPS\mla\branches\App Libs v2012-10\Microchip Solutions\USB\Precompiled Demos\PIC18F97J94 PIM Family\Firmware\Files.c
                  slack43   0x007e00    program     extern C:\SVN\APPS\mla\branches\App Libs v2012-10\Microchip Solutions\USB\Precompiled Demos\PIC18F97J94 PIM Family\Firmware\Files.c
                  slack44   0x008000    program     extern C:\SVN\APPS\mla\branches\App Libs v2012-10\Microchip Solutions\USB\Precompiled Demos\PIC18F97J94 PIM Family\Firmware\Files.c
                  slack45   0x008200    program     extern C:\SVN\APPS\mla\branches\App Libs v2012-10\Microchip Solutions\USB\Precompiled Demos\PIC18F97J94 PIM Family\Firmware\Files.c
                  slack46   0x008400    program     extern C:\SVN\APPS\mla\branches\App Libs v2012-10\Microchip Solutions\USB\Precompiled Demos\PIC18F97J94 PIM Family\Firmware\Files.c
                  slack47   0x008600    program     extern C:\SVN\APPS\mla\branches\App Libs v2012-10\Microchip Solutions\USB\Precompiled Demos\PIC18F97J94 PIM Family\Firmware\Files.c
                  slack48   0x008800    program     extern C:\SVN\APPS\mla\branches\App Libs v2012-10\Microchip Solutions\USB\Precompiled Demos\PIC18F97J94 PIM Family\Firmware\Files.c
                  slack49   0x008a00    program     extern C:\SVN\APPS\mla\branches\App Libs v2012-10\Microchip Solutions\USB\Precompiled Demos\PIC18F97J94 PIM Family\Firmware\Files.c
                   slack5   0x003200    program     extern C:\SVN\APPS\mla\branches\App Libs v2012-10\Microchip Solutions\USB\Precompiled Demos\PIC18F97J94 PIM Family\Firmware\Files.c
                  slack50   0x008c00    program     extern C:\SVN\APPS\mla\branches\App Libs v2012-10\Microchip Solutions\USB\Precompiled Demos\PIC18F97J94 PIM Family\Firmware\Files.c
                  slack51   0x008e00    program     extern C:\SVN\APPS\mla\branches\App Libs v2012-10\Microchip Solutions\USB\Precompiled Demos\PIC18F97J94 PIM Family\Firmware\Files.c
                  slack52   0x009000    program     extern C:\SVN\APPS\mla\branches\App Libs v2012-10\Microchip Solutions\USB\Precompiled Demos\PIC18F97J94 PIM Family\Firmware\Files.c
                  slack53   0x009200    program     extern C:\SVN\APPS\mla\branches\App Libs v2012-10\Microchip Solutions\USB\Precompiled Demos\PIC18F97J94 PIM Family\Firmware\Files.c
                  slack54   0x009400    program     extern C:\SVN\APPS\mla\branches\App Libs v2012-10\Microchip Solutions\USB\Precompiled Demos\PIC18F97J94 PIM Family\Firmware\Files.c
                  slack55   0x009600    program     extern C:\SVN\APPS\mla\branches\App Libs v2012-10\Microchip Solutions\USB\Precompiled Demos\PIC18F97J94 PIM Family\Firmware\Files.c
                  slack56   0x009800    program     extern C:\SVN\APPS\mla\branches\App Libs v2012-10\Microchip Solutions\USB\Precompiled Demos\PIC18F97J94 PIM Family\Firmware\Files.c
                  slack57   0x009a00    program     extern C:\SVN\APPS\mla\branches\App Libs v2012-10\Microchip Solutions\USB\Precompiled Demos\PIC18F97J94 PIM Family\Firmware\Files.c
                  slack58   0x009c00    program     extern C:\SVN\APPS\mla\branches\App Libs v2012-10\Microchip Solutions\USB\Precompiled Demos\PIC18F97J94 PIM Family\Firmware\Files.c
                  slack59   0x009e00    program     extern C:\SVN\APPS\mla\branches\App Libs v2012-10\Microchip Solutions\USB\Precompiled Demos\PIC18F97J94 PIM Family\Firmware\Files.c
                   slack6   0x003400    program     extern C:\SVN\APPS\mla\branches\App Libs v2012-10\Microchip Solutions\USB\Precompiled Demos\PIC18F97J94 PIM Family\Firmware\Files.c
                   slack7   0x003600    program     extern C:\SVN\APPS\mla\branches\App Libs v2012-10\Microchip Solutions\USB\Precompiled Demos\PIC18F97J94 PIM Family\Firmware\Files.c
                   slack8   0x003800    program     extern C:\SVN\APPS\mla\branches\App Libs v2012-10\Microchip Solutions\USB\Precompiled Demos\PIC18F97J94 PIM Family\Firmware\Files.c
                   slack9   0x003a00    program     extern C:\SVN\APPS\mla\branches\App Libs v2012-10\Microchip Solutions\USB\Precompiled Demos\PIC18F97J94 PIM Family\Firmware\Files.c
            strcpypgm2ram   0x00cd4a    program     extern D:\3.43\pic18-lt\cxx-framework\src\traditional\stdclib\scpyp2r.asm
                  strncpy   0x00cd7c    program     extern D:\3.43\pic18-lt\cxx-framework\src\traditional\stdclib\strncpy.asm
                     test   0x00d136    program     static                          
               zero_block   0x00d2ec    program     static D:\3.43\pic18-lt\cxx-framework\src\traditional\proc\p18f87j94.asm
                  ADCBUF0   0x000fc2       data     extern D:\3.43\pic18-lt\cxx-framework\src\traditional\proc\p18f87j94.asm
                 ADCBUF0H   0x000fc3       data     extern D:\3.43\pic18-lt\cxx-framework\src\traditional\proc\p18f87j94.asm
                 ADCBUF0L   0x000fc2       data     extern D:\3.43\pic18-lt\cxx-framework\src\traditional\proc\p18f87j94.asm
                  ADCBUF1   0x000e48       data     extern D:\3.43\pic18-lt\cxx-framework\src\traditional\proc\p18f87j94.asm
                 ADCBUF10   0x000e5a       data     extern D:\3.43\pic18-lt\cxx-framework\src\traditional\proc\p18f87j94.asm
                ADCBUF10H   0x000e5b       data     extern D:\3.43\pic18-lt\cxx-framework\src\traditional\proc\p18f87j94.asm
                ADCBUF10L   0x000e5a       data     extern D:\3.43\pic18-lt\cxx-framework\src\traditional\proc\p18f87j94.asm
                 ADCBUF11   0x000e5c       data     extern D:\3.43\pic18-lt\cxx-framework\src\traditional\proc\p18f87j94.asm
                ADCBUF11H   0x000e5d       data     extern D:\3.43\pic18-lt\cxx-framework\src\traditional\proc\p18f87j94.asm
                ADCBUF11L   0x000e5c       data     extern D:\3.43\pic18-lt\cxx-framework\src\traditional\proc\p18f87j94.asm
                 ADCBUF12   0x000e5e       data     extern D:\3.43\pic18-lt\cxx-framework\src\traditional\proc\p18f87j94.asm
                ADCBUF12H   0x000e5f       data     extern D:\3.43\pic18-lt\cxx-framework\src\traditional\proc\p18f87j94.asm
                ADCBUF12L   0x000e5e       data     extern D:\3.43\pic18-lt\cxx-framework\src\traditional\proc\p18f87j94.asm
                 ADCBUF13   0x000e60       data     extern D:\3.43\pic18-lt\cxx-framework\src\traditional\proc\p18f87j94.asm
                ADCBUF13H   0x000e61       data     extern D:\3.43\pic18-lt\cxx-framework\src\traditional\proc\p18f87j94.asm
                ADCBUF13L   0x000e60       data     extern D:\3.43\pic18-lt\cxx-framework\src\traditional\proc\p18f87j94.asm
                 ADCBUF14   0x000e62       data     extern D:\3.43\pic18-lt\cxx-framework\src\traditional\proc\p18f87j94.asm
                ADCBUF14H   0x000e63       data     extern D:\3.43\pic18-lt\cxx-framework\src\traditional\proc\p18f87j94.asm
                ADCBUF14L   0x000e62       data     extern D:\3.43\pic18-lt\cxx-framework\src\traditional\proc\p18f87j94.asm
                 ADCBUF15   0x000e64       data     extern D:\3.43\pic18-lt\cxx-framework\src\traditional\proc\p18f87j94.asm
                ADCBUF15H   0x000e65       data     extern D:\3.43\pic18-lt\cxx-framework\src\traditional\proc\p18f87j94.asm
                ADCBUF15L   0x000e64       data     extern D:\3.43\pic18-lt\cxx-framework\src\traditional\proc\p18f87j94.asm
                 ADCBUF16   0x000e66       data     extern D:\3.43\pic18-lt\cxx-framework\src\traditional\proc\p18f87j94.asm
                ADCBUF16H   0x000e67       data     extern D:\3.43\pic18-lt\cxx-framework\src\traditional\proc\p18f87j94.asm
                ADCBUF16L   0x000e66       data     extern D:\3.43\pic18-lt\cxx-framework\src\traditional\proc\p18f87j94.asm
                 ADCBUF17   0x000e68       data     extern D:\3.43\pic18-lt\cxx-framework\src\traditional\proc\p18f87j94.asm
                ADCBUF17H   0x000e69       data     extern D:\3.43\pic18-lt\cxx-framework\src\traditional\proc\p18f87j94.asm
                ADCBUF17L   0x000e68       data     extern D:\3.43\pic18-lt\cxx-framework\src\traditional\proc\p18f87j94.asm
                 ADCBUF18   0x000e6a       data     extern D:\3.43\pic18-lt\cxx-framework\src\traditional\proc\p18f87j94.asm
                ADCBUF18H   0x000e6b       data     extern D:\3.43\pic18-lt\cxx-framework\src\traditional\proc\p18f87j94.asm
                ADCBUF18L   0x000e6a       data     extern D:\3.43\pic18-lt\cxx-framework\src\traditional\proc\p18f87j94.asm
                 ADCBUF19   0x000e6c       data     extern D:\3.43\pic18-lt\cxx-framework\src\traditional\proc\p18f87j94.asm
                ADCBUF19H   0x000e6d       data     extern D:\3.43\pic18-lt\cxx-framework\src\traditional\proc\p18f87j94.asm
                ADCBUF19L   0x000e6c       data     extern D:\3.43\pic18-lt\cxx-framework\src\traditional\proc\p18f87j94.asm
                 ADCBUF1H   0x000e49       data     extern D:\3.43\pic18-lt\cxx-framework\src\traditional\proc\p18f87j94.asm
                 ADCBUF1L   0x000e48       data     extern D:\3.43\pic18-lt\cxx-framework\src\traditional\proc\p18f87j94.asm
                  ADCBUF2   0x000e4a       data     extern D:\3.43\pic18-lt\cxx-framework\src\traditional\proc\p18f87j94.asm
                 ADCBUF20   0x000e6e       data     extern D:\3.43\pic18-lt\cxx-framework\src\traditional\proc\p18f87j94.asm
                ADCBUF20H   0x000e6f       data     extern D:\3.43\pic18-lt\cxx-framework\src\traditional\proc\p18f87j94.asm
                ADCBUF20L   0x000e6e       data     extern D:\3.43\pic18-lt\cxx-framework\src\traditional\proc\p18f87j94.asm
                 ADCBUF21   0x000e70       data     extern D:\3.43\pic18-lt\cxx-framework\src\traditional\proc\p18f87j94.asm
                ADCBUF21H   0x000e71       data     extern D:\3.43\pic18-lt\cxx-framework\src\traditional\proc\p18f87j94.asm
                ADCBUF21L   0x000e70       data     extern D:\3.43\pic18-lt\cxx-framework\src\traditional\proc\p18f87j94.asm
                 ADCBUF22   0x000e72       data     extern D:\3.43\pic18-lt\cxx-framework\src\traditional\proc\p18f87j94.asm
                ADCBUF22H   0x000e73       data     extern D:\3.43\pic18-lt\cxx-framework\src\traditional\proc\p18f87j94.asm
                ADCBUF22L   0x000e72       data     extern D:\3.43\pic18-lt\cxx-framework\src\traditional\proc\p18f87j94.asm
                 ADCBUF23   0x000e74       data     extern D:\3.43\pic18-lt\cxx-framework\src\traditional\proc\p18f87j94.asm
                ADCBUF23H   0x000e75       data     extern D:\3.43\pic18-lt\cxx-framework\src\traditional\proc\p18f87j94.asm
                ADCBUF23L   0x000e74       data     extern D:\3.43\pic18-lt\cxx-framework\src\traditional\proc\p18f87j94.asm
                 ADCBUF24   0x000e76       data     extern D:\3.43\pic18-lt\cxx-framework\src\traditional\proc\p18f87j94.asm
                ADCBUF24H   0x000e77       data     extern D:\3.43\pic18-lt\cxx-framework\src\traditional\proc\p18f87j94.asm
                ADCBUF24L   0x000e76       data     extern D:\3.43\pic18-lt\cxx-framework\src\traditional\proc\p18f87j94.asm
                 ADCBUF25   0x000e78       data     extern D:\3.43\pic18-lt\cxx-framework\src\traditional\proc\p18f87j94.asm
                ADCBUF25H   0x000e79       data     extern D:\3.43\pic18-lt\cxx-framework\src\traditional\proc\p18f87j94.asm
                ADCBUF25L   0x000e78       data     extern D:\3.43\pic18-lt\cxx-framework\src\traditional\proc\p18f87j94.asm
                 ADCBUF2H   0x000e4b       data     extern D:\3.43\pic18-lt\cxx-framework\src\traditional\proc\p18f87j94.asm
                 ADCBUF2L   0x000e4a       data     extern D:\3.43\pic18-lt\cxx-framework\src\traditional\proc\p18f87j94.asm
                  ADCBUF3   0x000e4c       data     extern D:\3.43\pic18-lt\cxx-framework\src\traditional\proc\p18f87j94.asm
                 ADCBUF3H   0x000e4d       data     extern D:\3.43\pic18-lt\cxx-framework\src\traditional\proc\p18f87j94.asm
                 ADCBUF3L   0x000e4c       data     extern D:\3.43\pic18-lt\cxx-framework\src\traditional\proc\p18f87j94.asm
                  ADCBUF4   0x000e4e       data     extern D:\3.43\pic18-lt\cxx-framework\src\traditional\proc\p18f87j94.asm
                 ADCBUF4H   0x000e4f       data     extern D:\3.43\pic18-lt\cxx-framework\src\traditional\proc\p18f87j94.asm
                 ADCBUF4L   0x000e4e       data     extern D:\3.43\pic18-lt\cxx-framework\src\traditional\proc\p18f87j94.asm
                  ADCBUF5   0x000e50       data     extern D:\3.43\pic18-lt\cxx-framework\src\traditional\proc\p18f87j94.asm
                 ADCBUF5H   0x000e51       data     extern D:\3.43\pic18-lt\cxx-framework\src\traditional\proc\p18f87j94.asm
                 ADCBUF5L   0x000e50       data     extern D:\3.43\pic18-lt\cxx-framework\src\traditional\proc\p18f87j94.asm
                  ADCBUF6   0x000e52       data     extern D:\3.43\pic18-lt\cxx-framework\src\traditional\proc\p18f87j94.asm
                 ADCBUF6H   0x000e53       data     extern D:\3.43\pic18-lt\cxx-framework\src\traditional\proc\p18f87j94.asm
                 ADCBUF6L   0x000e52       data     extern D:\3.43\pic18-lt\cxx-framework\src\traditional\proc\p18f87j94.asm
                  ADCBUF7   0x000e54       data     extern D:\3.43\pic18-lt\cxx-framework\src\traditional\proc\p18f87j94.asm
                 ADCBUF7H   0x000e55       data     extern D:\3.43\pic18-lt\cxx-framework\src\traditional\proc\p18f87j94.asm
                 ADCBUF7L   0x000e54       data     extern D:\3.43\pic18-lt\cxx-framework\src\traditional\proc\p18f87j94.asm
                  ADCBUF8   0x000e56       data     extern D:\3.43\pic18-lt\cxx-framework\src\traditional\proc\p18f87j94.asm
                 ADCBUF8H   0x000e57       data     extern D:\3.43\pic18-lt\cxx-framework\src\traditional\proc\p18f87j94.asm
                 ADCBUF8L   0x000e56       data     extern D:\3.43\pic18-lt\cxx-framework\src\traditional\proc\p18f87j94.asm
                  ADCBUF9   0x000e58       data     extern D:\3.43\pic18-lt\cxx-framework\src\traditional\proc\p18f87j94.asm
                 ADCBUF9H   0x000e59       data     extern D:\3.43\pic18-lt\cxx-framework\src\traditional\proc\p18f87j94.asm
                 ADCBUF9L   0x000e58       data     extern D:\3.43\pic18-lt\cxx-framework\src\traditional\proc\p18f87j94.asm
                 ADCHIT0H   0x000e7f       data     extern D:\3.43\pic18-lt\cxx-framework\src\traditional\proc\p18f87j94.asm
             ADCHIT0Hbits   0x000e7f       data     extern D:\3.43\pic18-lt\cxx-framework\src\traditional\proc\p18f87j94.asm
                 ADCHIT0L   0x000e7e       data     extern D:\3.43\pic18-lt\cxx-framework\src\traditional\proc\p18f87j94.asm
             ADCHIT0Lbits   0x000e7e       data     extern D:\3.43\pic18-lt\cxx-framework\src\traditional\proc\p18f87j94.asm
                 ADCHIT1H   0x000e81       data     extern D:\3.43\pic18-lt\cxx-framework\src\traditional\proc\p18f87j94.asm
             ADCHIT1Hbits   0x000e81       data     extern D:\3.43\pic18-lt\cxx-framework\src\traditional\proc\p18f87j94.asm
                 ADCHIT1L   0x000e80       data     extern D:\3.43\pic18-lt\cxx-framework\src\traditional\proc\p18f87j94.asm
             ADCHIT1Lbits   0x000e80       data     extern D:\3.43\pic18-lt\cxx-framework\src\traditional\proc\p18f87j94.asm
                  ADCHS0H   0x000e87       data     extern D:\3.43\pic18-lt\cxx-framework\src\traditional\proc\p18f87j94.asm
              ADCHS0Hbits   0x000e87       data     extern D:\3.43\pic18-lt\cxx-framework\src\traditional\proc\p18f87j94.asm
                  ADCHS0L   0x000e86       data     extern D:\3.43\pic18-lt\cxx-framework\src\traditional\proc\p18f87j94.asm
              ADCHS0Lbits   0x000e86       data     extern D:\3.43\pic18-lt\cxx-framework\src\traditional\proc\p18f87j94.asm
                  ADCON1H   0x000fc1       data     extern D:\3.43\pic18-lt\cxx-framework\src\traditional\proc\p18f87j94.asm
              ADCON1Hbits   0x000fc1       data     extern D:\3.43\pic18-lt\cxx-framework\src\traditional\proc\p18f87j94.asm
                  ADCON1L   0x000fc0       data     extern D:\3.43\pic18-lt\cxx-framework\src\traditional\proc\p18f87j94.asm
              ADCON1Lbits   0x000fc0       data     extern D:\3.43\pic18-lt\cxx-framework\src\traditional\proc\p18f87j94.asm
                  ADCON2H   0x000e8d       data     extern D:\3.43\pic18-lt\cxx-framework\src\traditional\proc\p18f87j94.asm
              ADCON2Hbits   0x000e8d       data     extern D:\3.43\pic18-lt\cxx-framework\src\traditional\proc\p18f87j94.asm
                  ADCON2L   0x000e8c       data     extern D:\3.43\pic18-lt\cxx-framework\src\traditional\proc\p18f87j94.asm
              ADCON2Lbits   0x000e8c       data     extern D:\3.43\pic18-lt\cxx-framework\src\traditional\proc\p18f87j94.asm
                  ADCON3H   0x000e8b       data     extern D:\3.43\pic18-lt\cxx-framework\src\traditional\proc\p18f87j94.asm
              ADCON3Hbits   0x000e8b       data     extern D:\3.43\pic18-lt\cxx-framework\src\traditional\proc\p18f87j94.asm
                  ADCON3L   0x000e8a       data     extern D:\3.43\pic18-lt\cxx-framework\src\traditional\proc\p18f87j94.asm
              ADCON3Lbits   0x000e8a       data     extern D:\3.43\pic18-lt\cxx-framework\src\traditional\proc\p18f87j94.asm
                  ADCON5H   0x000e89       data     extern D:\3.43\pic18-lt\cxx-framework\src\traditional\proc\p18f87j94.asm
              ADCON5Hbits   0x000e89       data     extern D:\3.43\pic18-lt\cxx-framework\src\traditional\proc\p18f87j94.asm
                  ADCON5L   0x000e88       data     extern D:\3.43\pic18-lt\cxx-framework\src\traditional\proc\p18f87j94.asm
              ADCON5Lbits   0x000e88       data     extern D:\3.43\pic18-lt\cxx-framework\src\traditional\proc\p18f87j94.asm
                  ADCSS0H   0x000e83       data     extern D:\3.43\pic18-lt\cxx-framework\src\traditional\proc\p18f87j94.asm
              ADCSS0Hbits   0x000e83       data     extern D:\3.43\pic18-lt\cxx-framework\src\traditional\proc\p18f87j94.asm
                  ADCSS0L   0x000e82       data     extern D:\3.43\pic18-lt\cxx-framework\src\traditional\proc\p18f87j94.asm
              ADCSS0Lbits   0x000e82       data     extern D:\3.43\pic18-lt\cxx-framework\src\traditional\proc\p18f87j94.asm
                  ADCSS1H   0x000e85       data     extern D:\3.43\pic18-lt\cxx-framework\src\traditional\proc\p18f87j94.asm
              ADCSS1Hbits   0x000e85       data     extern D:\3.43\pic18-lt\cxx-framework\src\traditional\proc\p18f87j94.asm
                  ADCSS1L   0x000e84       data     extern D:\3.43\pic18-lt\cxx-framework\src\traditional\proc\p18f87j94.asm
              ADCSS1Lbits   0x000e84       data     extern D:\3.43\pic18-lt\cxx-framework\src\traditional\proc\p18f87j94.asm
               ADCTMUEN0H   0x000e7b       data     extern D:\3.43\pic18-lt\cxx-framework\src\traditional\proc\p18f87j94.asm
           ADCTMUEN0Hbits   0x000e7b       data     extern D:\3.43\pic18-lt\cxx-framework\src\traditional\proc\p18f87j94.asm
               ADCTMUEN0L   0x000e7a       data     extern D:\3.43\pic18-lt\cxx-framework\src\traditional\proc\p18f87j94.asm
           ADCTMUEN0Lbits   0x000e7a       data     extern D:\3.43\pic18-lt\cxx-framework\src\traditional\proc\p18f87j94.asm
               ADCTMUEN1H   0x000e7d       data     extern D:\3.43\pic18-lt\cxx-framework\src\traditional\proc\p18f87j94.asm
           ADCTMUEN1Hbits   0x000e7d       data     extern D:\3.43\pic18-lt\cxx-framework\src\traditional\proc\p18f87j94.asm
               ADCTMUEN1L   0x000e7c       data     extern D:\3.43\pic18-lt\cxx-framework\src\traditional\proc\p18f87j94.asm
           ADCTMUEN1Lbits   0x000e7c       data     extern D:\3.43\pic18-lt\cxx-framework\src\traditional\proc\p18f87j94.asm
                  ALRMCFG   0x000f5b       data     extern D:\3.43\pic18-lt\cxx-framework\src\traditional\proc\p18f87j94.asm
              ALRMCFGbits   0x000f5b       data     extern D:\3.43\pic18-lt\cxx-framework\src\traditional\proc\p18f87j94.asm
                  ALRMRPT   0x000f5a       data     extern D:\3.43\pic18-lt\cxx-framework\src\traditional\proc\p18f87j94.asm
              ALRMRPTbits   0x000f5a       data     extern D:\3.43\pic18-lt\cxx-framework\src\traditional\proc\p18f87j94.asm
                 ALRMVALH   0x000f59       data     extern D:\3.43\pic18-lt\cxx-framework\src\traditional\proc\p18f87j94.asm
                 ALRMVALL   0x000f58       data     extern D:\3.43\pic18-lt\cxx-framework\src\traditional\proc\p18f87j94.asm
                    ANCFG   0x000f01       data     extern D:\3.43\pic18-lt\cxx-framework\src\traditional\proc\p18f87j94.asm
                ANCFGbits   0x000f01       data     extern D:\3.43\pic18-lt\cxx-framework\src\traditional\proc\p18f87j94.asm
                   ANCON1   0x000e47       data     extern D:\3.43\pic18-lt\cxx-framework\src\traditional\proc\p18f87j94.asm
               ANCON1bits   0x000e47       data     extern D:\3.43\pic18-lt\cxx-framework\src\traditional\proc\p18f87j94.asm
                   ANCON2   0x000e46       data     extern D:\3.43\pic18-lt\cxx-framework\src\traditional\proc\p18f87j94.asm
               ANCON2bits   0x000e46       data     extern D:\3.43\pic18-lt\cxx-framework\src\traditional\proc\p18f87j94.asm
                   ANCON3   0x000e45       data     extern D:\3.43\pic18-lt\cxx-framework\src\traditional\proc\p18f87j94.asm
               ANCON3bits   0x000e45       data     extern D:\3.43\pic18-lt\cxx-framework\src\traditional\proc\p18f87j94.asm
                  BAUDCON   0x000f67       data     extern D:\3.43\pic18-lt\cxx-framework\src\traditional\proc\p18f87j94.asm
                 BAUDCON1   0x000f67       data     extern D:\3.43\pic18-lt\cxx-framework\src\traditional\proc\p18f87j94.asm
             BAUDCON1bits   0x000f67       data     extern D:\3.43\pic18-lt\cxx-framework\src\traditional\proc\p18f87j94.asm
                 BAUDCON2   0x000f31       data     extern D:\3.43\pic18-lt\cxx-framework\src\traditional\proc\p18f87j94.asm
             BAUDCON2bits   0x000f31       data     extern D:\3.43\pic18-lt\cxx-framework\src\traditional\proc\p18f87j94.asm
                 BAUDCON3   0x000f2d       data     extern D:\3.43\pic18-lt\cxx-framework\src\traditional\proc\p18f87j94.asm
             BAUDCON3bits   0x000f2d       data     extern D:\3.43\pic18-lt\cxx-framework\src\traditional\proc\p18f87j94.asm
                 BAUDCON4   0x000efd       data     extern D:\3.43\pic18-lt\cxx-framework\src\traditional\proc\p18f87j94.asm
             BAUDCON4bits   0x000efd       data     extern D:\3.43\pic18-lt\cxx-framework\src\traditional\proc\p18f87j94.asm
              BAUDCONbits   0x000f67       data     extern D:\3.43\pic18-lt\cxx-framework\src\traditional\proc\p18f87j94.asm
                      BDT   0x000100       data     extern C:\SVN\APPS\mla\branches\App Libs v2012-10\Microchip Solutions\Microchip\USB\usb_device.c
                      BSR   0x000fe0       data     extern D:\3.43\pic18-lt\cxx-framework\src\traditional\proc\p18f87j94.asm
                     Banr   0x000d07       data     extern C:\SVN\APPS\mla\branches\App Libs v2012-10\Microchip Solutions\USB\Precompiled Demos\PIC18F97J94 PIM Family\Firmware\main.c
       BothEP0OutUOWNsSet   0x000089       data     extern C:\SVN\APPS\mla\branches\App Libs v2012-10\Microchip Solutions\Microchip\USB\usb_device.c
                 CCP10CON   0x000f40       data     extern D:\3.43\pic18-lt\cxx-framework\src\traditional\proc\p18f87j94.asm
             CCP10CONbits   0x000f40       data     extern D:\3.43\pic18-lt\cxx-framework\src\traditional\proc\p18f87j94.asm
                  CCP1CON   0x000fb9       data     extern D:\3.43\pic18-lt\cxx-framework\src\traditional\proc\p18f87j94.asm
              CCP1CONbits   0x000fb9       data     extern D:\3.43\pic18-lt\cxx-framework\src\traditional\proc\p18f87j94.asm
                  CCP2CON   0x000f4e       data     extern D:\3.43\pic18-lt\cxx-framework\src\traditional\proc\p18f87j94.asm
              CCP2CONbits   0x000f4e       data     extern D:\3.43\pic18-lt\cxx-framework\src\traditional\proc\p18f87j94.asm
                  CCP3CON   0x000f49       data     extern D:\3.43\pic18-lt\cxx-framework\src\traditional\proc\p18f87j94.asm
              CCP3CONbits   0x000f49       data     extern D:\3.43\pic18-lt\cxx-framework\src\traditional\proc\p18f87j94.asm
                  CCP4CON   0x000f10       data     extern D:\3.43\pic18-lt\cxx-framework\src\traditional\proc\p18f87j94.asm
              CCP4CONbits   0x000f10       data     extern D:\3.43\pic18-lt\cxx-framework\src\traditional\proc\p18f87j94.asm
                  CCP5CON   0x000f0d       data     extern D:\3.43\pic18-lt\cxx-framework\src\traditional\proc\p18f87j94.asm
              CCP5CONbits   0x000f0d       data     extern D:\3.43\pic18-lt\cxx-framework\src\traditional\proc\p18f87j94.asm
                  CCP6CON   0x000f0a       data     extern D:\3.43\pic18-lt\cxx-framework\src\traditional\proc\p18f87j94.asm
              CCP6CONbits   0x000f0a       data     extern D:\3.43\pic18-lt\cxx-framework\src\traditional\proc\p18f87j94.asm
                  CCP7CON   0x000f07       data     extern D:\3.43\pic18-lt\cxx-framework\src\traditional\proc\p18f87j94.asm
              CCP7CONbits   0x000f07       data     extern D:\3.43\pic18-lt\cxx-framework\src\traditional\proc\p18f87j94.asm
                  CCP8CON   0x000f46       data     extern D:\3.43\pic18-lt\cxx-framework\src\traditional\proc\p18f87j94.asm
              CCP8CONbits   0x000f46       data     extern D:\3.43\pic18-lt\cxx-framework\src\traditional\proc\p18f87j94.asm
                  CCP9CON   0x000f43       data     extern D:\3.43\pic18-lt\cxx-framework\src\traditional\proc\p18f87j94.asm
              CCP9CONbits   0x000f43       data     extern D:\3.43\pic18-lt\cxx-framework\src\traditional\proc\p18f87j94.asm
                    CCPR1   0x000fba       data     extern D:\3.43\pic18-lt\cxx-framework\src\traditional\proc\p18f87j94.asm
                   CCPR10   0x000f41       data     extern D:\3.43\pic18-lt\cxx-framework\src\traditional\proc\p18f87j94.asm
                  CCPR10H   0x000f42       data     extern D:\3.43\pic18-lt\cxx-framework\src\traditional\proc\p18f87j94.asm
                  CCPR10L   0x000f41       data     extern D:\3.43\pic18-lt\cxx-framework\src\traditional\proc\p18f87j94.asm
                   CCPR1H   0x000fbb       data     extern D:\3.43\pic18-lt\cxx-framework\src\traditional\proc\p18f87j94.asm
                   CCPR1L   0x000fba       data     extern D:\3.43\pic18-lt\cxx-framework\src\traditional\proc\p18f87j94.asm
                    CCPR2   0x000f4f       data     extern D:\3.43\pic18-lt\cxx-framework\src\traditional\proc\p18f87j94.asm
                   CCPR2H   0x000f50       data     extern D:\3.43\pic18-lt\cxx-framework\src\traditional\proc\p18f87j94.asm
                   CCPR2L   0x000f4f       data     extern D:\3.43\pic18-lt\cxx-framework\src\traditional\proc\p18f87j94.asm
                    CCPR3   0x000f4a       data     extern D:\3.43\pic18-lt\cxx-framework\src\traditional\proc\p18f87j94.asm
                   CCPR3H   0x000f4b       data     extern D:\3.43\pic18-lt\cxx-framework\src\traditional\proc\p18f87j94.asm
                   CCPR3L   0x000f4a       data     extern D:\3.43\pic18-lt\cxx-framework\src\traditional\proc\p18f87j94.asm
                    CCPR4   0x000f11       data     extern D:\3.43\pic18-lt\cxx-framework\src\traditional\proc\p18f87j94.asm
                   CCPR4H   0x000f12       data     extern D:\3.43\pic18-lt\cxx-framework\src\traditional\proc\p18f87j94.asm
                   CCPR4L   0x000f11       data     extern D:\3.43\pic18-lt\cxx-framework\src\traditional\proc\p18f87j94.asm
                    CCPR5   0x000f0e       data     extern D:\3.43\pic18-lt\cxx-framework\src\traditional\proc\p18f87j94.asm
                   CCPR5H   0x000f0f       data     extern D:\3.43\pic18-lt\cxx-framework\src\traditional\proc\p18f87j94.asm
                   CCPR5L   0x000f0e       data     extern D:\3.43\pic18-lt\cxx-framework\src\traditional\proc\p18f87j94.asm
                    CCPR6   0x000f0b       data     extern D:\3.43\pic18-lt\cxx-framework\src\traditional\proc\p18f87j94.asm
                   CCPR6H   0x000f0c       data     extern D:\3.43\pic18-lt\cxx-framework\src\traditional\proc\p18f87j94.asm
                   CCPR6L   0x000f0b       data     extern D:\3.43\pic18-lt\cxx-framework\src\traditional\proc\p18f87j94.asm
                    CCPR7   0x000f08       data     extern D:\3.43\pic18-lt\cxx-framework\src\traditional\proc\p18f87j94.asm
                   CCPR7H   0x000f09       data     extern D:\3.43\pic18-lt\cxx-framework\src\traditional\proc\p18f87j94.asm
                   CCPR7L   0x000f08       data     extern D:\3.43\pic18-lt\cxx-framework\src\traditional\proc\p18f87j94.asm
                    CCPR8   0x000f47       data     extern D:\3.43\pic18-lt\cxx-framework\src\traditional\proc\p18f87j94.asm
                   CCPR8H   0x000f48       data     extern D:\3.43\pic18-lt\cxx-framework\src\traditional\proc\p18f87j94.asm
                   CCPR8L   0x000f47       data     extern D:\3.43\pic18-lt\cxx-framework\src\traditional\proc\p18f87j94.asm
                    CCPR9   0x000f44       data     extern D:\3.43\pic18-lt\cxx-framework\src\traditional\proc\p18f87j94.asm
                   CCPR9H   0x000f45       data     extern D:\3.43\pic18-lt\cxx-framework\src\traditional\proc\p18f87j94.asm
                   CCPR9L   0x000f44       data     extern D:\3.43\pic18-lt\cxx-framework\src\traditional\proc\p18f87j94.asm
                 CCPTMRS0   0x000f36       data     extern D:\3.43\pic18-lt\cxx-framework\src\traditional\proc\p18f87j94.asm
             CCPTMRS0bits   0x000f36       data     extern D:\3.43\pic18-lt\cxx-framework\src\traditional\proc\p18f87j94.asm
                 CCPTMRS1   0x000f35       data     extern D:\3.43\pic18-lt\cxx-framework\src\traditional\proc\p18f87j94.asm
             CCPTMRS1bits   0x000f35       data     extern D:\3.43\pic18-lt\cxx-framework\src\traditional\proc\p18f87j94.asm
                 CCPTMRS2   0x000f34       data     extern D:\3.43\pic18-lt\cxx-framework\src\traditional\proc\p18f87j94.asm
             CCPTMRS2bits   0x000f34       data     extern D:\3.43\pic18-lt\cxx-framework\src\traditional\proc\p18f87j94.asm
                   CM1CON   0x000f53       data     extern D:\3.43\pic18-lt\cxx-framework\src\traditional\proc\p18f87j94.asm
               CM1CONbits   0x000f53       data     extern D:\3.43\pic18-lt\cxx-framework\src\traditional\proc\p18f87j94.asm
                   CM2CON   0x000f38       data     extern D:\3.43\pic18-lt\cxx-framework\src\traditional\proc\p18f87j94.asm
[...]
                     PIR1   0x000f9e       data     extern D:\3.43\pic18-lt\cxx-framework\src\traditional\proc\p18f87j94.asm
                 IPR1bits   0x000f9f       data     extern D:\3.43\pic18-lt\cxx-framework\src\traditional\proc\p18f87j94.asm
                     IPR1   0x000f9f       data     extern D:\3.43\pic18-lt\cxx-framework\src\traditional\proc\p18f87j94.asm
                 PIE2bits   0x000fa0       data     extern D:\3.43\pic18-lt\cxx-framework\src\traditional\proc\p18f87j94.asm
                     PIE2   0x000fa0       data     extern D:\3.43\pic18-lt\cxx-framework\src\traditional\proc\p18f87j94.asm
                 PIR2bits   0x000fa1       data     extern D:\3.43\pic18-lt\cxx-framework\src\traditional\proc\p18f87j94.asm
                     PIR2   0x000fa1       data     extern D:\3.43\pic18-lt\cxx-framework\src\traditional\proc\p18f87j94.asm
                 IPR2bits   0x000fa2       data     extern D:\3.43\pic18-lt\cxx-framework\src\traditional\proc\p18f87j94.asm
                     IPR2   0x000fa2       data     extern D:\3.43\pic18-lt\cxx-framework\src\traditional\proc\p18f87j94.asm
                 PIE3bits   0x000fa3       data     extern D:\3.43\pic18-lt\cxx-framework\src\traditional\proc\p18f87j94.asm
                     PIE3   0x000fa3       data     extern D:\3.43\pic18-lt\cxx-framework\src\traditional\proc\p18f87j94.asm
                 PIR3bits   0x000fa4       data     extern D:\3.43\pic18-lt\cxx-framework\src\traditional\proc\p18f87j94.asm
                     PIR3   0x000fa4       data     extern D:\3.43\pic18-lt\cxx-framework\src\traditional\proc\p18f87j94.asm
                 IPR3bits   0x000fa5       data     extern D:\3.43\pic18-lt\cxx-framework\src\traditional\proc\p18f87j94.asm
                     IPR3   0x000fa5       data     extern D:\3.43\pic18-lt\cxx-framework\src\traditional\proc\p18f87j94.asm
                 PIR6bits   0x000fa6       data     extern D:\3.43\pic18-lt\cxx-framework\src\traditional\proc\p18f87j94.asm
                     PIR6   0x000fa6       data     extern D:\3.43\pic18-lt\cxx-framework\src\traditional\proc\p18f87j94.asm
                   PSPCON   0x000fa7       data     extern D:\3.43\pic18-lt\cxx-framework\src\traditional\proc\p18f87j94.asm
               PSPCONbits   0x000fa7       data     extern D:\3.43\pic18-lt\cxx-framework\src\traditional\proc\p18f87j94.asm
              HLVDCONbits   0x000fa8       data     extern D:\3.43\pic18-lt\cxx-framework\src\traditional\proc\p18f87j94.asm
                  HLVDCON   0x000fa8       data     extern D:\3.43\pic18-lt\cxx-framework\src\traditional\proc\p18f87j94.asm
                 IPR6bits   0x000fa9       data     extern D:\3.43\pic18-lt\cxx-framework\src\traditional\proc\p18f87j94.asm
                     IPR6   0x000fa9       data     extern D:\3.43\pic18-lt\cxx-framework\src\traditional\proc\p18f87j94.asm
               T1GCONbits   0x000faa       data     extern D:\3.43\pic18-lt\cxx-framework\src\traditional\proc\p18f87j94.asm
                   T1GCON   0x000faa       data     extern D:\3.43\pic18-lt\cxx-framework\src\traditional\proc\p18f87j94.asm
                    RCSTA   0x000fab       data     extern D:\3.43\pic18-lt\cxx-framework\src\traditional\proc\p18f87j94.asm
                   RCSTA1   0x000fab       data     extern D:\3.43\pic18-lt\cxx-framework\src\traditional\proc\p18f87j94.asm
               RCSTA1bits   0x000fab       data     extern D:\3.43\pic18-lt\cxx-framework\src\traditional\proc\p18f87j94.asm
                RCSTAbits   0x000fab       data     extern D:\3.43\pic18-lt\cxx-framework\src\traditional\proc\p18f87j94.asm
                TXSTAbits   0x000fac       data     extern D:\3.43\pic18-lt\cxx-framework\src\traditional\proc\p18f87j94.asm
                    TXSTA   0x000fac       data     extern D:\3.43\pic18-lt\cxx-framework\src\traditional\proc\p18f87j94.asm
                   TXSTA1   0x000fac       data     extern D:\3.43\pic18-lt\cxx-framework\src\traditional\proc\p18f87j94.asm
               TXSTA1bits   0x000fac       data     extern D:\3.43\pic18-lt\cxx-framework\src\traditional\proc\p18f87j94.asm
                    TXREG   0x000fad       data     extern D:\3.43\pic18-lt\cxx-framework\src\traditional\proc\p18f87j94.asm
                   TXREG1   0x000fad       data     extern D:\3.43\pic18-lt\cxx-framework\src\traditional\proc\p18f87j94.asm
                    RCREG   0x000fae       data     extern D:\3.43\pic18-lt\cxx-framework\src\traditional\proc\p18f87j94.asm
                   RCREG1   0x000fae       data     extern D:\3.43\pic18-lt\cxx-framework\src\traditional\proc\p18f87j94.asm
                    SPBRG   0x000faf       data     extern D:\3.43\pic18-lt\cxx-framework\src\traditional\proc\p18f87j94.asm
                   SPBRG1   0x000faf       data     extern D:\3.43\pic18-lt\cxx-framework\src\traditional\proc\p18f87j94.asm
               SPBRG1bits   0x000faf       data     extern D:\3.43\pic18-lt\cxx-framework\src\traditional\proc\p18f87j94.asm
                SPBRGbits   0x000faf       data     extern D:\3.43\pic18-lt\cxx-framework\src\traditional\proc\p18f87j94.asm
                   T3GCON   0x000fb0       data     extern D:\3.43\pic18-lt\cxx-framework\src\traditional\proc\p18f87j94.asm
               T3GCONbits   0x000fb0       data     extern D:\3.43\pic18-lt\cxx-framework\src\traditional\proc\p18f87j94.asm
                T3CONbits   0x000fb1       data     extern D:\3.43\pic18-lt\cxx-framework\src\traditional\proc\p18f87j94.asm
                    T3CON   0x000fb1       data     extern D:\3.43\pic18-lt\cxx-framework\src\traditional\proc\p18f87j94.asm
                    TMR3L   0x000fb2       data     extern D:\3.43\pic18-lt\cxx-framework\src\traditional\proc\p18f87j94.asm
                    TMR3H   0x000fb3       data     extern D:\3.43\pic18-lt\cxx-framework\src\traditional\proc\p18f87j94.asm
                     PIE4   0x000fb4       data     extern D:\3.43\pic18-lt\cxx-framework\src\traditional\proc\p18f87j94.asm
                 PIE4bits   0x000fb4       data     extern D:\3.43\pic18-lt\cxx-framework\src\traditional\proc\p18f87j94.asm
                 PIR4bits   0x000fb5       data     extern D:\3.43\pic18-lt\cxx-framework\src\traditional\proc\p18f87j94.asm
                     PIR4   0x000fb5       data     extern D:\3.43\pic18-lt\cxx-framework\src\traditional\proc\p18f87j94.asm
                 IPR4bits   0x000fb6       data     extern D:\3.43\pic18-lt\cxx-framework\src\traditional\proc\p18f87j94.asm
                     IPR4   0x000fb6       data     extern D:\3.43\pic18-lt\cxx-framework\src\traditional\proc\p18f87j94.asm
                 PIE5bits   0x000fb7       data     extern D:\3.43\pic18-lt\cxx-framework\src\traditional\proc\p18f87j94.asm
                     PIE5   0x000fb7       data     extern D:\3.43\pic18-lt\cxx-framework\src\traditional\proc\p18f87j94.asm
                     PIR5   0x000fb8       data     extern D:\3.43\pic18-lt\cxx-framework\src\traditional\proc\p18f87j94.asm
                 PIR5bits   0x000fb8       data     extern D:\3.43\pic18-lt\cxx-framework\src\traditional\proc\p18f87j94.asm
                  CCP1CON   0x000fb9       data     extern D:\3.43\pic18-lt\cxx-framework\src\traditional\proc\p18f87j94.asm
              CCP1CONbits   0x000fb9       data     extern D:\3.43\pic18-lt\cxx-framework\src\traditional\proc\p18f87j94.asm
                    CCPR1   0x000fba       data     extern D:\3.43\pic18-lt\cxx-framework\src\traditional\proc\p18f87j94.asm
                   CCPR1L   0x000fba       data     extern D:\3.43\pic18-lt\cxx-framework\src\traditional\proc\p18f87j94.asm
                   CCPR1H   0x000fbb       data     extern D:\3.43\pic18-lt\cxx-framework\src\traditional\proc\p18f87j94.asm
              PWM1CONbits   0x000fbc       data     extern D:\3.43\pic18-lt\cxx-framework\src\traditional\proc\p18f87j94.asm
                  PWM1CON   0x000fbc       data     extern D:\3.43\pic18-lt\cxx-framework\src\traditional\proc\p18f87j94.asm
              ECCP1ASbits   0x000fbd       data     extern D:\3.43\pic18-lt\cxx-framework\src\traditional\proc\p18f87j94.asm
                  ECCP1AS   0x000fbd       data     extern D:\3.43\pic18-lt\cxx-framework\src\traditional\proc\p18f87j94.asm
              CVRCONLbits   0x000fbe       data     extern D:\3.43\pic18-lt\cxx-framework\src\traditional\proc\p18f87j94.asm
                  CVRCONL   0x000fbe       data     extern D:\3.43\pic18-lt\cxx-framework\src\traditional\proc\p18f87j94.asm
              CVRCONHbits   0x000fbf       data     extern D:\3.43\pic18-lt\cxx-framework\src\traditional\proc\p18f87j94.asm
                  CVRCONH   0x000fbf       data     extern D:\3.43\pic18-lt\cxx-framework\src\traditional\proc\p18f87j94.asm
                  ADCON1L   0x000fc0       data     extern D:\3.43\pic18-lt\cxx-framework\src\traditional\proc\p18f87j94.asm
              ADCON1Lbits   0x000fc0       data     extern D:\3.43\pic18-lt\cxx-framework\src\traditional\proc\p18f87j94.asm
                  ADCON1H   0x000fc1       data     extern D:\3.43\pic18-lt\cxx-framework\src\traditional\proc\p18f87j94.asm
              ADCON1Hbits   0x000fc1       data     extern D:\3.43\pic18-lt\cxx-framework\src\traditional\proc\p18f87j94.asm
                 ADCBUF0L   0x000fc2       data     extern D:\3.43\pic18-lt\cxx-framework\src\traditional\proc\p18f87j94.asm
                  ADCBUF0   0x000fc2       data     extern D:\3.43\pic18-lt\cxx-framework\src\traditional\proc\p18f87j94.asm
                 ADCBUF0H   0x000fc3       data     extern D:\3.43\pic18-lt\cxx-framework\src\traditional\proc\p18f87j94.asm
               CMSTATbits   0x000fc4       data     extern D:\3.43\pic18-lt\cxx-framework\src\traditional\proc\p18f87j94.asm
                   CMSTAT   0x000fc4       data     extern D:\3.43\pic18-lt\cxx-framework\src\traditional\proc\p18f87j94.asm
             SSP1CON2bits   0x000fc5       data     extern D:\3.43\pic18-lt\cxx-framework\src\traditional\proc\p18f87j94.asm
                 SSP1CON2   0x000fc5       data     extern D:\3.43\pic18-lt\cxx-framework\src\traditional\proc\p18f87j94.asm
             SSP1CON1bits   0x000fc6       data     extern D:\3.43\pic18-lt\cxx-framework\src\traditional\proc\p18f87j94.asm
                 SSP1CON1   0x000fc6       data     extern D:\3.43\pic18-lt\cxx-framework\src\traditional\proc\p18f87j94.asm
             SSP1STATbits   0x000fc7       data     extern D:\3.43\pic18-lt\cxx-framework\src\traditional\proc\p18f87j94.asm
                 SSP1STAT   0x000fc7       data     extern D:\3.43\pic18-lt\cxx-framework\src\traditional\proc\p18f87j94.asm
                  SSP1ADD   0x000fc8       data     extern D:\3.43\pic18-lt\cxx-framework\src\traditional\proc\p18f87j94.asm
                  SSP1BUF   0x000fc9       data     extern D:\3.43\pic18-lt\cxx-framework\src\traditional\proc\p18f87j94.asm
                    T2CON   0x000fca       data     extern D:\3.43\pic18-lt\cxx-framework\src\traditional\proc\p18f87j94.asm
                T2CONbits   0x000fca       data     extern D:\3.43\pic18-lt\cxx-framework\src\traditional\proc\p18f87j94.asm
                      PR2   0x000fcb       data     extern D:\3.43\pic18-lt\cxx-framework\src\traditional\proc\p18f87j94.asm
                     TMR2   0x000fcc       data     extern D:\3.43\pic18-lt\cxx-framework\src\traditional\proc\p18f87j94.asm
                T1CONbits   0x000fcd       data     extern D:\3.43\pic18-lt\cxx-framework\src\traditional\proc\p18f87j94.asm
                    T1CON   0x000fcd       data     extern D:\3.43\pic18-lt\cxx-framework\src\traditional\proc\p18f87j94.asm
                    TMR1L   0x000fce       data     extern D:\3.43\pic18-lt\cxx-framework\src\traditional\proc\p18f87j94.asm
                    TMR1H   0x000fcf       data     extern D:\3.43\pic18-lt\cxx-framework\src\traditional\proc\p18f87j94.asm
                     RCON   0x000fd0       data     extern D:\3.43\pic18-lt\cxx-framework\src\traditional\proc\p18f87j94.asm
                 RCONbits   0x000fd0       data     extern D:\3.43\pic18-lt\cxx-framework\src\traditional\proc\p18f87j94.asm
                     IOCF   0x000fd1       data     extern D:\3.43\pic18-lt\cxx-framework\src\traditional\proc\p18f87j94.asm
                 IOCFbits   0x000fd1       data     extern D:\3.43\pic18-lt\cxx-framework\src\traditional\proc\p18f87j94.asm
                 IPR5bits   0x000fd2       data     extern D:\3.43\pic18-lt\cxx-framework\src\traditional\proc\p18f87j94.asm
                     IPR5   0x000fd2       data     extern D:\3.43\pic18-lt\cxx-framework\src\traditional\proc\p18f87j94.asm
               OSCCONbits   0x000fd3       data     extern D:\3.43\pic18-lt\cxx-framework\src\traditional\proc\p18f87j94.asm
                   OSCCON   0x000fd3       data     extern D:\3.43\pic18-lt\cxx-framework\src\traditional\proc\p18f87j94.asm
                T0CONbits   0x000fd5       data     extern D:\3.43\pic18-lt\cxx-framework\src\traditional\proc\p18f87j94.asm
                    T0CON   0x000fd5       data     extern D:\3.43\pic18-lt\cxx-framework\src\traditional\proc\p18f87j94.asm
                    TMR0L   0x000fd6       data     extern D:\3.43\pic18-lt\cxx-framework\src\traditional\proc\p18f87j94.asm
                    TMR0H   0x000fd7       data     extern D:\3.43\pic18-lt\cxx-framework\src\traditional\proc\p18f87j94.asm
               STATUSbits   0x000fd8       data     extern D:\3.43\pic18-lt\cxx-framework\src\traditional\proc\p18f87j94.asm
                   STATUS   0x000fd8       data     extern D:\3.43\pic18-lt\cxx-framework\src\traditional\proc\p18f87j94.asm
                    FSR2L   0x000fd9       data     extern D:\3.43\pic18-lt\cxx-framework\src\traditional\proc\p18f87j94.asm
                     FSR2   0x000fd9       data     extern D:\3.43\pic18-lt\cxx-framework\src\traditional\proc\p18f87j94.asm
                    FSR2H   0x000fda       data     extern D:\3.43\pic18-lt\cxx-framework\src\traditional\proc\p18f87j94.asm
                   PLUSW2   0x000fdb       data     extern D:\3.43\pic18-lt\cxx-framework\src\traditional\proc\p18f87j94.asm
                  PREINC2   0x000fdc       data     extern D:\3.43\pic18-lt\cxx-framework\src\traditional\proc\p18f87j94.asm
                 POSTDEC2   0x000fdd       data     extern D:\3.43\pic18-lt\cxx-framework\src\traditional\proc\p18f87j94.asm
                 POSTINC2   0x000fde       data     extern D:\3.43\pic18-lt\cxx-framework\src\traditional\proc\p18f87j94.asm
                    INDF2   0x000fdf       data     extern D:\3.43\pic18-lt\cxx-framework\src\traditional\proc\p18f87j94.asm
                      BSR   0x000fe0       data     extern D:\3.43\pic18-lt\cxx-framework\src\traditional\proc\p18f87j94.asm
                    FSR1L   0x000fe1       data     extern D:\3.43\pic18-lt\cxx-framework\src\traditional\proc\p18f87j94.asm
                     FSR1   0x000fe1       data     extern D:\3.43\pic18-lt\cxx-framework\src\traditional\proc\p18f87j94.asm
                    FSR1H   0x000fe2       data     extern D:\3.43\pic18-lt\cxx-framework\src\traditional\proc\p18f87j94.asm
                   PLUSW1   0x000fe3       data     extern D:\3.43\pic18-lt\cxx-framework\src\traditional\proc\p18f87j94.asm
                  PREINC1   0x000fe4       data     extern D:\3.43\pic18-lt\cxx-framework\src\traditional\proc\p18f87j94.asm
                 POSTDEC1   0x000fe5       data     extern D:\3.43\pic18-lt\cxx-framework\src\traditional\proc\p18f87j94.asm
                 POSTINC1   0x000fe6       data     extern D:\3.43\pic18-lt\cxx-framework\src\traditional\proc\p18f87j94.asm
                    INDF1   0x000fe7       data     extern D:\3.43\pic18-lt\cxx-framework\src\traditional\proc\p18f87j94.asm
                     WREG   0x000fe8       data     extern D:\3.43\pic18-lt\cxx-framework\src\traditional\proc\p18f87j94.asm
                     FSR0   0x000fe9       data     extern D:\3.43\pic18-lt\cxx-framework\src\traditional\proc\p18f87j94.asm
                    FSR0L   0x000fe9       data     extern D:\3.43\pic18-lt\cxx-framework\src\traditional\proc\p18f87j94.asm
                    FSR0H   0x000fea       data     extern D:\3.43\pic18-lt\cxx-framework\src\traditional\proc\p18f87j94.asm
                   PLUSW0   0x000feb       data     extern D:\3.43\pic18-lt\cxx-framework\src\traditional\proc\p18f87j94.asm
                  PREINC0   0x000fec       data     extern D:\3.43\pic18-lt\cxx-framework\src\traditional\proc\p18f87j94.asm
                 POSTDEC0   0x000fed       data     extern D:\3.43\pic18-lt\cxx-framework\src\traditional\proc\p18f87j94.asm
                 POSTINC0   0x000fee       data     extern D:\3.43\pic18-lt\cxx-framework\src\traditional\proc\p18f87j94.asm
                    INDF0   0x000fef       data     extern D:\3.43\pic18-lt\cxx-framework\src\traditional\proc\p18f87j94.asm
              INTCON3bits   0x000ff0       data     extern D:\3.43\pic18-lt\cxx-framework\src\traditional\proc\p18f87j94.asm
                  INTCON3   0x000ff0       data     extern D:\3.43\pic18-lt\cxx-framework\src\traditional\proc\p18f87j94.asm
              INTCON2bits   0x000ff1       data     extern D:\3.43\pic18-lt\cxx-framework\src\traditional\proc\p18f87j94.asm
                  INTCON2   0x000ff1       data     extern D:\3.43\pic18-lt\cxx-framework\src\traditional\proc\p18f87j94.asm
               INTCONbits   0x000ff2       data     extern D:\3.43\pic18-lt\cxx-framework\src\traditional\proc\p18f87j94.asm
                   INTCON   0x000ff2       data     extern D:\3.43\pic18-lt\cxx-framework\src\traditional\proc\p18f87j94.asm
                    PRODL   0x000ff3       data     extern D:\3.43\pic18-lt\cxx-framework\src\traditional\proc\p18f87j94.asm
                     PROD   0x000ff3       data     extern D:\3.43\pic18-lt\cxx-framework\src\traditional\proc\p18f87j94.asm
                    PRODH   0x000ff4       data     extern D:\3.43\pic18-lt\cxx-framework\src\traditional\proc\p18f87j94.asm
                   TABLAT   0x000ff5       data     extern D:\3.43\pic18-lt\cxx-framework\src\traditional\proc\p18f87j94.asm
                   TBLPTR   0x000ff6       data     extern D:\3.43\pic18-lt\cxx-framework\src\traditional\proc\p18f87j94.asm
                  TBLPTRL   0x000ff6       data     extern D:\3.43\pic18-lt\cxx-framework\src\traditional\proc\p18f87j94.asm
                  TBLPTRH   0x000ff7       data     extern D:\3.43\pic18-lt\cxx-framework\src\traditional\proc\p18f87j94.asm
                  TBLPTRU   0x000ff8       data     extern D:\3.43\pic18-lt\cxx-framework\src\traditional\proc\p18f87j94.asm
                      PCL   0x000ff9       data     extern D:\3.43\pic18-lt\cxx-framework\src\traditional\proc\p18f87j94.asm
                       PC   0x000ff9       data     extern D:\3.43\pic18-lt\cxx-framework\src\traditional\proc\p18f87j94.asm
                   PCLATH   0x000ffa       data     extern D:\3.43\pic18-lt\cxx-framework\src\traditional\proc\p18f87j94.asm
                   PCLATU   0x000ffb       data     extern D:\3.43\pic18-lt\cxx-framework\src\traditional\proc\p18f87j94.asm
                   STKPTR   0x000ffc       data     extern D:\3.43\pic18-lt\cxx-framework\src\traditional\proc\p18f87j94.asm
               STKPTRbits   0x000ffc       data     extern D:\3.43\pic18-lt\cxx-framework\src\traditional\proc\p18f87j94.asm
                      TOS   0x000ffd       data     extern D:\3.43\pic18-lt\cxx-framework\src\traditional\proc\p18f87j94.asm
                     TOSL   0x000ffd       data     extern D:\3.43\pic18-lt\cxx-framework\src\traditional\proc\p18f87j94.asm
                     TOSH   0x000ffe       data     extern D:\3.43\pic18-lt\cxx-framework\src\traditional\proc\p18f87j94.asm
                     TOSU   0x000fff       data     extern D:\3.43\pic18-lt\cxx-framework\src\traditional\proc\p18f87j94.asm


