
 Start Length Name Class
 0001:00401000 00000A974H _TEXT                  CODE
 0002:0040C000 000002B8CH _DATA                  DATA
 0003:0040EB8C 000000880H _BSS                   BSS
 0004:00000000 00000009CH _TLS                   TLS


Detailed map of segments
 0001:0000008C 00000236 C=CODE    S=_TEXT    G=(none)   M=C:\PROGRAM FILES\BORLAND\CBUILDER6\LIB\C0D32.OBJ ACBP=A9
 0001:000002C2 00001880 C=CODE    S=_TEXT    G=(none)   M=C:\APP LIBS V2010-10\MICROCHIP SOLUTIONS\USB TOOLS\MCHPUSB CUSTOM DRIVER\MPUSBAPI\DLL\BORLAND_C\SOURCE\_MPUSBAPI.OBJ ACBP=A9
 0001:00001B44 0000000F C=CODE    S=_TEXT    G=(none)   M=C:\PROGRAM FILES\BORLAND\CBUILDER6\LIB\CW32.LIB|del ACBP=A9
 0001:00001B54 0000000F C=CODE    S=_TEXT    G=(none)   M=C:\PROGRAM FILES\BORLAND\CBUILDER6\LIB\CW32.LIB|delarray ACBP=A9
 0001:00001B64 000001B6 C=CODE    S=_TEXT    G=(none)   M=C:\PROGRAM FILES\BORLAND\CBUILDER6\LIB\CW32.LIB|new ACBP=A9
 0001:00001D1C 0000000F C=CODE    S=_TEXT    G=(none)   M=C:\PROGRAM FILES\BORLAND\CBUILDER6\LIB\CW32.LIB|newarray ACBP=A9
 0001:00001D2C 000000DB C=CODE    S=_TEXT    G=(none)   M=C:\PROGRAM FILES\BORLAND\CBUILDER6\LIB\CW32.LIB|setnew ACBP=A9
 0001:00001E00 00000111 C=CODE    S=_TEXT    G=(none)   M=C:\PROGRAM FILES\BORLAND\CBUILDER6\LIB\CW32.LIB|virtmem ACBP=A9
 0001:00001F14 0000009F C=CODE    S=_TEXT    G=(none)   M=C:\PROGRAM FILES\BORLAND\CBUILDER6\LIB\CW32.LIB|hrdir_b ACBP=A9
 0001:00001FB4 00000020 C=CODE    S=_TEXT    G=(none)   M=C:\PROGRAM FILES\BORLAND\CBUILDER6\LIB\CW32.LIB|hrdir_mf ACBP=A9
 0001:00001FD4 000000B8 C=CODE    S=_TEXT    G=(none)   M=C:\PROGRAM FILES\BORLAND\CBUILDER6\LIB\CW32.LIB|hrdir_s ACBP=A9
 0001:0000208C 00000001 C=CODE    S=_TEXT    G=(none)   M=C:\PROGRAM FILES\BORLAND\CBUILDER6\LIB\CW32.LIB|hrdir_us ACBP=A9
 0001:00002090 000009CC C=CODE    S=_TEXT    G=(none)   M=C:\PROGRAM FILES\BORLAND\CBUILDER6\LIB\CW32.LIB|heap ACBP=A9
 0001:00002A5C 00000292 C=CODE    S=_TEXT    G=(none)   M=C:\PROGRAM FILES\BORLAND\CBUILDER6\LIB\CW32.LIB|realloc ACBP=A9
 0001:00002CF0 00000001 C=CODE    S=_TEXT    G=(none)   M=C:\PROGRAM FILES\BORLAND\CBUILDER6\LIB\CW32.LIB|crtlst_i ACBP=A9
 0001:00002CF4 00000001 C=CODE    S=_TEXT    G=(none)   M=C:\PROGRAM FILES\BORLAND\CBUILDER6\LIB\CW32.LIB|crtlst_e ACBP=A9
 0001:00002CF8 00000001 C=CODE    S=_TEXT    G=(none)   M=C:\PROGRAM FILES\BORLAND\CBUILDER6\LIB\CW32.LIB|crtlst_l ACBP=A9
 0001:00002CFC 00000214 C=CODE    S=_TEXT    G=(none)   M=C:\PROGRAM FILES\BORLAND\CBUILDER6\LIB\CW32.LIB|predecl ACBP=A9
 0001:00002F06 00000102 C=CODE    S=_TEXT    G=(none)   M=C:\PROGRAM FILES\BORLAND\CBUILDER6\LIB\CW32.LIB|stdexcpt ACBP=A9
 0001:00002F84 00000024 C=CODE    S=_TEXT    G=(none)   M=C:\PROGRAM FILES\BORLAND\CBUILDER6\LIB\CW32.LIB|memcpy ACBP=A9
 0001:00002FA8 0000004A C=CODE    S=_TEXT    G=(none)   M=C:\PROGRAM FILES\BORLAND\CBUILDER6\LIB\CW32.LIB|memmove ACBP=A9
 0001:00002FF4 0000008A C=CODE    S=_TEXT    G=(none)   M=C:\PROGRAM FILES\BORLAND\CBUILDER6\LIB\CW32.LIB|memset ACBP=A9
 0001:00003080 00000018 C=CODE    S=_TEXT    G=(none)   M=C:\PROGRAM FILES\BORLAND\CBUILDER6\LIB\CW32.LIB|wmemset ACBP=A9
 0001:00003098 0000003C C=CODE    S=_TEXT    G=(none)   M=C:\PROGRAM FILES\BORLAND\CBUILDER6\LIB\CW32.LIB|strcat ACBP=A9
 0001:000030D4 0000005A C=CODE    S=_TEXT    G=(none)   M=C:\PROGRAM FILES\BORLAND\CBUILDER6\LIB\CW32.LIB|strlen ACBP=A9
 0001:00003130 0000006E C=CODE    S=_TEXT    G=(none)   M=C:\PROGRAM FILES\BORLAND\CBUILDER6\LIB\CW32.LIB|strncat ACBP=A9
 0001:000031A0 0000000A C=CODE    S=_TEXT    G=(none)   M=C:\PROGRAM FILES\BORLAND\CBUILDER6\LIB\CW32.LIB|__strstr ACBP=A9
 0001:000031AC 0000006C C=CODE    S=_TEXT    G=(none)   M=C:\PROGRAM FILES\BORLAND\CBUILDER6\LIB\CW32.LIB|memcmp ACBP=A9
 0001:00003218 00000054 C=CODE    S=_TEXT    G=(none)   M=C:\PROGRAM FILES\BORLAND\CBUILDER6\LIB\CW32.LIB|strstr ACBP=A9
 0001:0000326C 00000018 C=CODE    S=_TEXT    G=(none)   M=C:\PROGRAM FILES\BORLAND\CBUILDER6\LIB\CW32.LIB|wcslen ACBP=A9
 0001:00003284 0000003F C=CODE    S=_TEXT    G=(none)   M=C:\PROGRAM FILES\BORLAND\CBUILDER6\LIB\CW32.LIB|wcscpy ACBP=A9
 0001:000032C4 00000070 C=CODE    S=_TEXT    G=(none)   M=C:\PROGRAM FILES\BORLAND\CBUILDER6\LIB\CW32.LIB|xxa ACBP=A9
 0001:00003334 00000AB6 C=CODE    S=_TEXT    G=(none)   M=C:\PROGRAM FILES\BORLAND\CBUILDER6\LIB\CW32.LIB|xxtype ACBP=A9
 0001:00003DEA 000000B6 C=CODE    S=_TEXT    G=(none)   M=C:\PROGRAM FILES\BORLAND\CBUILDER6\LIB\CW32.LIB|xxut ACBP=A9
 0001:00003E8C 0000014B C=CODE    S=_TEXT    G=(none)   M=C:\PROGRAM FILES\BORLAND\CBUILDER6\LIB\CW32.LIB|xxv ACBP=A9
 0001:00003FD8 0000000A C=CODE    S=_TEXT    G=(none)   M=C:\PROGRAM FILES\BORLAND\CBUILDER6\LIB\CW32.LIB|defhandl ACBP=A9
 0001:00003FE4 00000179 C=CODE    S=_TEXT    G=(none)   M=C:\PROGRAM FILES\BORLAND\CBUILDER6\LIB\CW32.LIB|except ACBP=A9
 0001:00004160 00000046 C=CODE    S=_TEXT    G=(none)   M=C:\PROGRAM FILES\BORLAND\CBUILDER6\LIB\CW32.LIB|setexc ACBP=A9
 0001:000041A8 00000022 C=CODE    S=_TEXT    G=(none)   M=C:\PROGRAM FILES\BORLAND\CBUILDER6\LIB\CW32.LIB|ta ACBP=A9
 0001:000041CC 00000047 C=CODE    S=_TEXT    G=(none)   M=C:\PROGRAM FILES\BORLAND\CBUILDER6\LIB\CW32.LIB|__isatty ACBP=A9
 0001:00004214 00000076 C=CODE    S=_TEXT    G=(none)   M=C:\PROGRAM FILES\BORLAND\CBUILDER6\LIB\CW32.LIB|__lseek ACBP=A9
 0001:0000428C 0000011C C=CODE    S=_TEXT    G=(none)   M=C:\PROGRAM FILES\BORLAND\CBUILDER6\LIB\CW32.LIB|__write ACBP=A9
 0001:000043A8 00000011 C=CODE    S=_TEXT    G=(none)   M=C:\PROGRAM FILES\BORLAND\CBUILDER6\LIB\CW32.LIB|_cfinfo ACBP=A9
 0001:000043BC 00000038 C=CODE    S=_TEXT    G=(none)   M=C:\PROGRAM FILES\BORLAND\CBUILDER6\LIB\CW32.LIB|_flshall ACBP=A9
 0001:000043F4 00000061 C=CODE    S=_TEXT    G=(none)   M=C:\PROGRAM FILES\BORLAND\CBUILDER6\LIB\CW32.LIB|_write ACBP=A9
 0001:00004458 0000007D C=CODE    S=_TEXT    G=(none)   M=C:\PROGRAM FILES\BORLAND\CBUILDER6\LIB\CW32.LIB|allocbuf ACBP=A9
 0001:000044D8 0000007F C=CODE    S=_TEXT    G=(none)   M=C:\PROGRAM FILES\BORLAND\CBUILDER6\LIB\CW32.LIB|fflush ACBP=A9
 0001:00004558 0000005A C=CODE    S=_TEXT    G=(none)   M=C:\PROGRAM FILES\BORLAND\CBUILDER6\LIB\CW32.LIB|flushout ACBP=A9
 0001:000045B4 00000023 C=CODE    S=_TEXT    G=(none)   M=C:\PROGRAM FILES\BORLAND\CBUILDER6\LIB\CW32.LIB|fmodeptr ACBP=A9
 0001:000045D8 000000D9 C=CODE    S=_TEXT    G=(none)   M=C:\PROGRAM FILES\BORLAND\CBUILDER6\LIB\CW32.LIB|fputn ACBP=A9
 0001:000046B4 000002B9 C=CODE    S=_TEXT    G=(none)   M=C:\PROGRAM FILES\BORLAND\CBUILDER6\LIB\CW32.LIB|handles ACBP=A9
 0001:00004970 00000076 C=CODE    S=_TEXT    G=(none)   M=C:\PROGRAM FILES\BORLAND\CBUILDER6\LIB\CW32.LIB|ioerror ACBP=A9
 0001:000049E8 00000110 C=CODE    S=_TEXT    G=(none)   M=C:\PROGRAM FILES\BORLAND\CBUILDER6\LIB\CW32.LIB|lputc ACBP=A9
 0001:00004AF8 00000079 C=CODE    S=_TEXT    G=(none)   M=C:\PROGRAM FILES\BORLAND\CBUILDER6\LIB\CW32.LIB|perror ACBP=A9
 0001:00004AF8 00000023 C=CODE    S=_TEXT    G=(none)   M=C:\PROGRAM FILES\BORLAND\CBUILDER6\LIB\CW32.LIB|printf ACBP=A9
 0001:00004B1C 00000115 C=CODE    S=_TEXT    G=(none)   M=C:\PROGRAM FILES\BORLAND\CBUILDER6\LIB\CW32.LIB|streams ACBP=A9
 0001:00004C34 000009EC C=CODE    S=_TEXT    G=(none)   M=C:\PROGRAM FILES\BORLAND\CBUILDER6\LIB\CW32.LIB|vprinter ACBP=A9
 0001:00005620 00000027 C=CODE    S=_TEXT    G=(none)   M=C:\PROGRAM FILES\BORLAND\CBUILDER6\LIB\CW32.LIB|xfflush ACBP=A9
 0001:00005648 00000051 C=CODE    S=_TEXT    G=(none)   M=C:\PROGRAM FILES\BORLAND\CBUILDER6\LIB\CW32.LIB|getinfo ACBP=A9
 0001:0000569C 00000102 C=CODE    S=_TEXT    G=(none)   M=C:\PROGRAM FILES\BORLAND\CBUILDER6\LIB\CW32.LIB|is ACBP=A9
 0001:000057A0 00000103 C=CODE    S=_TEXT    G=(none)   M=C:\PROGRAM FILES\BORLAND\CBUILDER6\LIB\CW32.LIB|wis ACBP=A9
 0001:000058A4 00000043 C=CODE    S=_TEXT    G=(none)   M=C:\PROGRAM FILES\BORLAND\CBUILDER6\LIB\CW32.LIB|isctype ACBP=A9
 0001:000058E8 00000055 C=CODE    S=_TEXT    G=(none)   M=C:\PROGRAM FILES\BORLAND\CBUILDER6\LIB\CW32.LIB|iswctype ACBP=A9
 0001:00005940 00000024 C=CODE    S=_TEXT    G=(none)   M=C:\PROGRAM FILES\BORLAND\CBUILDER6\LIB\CW32.LIB|lstrlwr ACBP=A9
 0001:00005964 00000054 C=CODE    S=_TEXT    G=(none)   M=C:\PROGRAM FILES\BORLAND\CBUILDER6\LIB\CW32.LIB|ltolower ACBP=A9
 0001:000059B8 000004D0 C=CODE    S=_TEXT    G=(none)   M=C:\PROGRAM FILES\BORLAND\CBUILDER6\LIB\CW32.LIB|mbyte1 ACBP=A9
 0001:00005E88 00000200 C=CODE    S=_TEXT    G=(none)   M=C:\PROGRAM FILES\BORLAND\CBUILDER6\LIB\CW32.LIB|_ll ACBP=A9
 0001:00006088 00000188 C=CODE    S=_TEXT    G=(none)   M=C:\PROGRAM FILES\BORLAND\CBUILDER6\LIB\CW32.LIB|_pow10 ACBP=A9
 0001:00006210 00000013 C=CODE    S=_TEXT    G=(none)   M=C:\PROGRAM FILES\BORLAND\CBUILDER6\LIB\CW32.LIB|clear87 ACBP=A9
 0001:00006224 0000002F C=CODE    S=_TEXT    G=(none)   M=C:\PROGRAM FILES\BORLAND\CBUILDER6\LIB\CW32.LIB|ctrl87 ACBP=A9
 0001:00006254 00000018 C=CODE    S=_TEXT    G=(none)   M=C:\PROGRAM FILES\BORLAND\CBUILDER6\LIB\CW32.LIB|cvtentry ACBP=A9
 0001:0000626C 00000018 C=CODE    S=_TEXT    G=(none)   M=C:\PROGRAM FILES\BORLAND\CBUILDER6\LIB\CW32.LIB|cvtfak ACBP=A9
 0001:00006284 00000018 C=CODE    S=_TEXT    G=(none)   M=C:\PROGRAM FILES\BORLAND\CBUILDER6\LIB\CW32.LIB|cvtfakw ACBP=A9
 0001:0000629C 00000016 C=CODE    S=_TEXT    G=(none)   M=C:\PROGRAM FILES\BORLAND\CBUILDER6\LIB\CW32.LIB|fpreset ACBP=A9
 0001:000062B4 0000002D C=CODE    S=_TEXT    G=(none)   M=C:\PROGRAM FILES\BORLAND\CBUILDER6\LIB\CW32.LIB|fuildq ACBP=A9
 0001:000062E4 00000021 C=CODE    S=_TEXT    G=(none)   M=C:\PROGRAM FILES\BORLAND\CBUILDER6\LIB\CW32.LIB|fuistq ACBP=A9
 0001:00006308 00000011 C=CODE    S=_TEXT    G=(none)   M=C:\PROGRAM FILES\BORLAND\CBUILDER6\LIB\CW32.LIB|fxam ACBP=A9
 0001:0000631C 000000B1 C=CODE    S=_TEXT    G=(none)   M=C:\PROGRAM FILES\BORLAND\CBUILDER6\LIB\CW32.LIB|int64toa ACBP=A9
 0001:000063D0 00000117 C=CODE    S=_TEXT    G=(none)   M=C:\PROGRAM FILES\BORLAND\CBUILDER6\LIB\CW32.LIB|ldtrunc ACBP=A9
 0001:000064E8 0000008F C=CODE    S=_TEXT    G=(none)   M=C:\PROGRAM FILES\BORLAND\CBUILDER6\LIB\CW32.LIB|longtoa ACBP=A9
 0001:00006578 00000025 C=CODE    S=_TEXT    G=(none)   M=C:\PROGRAM FILES\BORLAND\CBUILDER6\LIB\CW32.LIB|qdiv10 ACBP=A9
 0001:000065A0 0000002E C=CODE    S=_TEXT    G=(none)   M=C:\PROGRAM FILES\BORLAND\CBUILDER6\LIB\CW32.LIB|qmul10 ACBP=A9
 0001:000065D0 000002F9 C=CODE    S=_TEXT    G=(none)   M=C:\PROGRAM FILES\BORLAND\CBUILDER6\LIB\CW32.LIB|realcvt ACBP=A9
 0001:000068CC 00000331 C=CODE    S=_TEXT    G=(none)   M=C:\PROGRAM FILES\BORLAND\CBUILDER6\LIB\CW32.LIB|realcvtw ACBP=A9
 0001:00006C00 000004E1 C=CODE    S=_TEXT    G=(none)   M=C:\PROGRAM FILES\BORLAND\CBUILDER6\LIB\CW32.LIB|scantod ACBP=A9
 0001:000070E4 000004DD C=CODE    S=_TEXT    G=(none)   M=C:\PROGRAM FILES\BORLAND\CBUILDER6\LIB\CW32.LIB|scanwtod ACBP=A9
 0001:000075C4 000002D2 C=CODE    S=_TEXT    G=(none)   M=C:\PROGRAM FILES\BORLAND\CBUILDER6\LIB\CW32.LIB|xcvt ACBP=A9
 0001:00007898 000002F1 C=CODE    S=_TEXT    G=(none)   M=C:\PROGRAM FILES\BORLAND\CBUILDER6\LIB\CW32.LIB|xcvtw ACBP=A9
 0001:00007B8C 00000139 C=CODE    S=_TEXT    G=(none)   M=C:\PROGRAM FILES\BORLAND\CBUILDER6\LIB\CW32.LIB|mbctype ACBP=A9
 0001:00007CC8 0000001A C=CODE    S=_TEXT    G=(none)   M=C:\PROGRAM FILES\BORLAND\CBUILDER6\LIB\CW32.LIB|mbisspc ACBP=A9
 0001:00007CE4 00000056 C=CODE    S=_TEXT    G=(none)   M=C:\PROGRAM FILES\BORLAND\CBUILDER6\LIB\CW32.LIB|mbsrchr ACBP=A9
 0001:00007D3C 000000A6 C=CODE    S=_TEXT    G=(none)   M=C:\PROGRAM FILES\BORLAND\CBUILDER6\LIB\CW32.LIB|assert ACBP=A9
 0001:00007DE4 000000B8 C=CODE    S=_TEXT    G=(none)   M=C:\PROGRAM FILES\BORLAND\CBUILDER6\LIB\CW32.LIB|ermsghlp ACBP=A9
 0001:00007E9C 00000006 C=CODE    S=_TEXT    G=(none)   M=C:\PROGRAM FILES\BORLAND\CBUILDER6\LIB\CW32.LIB|errno ACBP=A9
 0001:00007E9C 0000019B C=CODE    S=_TEXT    G=(none)   M=C:\PROGRAM FILES\BORLAND\CBUILDER6\LIB\CW32.LIB|errormsg ACBP=A9
 0001:00008038 00000089 C=CODE    S=_TEXT    G=(none)   M=C:\PROGRAM FILES\BORLAND\CBUILDER6\LIB\CW32.LIB|platform ACBP=A9
 0001:000080C4 00000022 C=CODE    S=_TEXT    G=(none)   M=C:\PROGRAM FILES\BORLAND\CBUILDER6\LIB\CW32.LIB|abort ACBP=A9
 0001:000080E8 000000A7 C=CODE    S=_TEXT    G=(none)   M=C:\PROGRAM FILES\BORLAND\CBUILDER6\LIB\CW32.LIB|exit ACBP=A9
 0001:00008190 00000011 C=CODE    S=_TEXT    G=(none)   M=C:\PROGRAM FILES\BORLAND\CBUILDER6\LIB\CW32.LIB|exparg ACBP=A9
 0001:000081A4 00000011 C=CODE    S=_TEXT    G=(none)   M=C:\PROGRAM FILES\BORLAND\CBUILDER6\LIB\CW32.LIB|wexparg ACBP=A9
 0001:000081B8 000001E5 C=CODE    S=_TEXT    G=(none)   M=C:\PROGRAM FILES\BORLAND\CBUILDER6\LIB\CW32.LIB|hsargv ACBP=A9
 0001:000083A0 00000227 C=CODE    S=_TEXT    G=(none)   M=C:\PROGRAM FILES\BORLAND\CBUILDER6\LIB\CW32.LIB|whsargv ACBP=A9
 0001:000085C8 000002F8 C=CODE    S=_TEXT    G=(none)   M=C:\PROGRAM FILES\BORLAND\CBUILDER6\LIB\CW32.LIB|signal ACBP=A9
 0001:000088C0 00000157 C=CODE    S=_TEXT    G=(none)   M=C:\PROGRAM FILES\BORLAND\CBUILDER6\LIB\CW32.LIB|initexit ACBP=A9
 0001:00008A18 000000FE C=CODE    S=_TEXT    G=(none)   M=C:\PROGRAM FILES\BORLAND\CBUILDER6\LIB\CW32.LIB|startupd ACBP=A9
 0001:00008B18 000000F6 C=CODE    S=_TEXT    G=(none)   M=C:\PROGRAM FILES\BORLAND\CBUILDER6\LIB\CW32.LIB|dllx ACBP=A9
 0001:00008C10 00000005 C=CODE    S=_TEXT    G=(none)   M=C:\PROGRAM FILES\BORLAND\CBUILDER6\LIB\CW32.LIB|dllstub ACBP=A9
 0001:00008C18 0000004F C=CODE    S=_TEXT    G=(none)   M=C:\PROGRAM FILES\BORLAND\CBUILDER6\LIB\CW32.LIB|tlsstat ACBP=A9
 0001:00008C68 00001BA2 C=CODE    S=_TEXT    G=(none)   M=C:\PROGRAM FILES\BORLAND\CBUILDER6\LIB\CW32.LIB|xx ACBP=A9
 0002:00000000 00000104 C=DATA    S=_DATA    G=DGROUP   M=C:\PROGRAM FILES\BORLAND\CBUILDER6\LIB\C0D32.OBJ ACBP=A9
 0002:00000104 000003D8 C=DATA    S=_DATA    G=DGROUP   M=C:\APP LIBS V2010-10\MICROCHIP SOLUTIONS\USB TOOLS\MCHPUSB CUSTOM DRIVER\MPUSBAPI\DLL\BORLAND_C\SOURCE\_MPUSBAPI.OBJ ACBP=A9
 0002:000004DC 00000070 C=DATA    S=_DATA    G=DGROUP   M=C:\PROGRAM FILES\BORLAND\CBUILDER6\LIB\CW32.LIB|new ACBP=A9
 0002:0000054C 00000088 C=DATA    S=_DATA    G=DGROUP   M=C:\PROGRAM FILES\BORLAND\CBUILDER6\LIB\CW32.LIB|setnew ACBP=A9
 0002:000005C0 00000004 C=DATA    S=_DATA    G=DGROUP   M=C:\PROGRAM FILES\BORLAND\CBUILDER6\LIB\CW32.LIB|virtmem ACBP=A9
 0002:000005C4 00000098 C=DATA    S=_DATA    G=DGROUP   M=C:\PROGRAM FILES\BORLAND\CBUILDER6\LIB\CW32.LIB|hrdir_b ACBP=A9
 0002:0000065C 00000020 C=DATA    S=_DATA    G=DGROUP   M=C:\PROGRAM FILES\BORLAND\CBUILDER6\LIB\CW32.LIB|hrdir_s ACBP=A9
 0002:0000067C 00000040 C=DATA    S=_DATA    G=DGROUP   M=C:\PROGRAM FILES\BORLAND\CBUILDER6\LIB\CW32.LIB|heap ACBP=A9
 0002:000006BC 00000070 C=DATA    S=_DATA    G=DGROUP   M=C:\PROGRAM FILES\BORLAND\CBUILDER6\LIB\CW32.LIB|predecl ACBP=A9
 0002:0000072C 00000095 C=DATA    S=_DATA    G=DGROUP   M=C:\PROGRAM FILES\BORLAND\CBUILDER6\LIB\CW32.LIB|stdexcpt ACBP=A9
 0002:000007C0 00000004 C=DATA    S=_DATA    G=DGROUP   M=C:\PROGRAM FILES\BORLAND\CBUILDER6\LIB\CW32.LIB|xx_xpf ACBP=A9
 0002:000007C4 00000348 C=DATA    S=_DATA    G=DGROUP   M=C:\PROGRAM FILES\BORLAND\CBUILDER6\LIB\CW32.LIB|xxtype ACBP=A9
 0002:00000B0C 0000003C C=DATA    S=_DATA    G=DGROUP   M=C:\PROGRAM FILES\BORLAND\CBUILDER6\LIB\CW32.LIB|xxut ACBP=A9
 0002:00000B48 000000E4 C=DATA    S=_DATA    G=DGROUP   M=C:\PROGRAM FILES\BORLAND\CBUILDER6\LIB\CW32.LIB|xxv ACBP=A9
 0002:00000C2C 00000014 C=DATA    S=_DATA    G=DGROUP   M=C:\PROGRAM FILES\BORLAND\CBUILDER6\LIB\CW32.LIB|except ACBP=A9
 0002:00000C40 00000004 C=DATA    S=_DATA    G=DGROUP   M=C:\PROGRAM FILES\BORLAND\CBUILDER6\LIB\CW32.LIB|_cfinfo ACBP=A9
 0002:00000C44 00000004 C=DATA    S=_DATA    G=DGROUP   M=C:\PROGRAM FILES\BORLAND\CBUILDER6\LIB\CW32.LIB|cfinfo ACBP=A9
 0002:00000C48 000004B0 C=DATA    S=_DATA    G=DGROUP   M=C:\PROGRAM FILES\BORLAND\CBUILDER6\LIB\CW32.LIB|files ACBP=A9
 0002:000010F8 000000CC C=DATA    S=_DATA    G=DGROUP   M=C:\PROGRAM FILES\BORLAND\CBUILDER6\LIB\CW32.LIB|files2 ACBP=A9
 0002:000011C4 00000004 C=DATA    S=_DATA    G=DGROUP   M=C:\PROGRAM FILES\BORLAND\CBUILDER6\LIB\CW32.LIB|fmode ACBP=A9
 0002:000011C8 00000004 C=DATA    S=_DATA    G=DGROUP   M=C:\PROGRAM FILES\BORLAND\CBUILDER6\LIB\CW32.LIB|fmodeptr ACBP=A9
 0002:000011CC 0000012B C=DATA    S=_DATA    G=DGROUP   M=C:\PROGRAM FILES\BORLAND\CBUILDER6\LIB\CW32.LIB|ioerror ACBP=A9
 0002:000012F8 0000047C C=DATA    S=_DATA    G=DGROUP   M=C:\PROGRAM FILES\BORLAND\CBUILDER6\LIB\CW32.LIB|perror ACBP=A9
 0002:00001774 00000076 C=DATA    S=_DATA    G=DGROUP   M=C:\PROGRAM FILES\BORLAND\CBUILDER6\LIB\CW32.LIB|vprinter ACBP=A9
 0002:000017EC 00000202 C=DATA    S=_DATA    G=DGROUP   M=C:\PROGRAM FILES\BORLAND\CBUILDER6\LIB\CW32.LIB|bigctype ACBP=A9
 0002:000019F0 00000100 C=DATA    S=_DATA    G=DGROUP   M=C:\PROGRAM FILES\BORLAND\CBUILDER6\LIB\CW32.LIB|clower ACBP=A9
 0002:00001AF0 00000260 C=DATA    S=_DATA    G=DGROUP   M=C:\PROGRAM FILES\BORLAND\CBUILDER6\LIB\CW32.LIB|clocale ACBP=A9
 0002:00001D50 000000C0 C=DATA    S=_DATA    G=DGROUP   M=C:\PROGRAM FILES\BORLAND\CBUILDER6\LIB\CW32.LIB|_pow10 ACBP=A9
 0002:00001E10 00000068 C=DATA    S=_DATA    G=DGROUP   M=C:\PROGRAM FILES\BORLAND\CBUILDER6\LIB\CW32.LIB|cvtfak ACBP=A9
 0002:00001E78 00000068 C=DATA    S=_DATA    G=DGROUP   M=C:\PROGRAM FILES\BORLAND\CBUILDER6\LIB\CW32.LIB|cvtfakw ACBP=A9
 0002:00001EE0 00000004 C=DATA    S=_DATA    G=DGROUP   M=C:\PROGRAM FILES\BORLAND\CBUILDER6\LIB\CW32.LIB|deflt87 ACBP=A9
 0002:00001EE4 0000007C C=DATA    S=_DATA    G=DGROUP   M=C:\PROGRAM FILES\BORLAND\CBUILDER6\LIB\CW32.LIB|hugeval ACBP=A9
 0002:00001F60 00000008 C=DATA    S=_DATA    G=DGROUP   M=C:\PROGRAM FILES\BORLAND\CBUILDER6\LIB\CW32.LIB|initcvt ACBP=A9
 0002:00001F68 00000014 C=DATA    S=_DATA    G=DGROUP   M=C:\PROGRAM FILES\BORLAND\CBUILDER6\LIB\CW32.LIB|realcvt ACBP=A9
 0002:00001F7C 00000028 C=DATA    S=_DATA    G=DGROUP   M=C:\PROGRAM FILES\BORLAND\CBUILDER6\LIB\CW32.LIB|realcvtw ACBP=A9
 0002:00001FA4 00000028 C=DATA    S=_DATA    G=DGROUP   M=C:\PROGRAM FILES\BORLAND\CBUILDER6\LIB\CW32.LIB|scantod ACBP=A9
 0002:00001FCC 00000028 C=DATA    S=_DATA    G=DGROUP   M=C:\PROGRAM FILES\BORLAND\CBUILDER6\LIB\CW32.LIB|scanwtod ACBP=A9
 0002:00001FF4 00000048 C=DATA    S=_DATA    G=DGROUP   M=C:\PROGRAM FILES\BORLAND\CBUILDER6\LIB\CW32.LIB|mbctype ACBP=A9
 0002:0000203C 00000024 C=DATA    S=_DATA    G=DGROUP   M=C:\PROGRAM FILES\BORLAND\CBUILDER6\LIB\CW32.LIB|assert ACBP=A9
 0002:00002060 00000024 C=DATA    S=_DATA    G=DGROUP   M=C:\PROGRAM FILES\BORLAND\CBUILDER6\LIB\CW32.LIB|ermsghlp ACBP=A9
 0002:00002084 00000004 C=DATA    S=_DATA    G=DGROUP   M=C:\PROGRAM FILES\BORLAND\CBUILDER6\LIB\CW32.LIB|errno ACBP=A9
 0002:00002088 00000010 C=DATA    S=_DATA    G=DGROUP   M=C:\PROGRAM FILES\BORLAND\CBUILDER6\LIB\CW32.LIB|errormsg ACBP=A9
 0002:00002098 00000028 C=DATA    S=_DATA    G=DGROUP   M=C:\PROGRAM FILES\BORLAND\CBUILDER6\LIB\CW32.LIB|platform ACBP=A9
 0002:000020C0 00000020 C=DATA    S=_DATA    G=DGROUP   M=C:\PROGRAM FILES\BORLAND\CBUILDER6\LIB\CW32.LIB|abort ACBP=A9
 0002:000020E0 00000004 C=DATA    S=_DATA    G=DGROUP   M=C:\PROGRAM FILES\BORLAND\CBUILDER6\LIB\CW32.LIB|patexit ACBP=A9
 0002:000020E4 0000000C C=DATA    S=_DATA    G=DGROUP   M=C:\PROGRAM FILES\BORLAND\CBUILDER6\LIB\CW32.LIB|exit ACBP=A9
 0002:000020F0 00000004 C=DATA    S=_DATA    G=DGROUP   M=C:\PROGRAM FILES\BORLAND\CBUILDER6\LIB\CW32.LIB|lonedll ACBP=A9
 0002:000020F4 00000028 C=DATA    S=_DATA    G=DGROUP   M=C:\PROGRAM FILES\BORLAND\CBUILDER6\LIB\CW32.LIB|hsargv ACBP=A9
 0002:0000211C 00000024 C=DATA    S=_DATA    G=DGROUP   M=C:\PROGRAM FILES\BORLAND\CBUILDER6\LIB\CW32.LIB|whsargv ACBP=A9
 0002:00002140 00000004 C=DATA    S=_DATA    G=DGROUP   M=C:\PROGRAM FILES\BORLAND\CBUILDER6\LIB\CW32.LIB|wildptr ACBP=A9
 0002:00002144 00000004 C=DATA    S=_DATA    G=DGROUP   M=C:\PROGRAM FILES\BORLAND\CBUILDER6\LIB\CW32.LIB|wwildptr ACBP=A9
 0002:00002148 0000005E C=DATA    S=_DATA    G=DGROUP   M=C:\PROGRAM FILES\BORLAND\CBUILDER6\LIB\CW32.LIB|signal ACBP=A9
 0002:000021A8 00000004 C=DATA    S=_DATA    G=DGROUP   M=C:\PROGRAM FILES\BORLAND\CBUILDER6\LIB\CW32.LIB|globals ACBP=A9
 0002:000021AC 00000004 C=DATA    S=_DATA    G=DGROUP   M=C:\PROGRAM FILES\BORLAND\CBUILDER6\LIB\CW32.LIB|initexit ACBP=A9
 0002:000021B0 00000150 C=DATA    S=_DATA    G=DGROUP   M=C:\PROGRAM FILES\BORLAND\CBUILDER6\LIB\CW32.LIB|dllx ACBP=A9
 0002:00002300 0000088C C=DATA    S=_DATA    G=DGROUP   M=C:\PROGRAM FILES\BORLAND\CBUILDER6\LIB\CW32.LIB|xx ACBP=A9
 0003:00000000 00000020 C=BSS     S=_BSS     G=DGROUP   M=C:\APP LIBS V2010-10\MICROCHIP SOLUTIONS\USB TOOLS\MCHPUSB CUSTOM DRIVER\MPUSBAPI\DLL\BORLAND_C\SOURCE\_MPUSBAPI.OBJ ACBP=A9
 0003:00000020 00000008 C=BSS     S=_BSS     G=DGROUP   M=C:\PROGRAM FILES\BORLAND\CBUILDER6\LIB\CW32.LIB|setnew ACBP=A9
 0003:00000028 00000018 C=BSS     S=_BSS     G=DGROUP   M=C:\PROGRAM FILES\BORLAND\CBUILDER6\LIB\CW32.LIB|hrdir_b ACBP=A9
 0003:00000040 00000008 C=BSS     S=_BSS     G=DGROUP   M=C:\PROGRAM FILES\BORLAND\CBUILDER6\LIB\CW32.LIB|predecl ACBP=A9
 0003:00000048 00000408 C=BSS     S=_BSS     G=DGROUP   M=C:\PROGRAM FILES\BORLAND\CBUILDER6\LIB\CW32.LIB|xxtype ACBP=A9
 0003:00000450 00000008 C=BSS     S=_BSS     G=DGROUP   M=C:\PROGRAM FILES\BORLAND\CBUILDER6\LIB\CW32.LIB|xxv ACBP=A9
 0003:00000458 00000008 C=BSS     S=_BSS     G=DGROUP   M=C:\PROGRAM FILES\BORLAND\CBUILDER6\LIB\CW32.LIB|except ACBP=A9
 0003:00000460 00000190 C=BSS     S=_BSS     G=DGROUP   M=C:\PROGRAM FILES\BORLAND\CBUILDER6\LIB\CW32.LIB|files2 ACBP=A9
 0003:000005F0 00000004 C=BSS     S=_BSS     G=DGROUP   M=C:\PROGRAM FILES\BORLAND\CBUILDER6\LIB\CW32.LIB|ioerror ACBP=A9
 0003:000005F4 00000108 C=BSS     S=_BSS     G=DGROUP   M=C:\PROGRAM FILES\BORLAND\CBUILDER6\LIB\CW32.LIB|mbctype ACBP=A9
 0003:000006FC 00000100 C=BSS     S=_BSS     G=DGROUP   M=C:\PROGRAM FILES\BORLAND\CBUILDER6\LIB\CW32.LIB|assert ACBP=A9
 0003:000007FC 00000019 C=BSS     S=_BSS     G=DGROUP   M=C:\PROGRAM FILES\BORLAND\CBUILDER6\LIB\CW32.LIB|ermsghlp ACBP=A9
 0003:00000818 00000004 C=BSS     S=_BSS     G=DGROUP   M=C:\PROGRAM FILES\BORLAND\CBUILDER6\LIB\CW32.LIB|platform ACBP=A9
 0003:0000081C 00000004 C=BSS     S=_BSS     G=DGROUP   M=C:\PROGRAM FILES\BORLAND\CBUILDER6\LIB\CW32.LIB|hsargv ACBP=A9
 0003:00000820 00000004 C=BSS     S=_BSS     G=DGROUP   M=C:\PROGRAM FILES\BORLAND\CBUILDER6\LIB\CW32.LIB|whsargv ACBP=A9
 0003:00000824 00000004 C=BSS     S=_BSS     G=DGROUP   M=C:\PROGRAM FILES\BORLAND\CBUILDER6\LIB\CW32.LIB|rawdll ACBP=A9
 0003:00000828 00000040 C=BSS     S=_BSS     G=DGROUP   M=C:\PROGRAM FILES\BORLAND\CBUILDER6\LIB\CW32.LIB|globals ACBP=A9
 0003:00000868 00000004 C=BSS     S=_BSS     G=DGROUP   M=C:\PROGRAM FILES\BORLAND\CBUILDER6\LIB\CW32.LIB|startupd ACBP=A9
 0003:0000086C 00000004 C=BSS     S=_BSS     G=DGROUP   M=C:\PROGRAM FILES\BORLAND\CBUILDER6\LIB\CW32.LIB|dllx ACBP=A9
 0003:00000870 00000010 C=BSS     S=_BSS     G=DGROUP   M=C:\PROGRAM FILES\BORLAND\CBUILDER6\LIB\CW32.LIB|xx ACBP=A9
 0004:00000000 0000009C C=TLS     S=_TLS     G=DGROUP   M=C:\PROGRAM FILES\BORLAND\CBUILDER6\LIB\CW32.LIB|xxv ACBP=A9

 Address Publics by Name

 0001:00001B44  @$bdele$qpv
 0001:00001B54  @$bdla$qpv
 0001:00001B78  @$bnew$qui
 0001:00001D1C  @$bnwa$qui
 0001:00002DD0  @$xt$12std@bad_cast
 0001:00001C08  @$xt$13std@bad_alloc
 0001:00001CB8  @$xt$13std@exception
 0001:00003D20  @$xt$13std@type_info
 0001:00002E28  @$xt$14std@bad_typeid
 0001:00003D6C  @$xt$14type_info_hash
 0001:00001CA0  @$xt$p13std@bad_alloc
 0003:000005F4  @B1581_2
 0003:000006FC  @B1717_2
 0003:000007FC  @B1733_2
 0003:00000818  @B1745_2
 0003:0000081C  @B1829_2
 0003:00000820  @B1831_2
 0003:00000824  @B1923_0
 0003:00000828  @B1925_1
 0003:00000868  @B1933_1
 0003:0000086C  @B1937_2
 0003:00000870  @B2023_2
 0003:00000000  @B2_2
 0003:00000020  @B335_2
 0003:00000028  @B357_2
 0003:00000040  @B401_2
 0003:00000048  @B671_2
 0003:00000450  @B675_2
 0003:00000458  @B681_2
 0003:00000460  @B871_1
 0003:000005F0  @B949_2
 0001:00004B1C  @C1049_0
 0001:00004BD8  @C1049_1
 0001:00004C34  @C1077_0
 0001:00005620  @C1155_0
 0001:00005648  @C1169_0
 0001:0000569C  @C1177_0
 0001:000057A0  @C1179_0
 0001:000058A4  @C1181_0
 0001:000058E8  @C1183_0
 0001:00005940  @C1209_0
 0001:00005964  @C1221_0
 0001:000059B8  @C1229_0
 0001:00005E88  @C1281_0
 0001:00006088  @C1321_0
 0001:00006210  @C1357_0
 0001:00006224  @C1371_0
 0001:00006254  @C1373_0
 0001:0000626C  @C1377_0
 0001:00006284  @C1379_0
 0001:0000629C  @C1419_0
 0001:000062B4  @C1427_0
 0001:000062E4  @C1429_0
 0001:00006308  @C1431_0
 0001:0000631C  @C1447_0
 0001:000063D0  @C1457_0
 0001:000064E8  @C1467_0
 0001:00006578  @C1505_0
 0001:000065A0  @C1507_0
 0001:000065D0  @C1511_0
 0001:000068CC  @C1513_0
 0001:00006C00  @C1521_0
 0001:000070E4  @C1523_0
 0001:000075C4  @C1567_0
 0001:00007898  @C1569_0
 0001:00007B8C  @C1581_0
 0001:00007CB8  @C1581_3
 0001:00007CC8  @C1603_0
 0001:00007CE4  @C1665_0
 0001:00007D3C  @C1717_0
 0001:00007DE4  @C1733_0
 0001:00007E9C  @C1737_0
 0001:00008038  @C1745_0
 0001:00008038  @C1745_3
 0001:000080C4  @C1765_0
 0001:000080E8  @C1803_0
 0001:00008190  @C1813_0
 0001:000081A4  @C1815_0
 0001:000081B8  @C1829_0
 0001:000083A0  @C1831_0
 0001:000085C8  @C1907_0
 0001:000088C0  @C1927_0
 0001:00008A18  @C1933_0
 0001:00008B18  @C1937_0
 0001:00008C10  @C1939_0
 0001:00008C18  @C1943_0
 0001:0000008C  @C1_0
 0001:00008C68  @C2023_0
 0001:00008C68  @C2023_3
 0001:00001B44  @C327_0
 0001:00001B54  @C329_0
 0001:00001B64  @C331_0
 0001:00001D1C  @C333_0
 0001:00001D2C  @C335_0
 0001:00001D80  @C335_3
 0001:00001D8C  @C335_4
 0001:00001DCC  @C335_5
 0001:00001E00  @C355_0
 0001:00001F14  @C357_0
 0001:00001FB4  @C363_0
 0001:00001FD4  @C367_0
 0001:00002070  @C367_2
 0001:0000208C  @C369_0
 0001:00002090  @C373_0
 0001:00002A5C  @C393_0
 0001:00002CF0  @C395_0
 0001:00002CF4  @C397_0
 0001:00002CF8  @C399_0
 0001:00002CFC  @C401_0
 0001:00002D2C  @C401_3
 0001:00002D88  @C401_4
 0001:00002F84  @C543_0
 0001:00002FA8  @C547_0
 0001:00002FF4  @C549_0
 0001:00003080  @C551_0
 0001:00003098  @C565_0
 0001:000030D4  @C573_0
 0001:00003130  @C575_0
 0001:000031A0  @C587_0
 0001:000031AC  @C591_0
 0001:00003218  @C619_0
 0001:0000326C  @C625_0
 0001:00003284  @C627_0
 0001:000032C4  @C667_0
 0001:00003334  @C671_0
 0001:000037E7  @C671_3
 0001:0000348B  @C671_4
 0001:00003812  @C671_5
 0001:00003E8C  @C675_0
 0001:00003E8C  @C675_4
 0001:00003FD8  @C677_0
 0001:00003FE4  @C681_0
 0001:00004120  @C681_3
 0001:00004138  @C681_4
 0001:00004160  @C685_0
 0001:000041A8  @C687_0
 0001:000041CC  @C703_0
 0001:00004214  @C705_0
 0001:0000428C  @C715_0
 0001:000043A8  @C717_0
 0001:000043BC  @C735_0
 0001:000043F4  @C791_0
 0001:00004458  @C795_0
 0001:000044D8  @C857_0
 0001:00004558  @C879_0
 0001:000045B4  @C883_0
 0001:000045D8  @C897_0
 0001:000046B4  @C947_0
 0001:00004970  @C949_0
 0001:000049E8  @C963_0
 0001:00004AF8  @C983_0
 0002:00001774  @D1077_1
 0002:000017EC  @D1157_0
 0002:000019F0  @D1163_0
 0002:00001AF0  @D1187_0
 0002:00001D50  @D1321_1
 0002:00001E10  @D1377_1
 0002:00001E78  @D1379_1
 0002:00001EE0  @D1381_0
 0002:00001EE4  @D1435_0
 0002:00001F60  @D1445_0
 0002:00001F68  @D1511_1
 0002:00001F7C  @D1513_1
 0002:00001FA4  @D1521_1
 0002:00001FCC  @D1523_1
 0002:00001FF4  @D1581_1
 0002:0000203C  @D1717_1
 0002:00002060  @D1733_1
 0002:00002084  @D1735_1
 0002:00002088  @D1737_1
 0002:00002098  @D1745_1
 0002:000020C0  @D1765_1
 0002:000020E0  @D1767_0
 0002:000020E4  @D1803_1
 0002:000020F0  @D1809_0
 0002:000020F4  @D1829_1
 0002:0000211C  @D1831_1
 0002:00002140  @D1885_0
 0002:00002144  @D1887_0
 0002:00002148  @D1907_1
 0002:000021A8  @D1925_0
 0002:000021AC  @D1927_1
 0002:000021B0  @D1937_1
 0002:00000000  @D1_1
 0002:00002300  @D2023_1
 0002:00000104  @D2_1
 0002:000004DC  @D331_1
 0002:0000054C  @D335_1
 0002:000005C0  @D355_1
 0002:000005C4  @D357_1
 0002:0000065C  @D367_1
 0002:0000067C  @D373_1
 0002:000006BC  @D401_1
 0002:0000072C  @D463_1
 0002:000007C0  @D669_0
 0002:000007C4  @D671_1
 0002:00000B0C  @D673_1
 0002:00000B48  @D675_1
 0002:00000C2C  @D681_1
 0002:00000C40  @D717_1
 0002:00000C44  @D797_0
 0002:00000C48  @D869_0
 0002:000010F8  @D871_0
 0002:000011C4  @D881_0
 0002:000011C8  @D883_1
 0002:000011CC  @D949_1
 0002:000012F8  @D981_1
 0001:00000730  @MPUSBGetDeviceLink$qulpct2ulpul
 0001:0000041C  @MPUSBIsVidPidEqual$qpct1
 0001:0000028E  @Sysinit@@GetTls$qqrv
 0004:00000000  @T675_3
 0001:00001AC8  @WinUSB_MPUSBClose$qpv
 0001:0000116C  @WinUSB_MPUSBGetConfigurationDescriptor$qpvuct1ulpul
 0001:00001084  @WinUSB_MPUSBGetDeviceDescriptor$qpvt1ulpul
 0001:00001248  @WinUSB_MPUSBGetStringDescriptor$qpvucust1ulpul
 0001:00000A3C  @WinUSB_MPUSBOpen$qulpct2ulul
 0001:0000143C  @WinUSB_MPUSBRead$qpvt1ulpulul
 0001:00001958  @WinUSB_MPUSBReadInt$qpvt1ulpulul
 0001:00001300  @WinUSB_MPUSBSetConfiguration$qpvus
 0001:000016B4  @WinUSB_MPUSBWrite$qpvt1ulpulul
 0002:00000BF8  @_$CHVC$@__call_terminate$qv
 0002:00000B14  @_$CHVC$@std@terminate$qv
 0002:0000079C  @_$DCTFE$@std@bad_alloc@$bdtr$qv
 0002:000006F4  @_$ECTTN$@std@bad_typeid@$bdtr$qv
 0002:000007AC  @_$ECTUFE$@std@bad_alloc@$bdtr$qv
 0002:000006FC  @_$ECTUN$@std@bad_cast@$bdtr$qv
 0002:00000AE4  @_$ECTWC$@__GetTypeInfo$qpvt1t1
 0002:00000C18  @_$ECTWC$@__call_terminate$qv
 0002:00000B34  @_$ECTWC$@std@terminate$qv
 0001:00009494  @_CatchCleanup$qv
 0001:00003DEC  @_InitTermAndUnexPtrs$qv
 0001:000092ED  @_ReThrowException$quipuc
 0001:000092B8  @_ThrowExceptionLDTC$qpvt1t1t1uiuiuipuct1
 0001:000032FD  @__ExitExceptBlock
 0001:00003AEC  @__GetTypeInfo$qpvt1t1
 0001:000032C4  @__InitExceptBlockLDTC
 0001:00003CA4  @__adjustClassAdr$qpvp4tpidt2
 0001:00003948  @__isCompatTypeID$qp4tpidt1ipp4tpid
 0001:0000386C  @__isSameTypeID$qp4tpidt1
 0002:00000734  @__rwstd@__rw_stdexcept_BadAllocException
 0002:00000730  @__rwstd@__rw_stdexcept_BadException
 0002:00000738  @__rwstd@__rw_stdexcept_Error
 0002:0000072C  @__rwstd@__rw_stdexcept_NoNamedException
 0001:00003834  @__typeIDname$qp4tpid
 0001:00001E6C  @_virt_alloc
 0001:00001E94  @_virt_commit
 0001:00001EE0  @_virt_decommit
 0001:00001EF8  @_virt_release
 0001:00001E00  @_virt_reserve
 0001:000041C3  @invokeHnd$qv
 0001:000041A8  @jump$qv
 0001:00001C60  @std@bad_alloc@$bctr$qrx13std@bad_alloc
 0001:00002F28  @std@bad_alloc@$bdtr$qv
 0002:00000538  @std@bad_alloc@3
 0001:00001D10  @std@bad_alloc@what$xqv
 0001:00002EC4  @std@bad_cast@$bdtr$qv
 0002:00000718  @std@bad_cast@3
 0001:00003C24  @std@bad_typeid@$bctr$qrx14std@bad_typeid
 0001:00002E80  @std@bad_typeid@$bdtr$qv
 0002:00000704  @std@bad_typeid@3
 0001:00002F08  @std@exception@$bdtr$qv
 0002:00000524  @std@exception@3
 0001:00001D04  @std@exception@what$xqv
 0001:00001B64  @std@set_new_handler$qpqv$v
 0001:000031A5  @std@strstr$qpcpxc
 0001:000031A0  @std@strstr$qpxct1
 0001:00003E14  @std@terminate$qv
 0001:00003A58  @std@type_info@$bdtr$qv
 0001:00003A78  @std@type_info@$beql$xqrx13std@type_info
 0002:00000AFC  @std@type_info@3
 0001:00003C3C  @std@type_info@name$xqv
 0001:00003E64  @std@unexpected$qv
 0001:00003DC4  @type_info_hash@$bdtr$qv
 0002:00000AEC  @type_info_hash@3
 0001:000002C4  DllEntryPoint
 0002:00000118  _ApparentOpenPipes
 0002:00001C00  _CLOCALE
 0002:00001AF0  _CMonetary
 0002:00001B24  _CNumeric
 0002:00001B3C  _CTimeDate
 0002:000004BC  _GUID_DEVINTERFACE_MCHPUSB
 0002:000004CC  _GUID_DEVINTERFACE_WINUSB
 0002:0000010C  _GlobalWinUSBDeviceHandle
 0002:00000110  _GlobalWinUSBInterfaceHandle
 0001:00001A9C  _MPUSBClose
 0001:000010D4  _MPUSBGetConfigurationDescriptor
 0001:00000414  _MPUSBGetDLLVersion
 0001:000008FC  _MPUSBGetDeviceCount
 0001:00001000  _MPUSBGetDeviceDescriptor
 0001:000011BC  _MPUSBGetStringDescriptor
 0001:0000092C  _MPUSBOpen
 0001:00001310  _MPUSBRead
 0001:00001800  _MPUSBReadInt
 0001:00001298  _MPUSBSetConfiguration
 0001:00001588  _MPUSBWrite
 0002:00000104  _UsingWinUSBDriver
 0002:00000114  _WinUSBInterfaceInitialized
 0002:00000108  _WinUSBLibraryLoaded
 0003:00000010  _WinUsbDLL_AbortPipe
 0003:00000014  _WinUsbDLL_Free
 0003:0000001C  _WinUsbDLL_GetDescriptor
 0003:00000004  _WinUsbDLL_Initialize
 0003:00000008  _WinUsbDLL_ReadPipe
 0003:00000018  _WinUsbDLL_SetPowerPolicy
 0003:0000000C  _WinUsbDLL_WritePipe
 0003:00000828  __C0argc
 0003:0000082C  __C0argv
 0003:00000830  __C0environ
 0001:00008BAC  __CRTL_DLLEntryPointWrapper
 0001:0000A7B6  __CurrExcContext
 0003:00000450  __DestructorCountPtr
 0001:00008020  __ErrorExit
 0001:00007EF4  __ErrorMessage
 0001:00007E34  __ErrorMessageHelper
 0003:00000848  __ExcRegPtr
 0001:00003F64  __ExceptInit
 0002:00000BE4  __ExceptVarsSize
 0001:0000330B  __ExceptionHandler
 0001:000001A3  __GetExceptDLLinfo
 0001:00003FB0  __GetExceptDLLinfoInternal
 0001:00009358  __Global_unwind
 0003:00000458  __HandlerPtr
 0001:0000414C  __InitDefaultHander
 0001:000099C4  __Local_unwind
 0002:000000FC  __PackageInfoTable
 0001:000099D7  __Return_unwind
 0001:00004160  __SetExceptionHandler
 0001:00004100  __SetUserHandler
 0002:0000007F  __TLS_index
 0002:00000083  __TLS_index4
 0001:00004175  __UnsetExceptionHandler
 0001:000041A1  __UnwindException
 0003:0000045C  __UserHandlerPtr
 0002:000000F8  ___CPPdebugHook
 0002:000000F8  ___CPPdebugHook_segment
 0002:00000B48  ___CPPexceptionList
 0001:00008C10  ___CRTL_DLL_Lock
 0001:00008C14  ___CRTL_DLL_Unlock
 0001:00001FB0  ___CRTL_MEM_CheckBorMem
 0001:00001F34  ___CRTL_MEM_GetBorMemPtrs
 0001:00001FD4  ___CRTL_MEM_Revector
 0001:0000208C  ___CRTL_MEM_UseBorMM
 0001:00008C18  ___CRTL_TLS_Alloc
 0001:00008C5C  ___CRTL_TLS_ExitThread
 0001:00008C20  ___CRTL_TLS_Free
 0001:00008C64  ___CRTL_TLS_GetInfo
 0001:00008C30  ___CRTL_TLS_GetValue
 0001:00008C54  ___CRTL_TLS_InitThread
 0001:00008C40  ___CRTL_TLS_SetValue
 0001:00002CF8  ___CRTL_VCLLIB_Linkage
 0001:00002CF4  ___CRTL_VCL_Exit
 0001:00002CF0  ___CRTL_VCL_Init
 0001:000049B4  ___DOSerror
 0001:00003FD8  ___DefHandler
 0001:00008010  ___ErrorMessage
 0002:00000B64  ___ExceptStaticXbuff
 0001:00004970  ___IOerror
 0001:00008C93  ___JumpToCatch__
 0001:000049D4  ___NTerror
 0001:0000028E  ___System__GetTls
 0001:00009A38  ____ExceptionHandler
 0002:000006B8  ___allocated
 0003:00000024  ___bad_alloc
 0001:00003EB8  ___call_terminate
 0001:00003F2C  ___call_unexpected
 0002:00002300  ___debuggerDisableTerminateCallback
 0001:000041AE  ___doGlobalUnwind
 0002:00000B4C  ___exceptFlags
 0002:00000B60  ___exceptMemAllocVars
 0002:00000B5C  ___exceptStaticBuffP
 0001:000045D8  ___fputn
 0002:00001F28  ___ieee_64_n_inf
 0002:00001F38  ___ieee_64_n_nanq
 0002:00001F48  ___ieee_64_n_nans
 0002:00001F58  ___ieee_64_n_zero
 0002:00001F20  ___ieee_64_p_inf
 0002:00001F30  ___ieee_64_p_nanq
 0002:00001F40  ___ieee_64_p_nans
 0002:00001F50  ___ieee_64_p_zero
 0001:0000631C  ___int64toa
 0002:0000007D  ___isDLL
 0002:00000044  ___isGUI
 0002:0000007C  ___isVCLPackage
 0001:000041CC  ___isatty
 0001:000041FC  ___isatty_osfhandle
 0001:000058A4  ___isctype
 0001:000058E8  ___iswctype
 0001:000063D0  ___ldtrunc
 0002:00001C2C  ___locale
 0001:000064E8  ___longtoa
 0001:00004214  ___lseek
 0001:0000625A  ___nextreal
 0001:00002A5C  ___org__expand
 0001:00002CD4  ___org__msize
 0001:000043F4  ___org__rtl_write
 0001:0000443C  ___org__write
 0001:00001B44  ___org_delete
 0001:00001B54  ___org_deletea
 0001:000044D8  ___org_fflush
 0001:000049E8  ___org_fputc
 0001:00001FC4  ___org_free
 0001:00001FB4  ___org_malloc
 0001:000059B8  ___org_mblen
 0001:00005B7C  ___org_mbstowcs
 0001:00005A34  ___org_mbtowc
 0001:000031AC  ___org_memcmp
 0001:00002F84  ___org_memcpy
 0001:00002FA8  ___org_memmove
 0001:00002FF4  ___org_memset
 0001:00001B78  ___org_new
 0001:00001D1C  ___org_newa
 0001:00004AF8  ___org_printf
 0001:00008850  ___org_raise
 0001:00003098  ___org_strcat
 0001:000030D4  ___org_strlen
 0001:00003130  ___org_strncat
 0001:00003218  ___org_strstr
 0001:00005CE4  ___org_wcstombs
 0001:00005B08  ___org_wctomb
 0003:00000874  ___pCPPdebugHook
 0002:000020E0  ___pCallAtExitProcs
 0001:00008EFD  ___raiseDebuggerException
 0001:00006254  ___realcvt
 0002:00000B0C  ___terminatePTR
 0002:00000B58  ___throwExceptionName
 0002:00000B50  ___throwFileName
 0002:00000B54  ___throwLineNumber
 0002:00000B10  ___unexpectdPTR
 0002:0000007E  ___useDynamicTLS
 0001:0000655C  ___utoa
 0001:00004CE4  ___vprinter
 0001:0000428C  ___write
 0001:000075C4  ___xcvt
 0001:00007898  ___xcvtw
 0004:00000000  ___xxInfo
 0002:000007C0  ___xxPersonality
 0001:000080C4  __abort
 0001:0000008C  __acrtused
 0001:00004458  __allocbuf
 0003:0000083C  __argc
 0001:00008190  __argv_default_expand
 0002:00002140  __argv_expand_ptr
 0001:00007D84  __assert
 0003:00000028  __bormm_pfn_FreeMem
 0003:0000002C  __bormm_pfn_GetMem
 0003:00000034  __bormm_pfn_HeapAddRef
 0003:00000038  __bormm_pfn_HeapRelease
 0003:00000030  __bormm_pfn_ReallocMem
 0001:00008180  __c_exit
 0001:00008170  __cexit
 0002:00000C40  __cfinfo_get
 0002:000017EC  __chartype
 0001:000089AC  __cleanup
 0001:00006210  __clear87
 0002:000020F4  __cmdline_escapes
 0001:00006224  __control87
 0001:000088D0  __create_shmem
 0001:000068B4  __cvt_init
 0001:00006BE8  __cvt_initw
 0002:00001EE0  __default87
 0003:00000840  __dll_table
 0002:000011CC  __dosErrorToSV
 0003:000005F0  __doserrno
 0001:000046F4  __dup_handle
 0003:0000085C  __exe_table
 0001:00008158  __exit
 0001:00004138  __exit_except
 0001:00004BD8  __exit_streams
 0002:000020E4  __exitbuf
 0002:000020E8  __exitfopen
 0002:000020EC  __exitopen
 0001:00002A5C  __expand
 0002:00000C44  __fileinfo
 0002:00000698  __firstHeap
 0002:00001F64  __floatconvert
 0001:000043BC  __flushall
 0001:00004558  __flushout
 0002:000011C4  __fmode
 0002:000011C8  __fmodeptr
 0001:0000629C  __fpreset
 0002:000006A4  __freeStart
 0001:0000475C  __free_handle
 0001:0000207C  __free_heaps
 0001:000062B4  __fuildq
 0001:000062E4  __fuistq
 0001:00006308  __fxam
 0001:000001B0  __getHInstance
 0001:00005648  __getLocaleNumericInfo
 0001:000046B4  __get_handle
 0001:00007CB0  __getmbcp
 0002:00000087  __hInstance
 0001:00008310  __handle_exitargv
 0001:000081B8  __handle_setargv
 0001:00008534  __handle_wexitargv
 0001:000083A0  __handle_wsetargv
 0003:00000528  __handles
 0002:00000660  __heap_redirector
 0002:00001EE8  __huge_dble
 0002:00001EE4  __huge_flt
 0002:00001EF0  __huge_ldble
 0002:00001F10  __indefinite
 0001:00007CB8  __initMBCSTable
 0001:00004120  __init_except
 0001:000088D8  __init_exit_proc
 0001:00004814  __init_handles
 0001:00004B1C  __init_streams
 0001:000045C4  __initfileinfo
 0001:000045B4  __initfmode
 0001:00002674  __internal_free
 0001:000029FC  __internal_free_heaps
 0001:000027E4  __internal_malloc
 0001:00002C3C  __internal_realloc
 0001:000001A8  __isDLL
 0002:000021A8  __isWindows
 0001:00007CC8  __ismbcspace
 0002:00001FF4  __kalpha
 0002:00001FF6  __kpunct
 0002:0000069C  __lastHeap
 0002:000006A0  __linktable
 0001:00005EAB  __lldiv
 0001:00005F6C  __llmod
 0001:00005E88  __llmul
 0001:00006034  __llshl
 0001:00006050  __llshr
 0001:00005F23  __lludiv
 0001:00005FE6  __llumod
 0001:0000606C  __llushr
 0002:000019F0  __lower
 0001:00005940  __lstrlwr
 0001:00005964  __ltolower
 0002:00001EFE  __max_dble
 0002:00001EFA  __max_flt
 0002:00001F06  __max_ldble
 0003:000006F8  __mbcsCodePage
 0003:000005F4  __mbctype
 0001:00007CE4  __mbsrchr
 0002:0000208C  __messagefile
 0002:00002088  __messagefunc
 0001:00002CD4  __msize
 0002:000020F0  __multidll
 0003:00000020  __new_handler
 0002:00001E14  __nextrealptr
 0002:00001E7C  __nextrealwptr
 0002:000010F8  __nfile
 0002:00000688  __nv_heap_size
 0002:000010FC  __openfd
 0003:00000834  __oscmd
 0003:00000838  __osenv
 0003:00000818  __ostype
 0003:00000824  __pRawDllMain
 0001:000029E4  __phys_avail
 0003:00000460  __pidtab
 0001:00006088  __pow10
 0001:00006578  __qdiv10
 0001:000065A0  __qmul10
 0002:00001E10  __realcvtptr
 0002:00001E78  __realcvtwptr
 0002:000006B0  __rover
 0001:000043F4  __rtl_write
 0001:000070CC  __scan_init
 0001:000075AC  __scan_initw
 0001:00006266  __scanrslt
 0002:00001E1C  __scanrsltptr
 0001:00006260  __scantod
 0002:00001E18  __scantodptr
 0002:00001E84  __scanwrsltptr
 0002:00001E80  __scanwtodptr
 0001:000040D4  __setexc
 0001:00007B8C  __setmbcp
 0002:0000068C  __smalloc_threshold
 0001:00008A18  __startupd
 0003:00000864  __stkbase
 0002:00000C2C  __stkchk
 0002:00000C48  __streams
 0002:000012F8  __sys_errlist
 0002:000013BC  __sys_nerr
 0001:000088C0  __terminate
 0002:00001F14  __tiny_ldble
 0002:00001F60  __turboFloat
 0001:000040F0  __unsetexc
 0001:00004114  __unsetuserhandler
 0002:00000690  __virt_chunk_free
 0002:00000694  __virt_chunk_free2
 0002:00000680  __virt_chunk_size
 0002:00000684  __virt_chunk_size2
 0002:0000067C  __virt_heap_size
 0003:00000854  __wC0argv
 0003:00000858  __wC0environ
 0001:000081A4  __wargv_default_expand
 0002:00002144  __wargv_expand_ptr
 0001:00003080  __wmemset
 0003:00000850  __woscmd
 0003:0000084C  __wosenv
 0001:0000443C  __write
 0001:00005620  __xfflush
 0001:000080D8  _abort
 0002:00002084  _errno
 0001:00008140  _exit
 0001:000044D8  _fflush
 0001:000049E8  _fputc
 0001:00001FC4  _free
 0001:0000569C  _isalnum
 0001:000056C8  _isalpha
 0001:000056B4  _isascii
 0001:000056E0  _iscntrl
 0001:000056F4  _isdigit
 0001:00005708  _isgraph
 0001:00005720  _islower
 0001:00005734  _isprint
 0001:0000574C  _ispunct
 0001:00005760  _isspace
 0001:00005774  _isupper
 0001:000057A0  _iswalnum
 0001:000057CC  _iswalpha
 0001:000057B8  _iswascii
 0001:000057E4  _iswcntrl
 0001:000057F8  _iswdigit
 0001:0000580C  _iswgraph
 0001:00005824  _iswlower
 0001:00005838  _iswprint
 0001:00005850  _iswpunct
 0001:00005864  _iswspace
 0001:00005878  _iswupper
 0001:0000588C  _iswxdigit
 0001:00005788  _isxdigit
 0003:00000000  _libHandle
 0001:00001FB4  _malloc
 0001:000059B8  _mblen
 0001:00005B7C  _mbstowcs
 0001:00005A34  _mbtowc
 0001:000031AC  _memcmp
 0001:00002F84  _memcpy
 0001:00002FA8  _memmove
 0001:00002FF4  _memset
 0001:00004AF8  _printf
 0001:00008850  _raise
 0001:000087F0  _signal
 0001:00003098  _strcat
 0001:000030D4  _strlen
 0001:00003130  _strncat
 0001:00003218  _strstr
 0001:00003284  _wcscpy
 0001:0000326C  _wcslen
 0001:00005CE4  _wcstombs
 0001:00005B08  _wctomb

 Address Publics by Value

 0001:0000008C  @C1_0
 0001:0000008C  __acrtused
 0001:000001A3  __GetExceptDLLinfo
 0001:000001A8  __isDLL
 0001:000001B0  __getHInstance
 0001:0000028E  @Sysinit@@GetTls$qqrv
 0001:0000028E  ___System__GetTls
 0001:000002C4  DllEntryPoint
 0001:00000414  _MPUSBGetDLLVersion
 0001:0000041C  @MPUSBIsVidPidEqual$qpct1
 0001:00000730  @MPUSBGetDeviceLink$qulpct2ulpul
 0001:000008FC  _MPUSBGetDeviceCount
 0001:0000092C  _MPUSBOpen
 0001:00000A3C  @WinUSB_MPUSBOpen$qulpct2ulul
 0001:00001000  _MPUSBGetDeviceDescriptor
 0001:00001084  @WinUSB_MPUSBGetDeviceDescriptor$qpvt1ulpul
 0001:000010D4  _MPUSBGetConfigurationDescriptor
 0001:0000116C  @WinUSB_MPUSBGetConfigurationDescriptor$qpvuct1ulpul
 0001:000011BC  _MPUSBGetStringDescriptor
 0001:00001248  @WinUSB_MPUSBGetStringDescriptor$qpvucust1ulpul
 0001:00001298  _MPUSBSetConfiguration
 0001:00001300  @WinUSB_MPUSBSetConfiguration$qpvus
 0001:00001310  _MPUSBRead
 0001:0000143C  @WinUSB_MPUSBRead$qpvt1ulpulul
 0001:00001588  _MPUSBWrite
 0001:000016B4  @WinUSB_MPUSBWrite$qpvt1ulpulul
 0001:00001800  _MPUSBReadInt
 0001:00001958  @WinUSB_MPUSBReadInt$qpvt1ulpulul
 0001:00001A9C  _MPUSBClose
 0001:00001AC8  @WinUSB_MPUSBClose$qpv
 0001:00001B44  @$bdele$qpv
 0001:00001B44  @C327_0
 0001:00001B44  ___org_delete
 0001:00001B54  @C329_0
 0001:00001B54  @$bdla$qpv
 0001:00001B54  ___org_deletea
 0001:00001B64  @std@set_new_handler$qpqv$v
 0001:00001B64  @C331_0
 0001:00001B78  @$bnew$qui
 0001:00001B78  ___org_new
 0001:00001C08  @$xt$13std@bad_alloc
 0001:00001C60  @std@bad_alloc@$bctr$qrx13std@bad_alloc
 0001:00001CA0  @$xt$p13std@bad_alloc
 0001:00001CB8  @$xt$13std@exception
 0001:00001D04  @std@exception@what$xqv
 0001:00001D10  @std@bad_alloc@what$xqv
 0001:00001D1C  ___org_newa
 0001:00001D1C  @$bnwa$qui
 0001:00001D1C  @C333_0
 0001:00001D2C  @C335_0
 0001:00001D80  @C335_3
 0001:00001D8C  @C335_4
 0001:00001DCC  @C335_5
 0001:00001E00  @C355_0
 0001:00001E00  @_virt_reserve
 0001:00001E6C  @_virt_alloc
 0001:00001E94  @_virt_commit
 0001:00001EE0  @_virt_decommit
 0001:00001EF8  @_virt_release
 0001:00001F14  @C357_0
 0001:00001F34  ___CRTL_MEM_GetBorMemPtrs
 0001:00001FB0  ___CRTL_MEM_CheckBorMem
 0001:00001FB4  _malloc
 0001:00001FB4  ___org_malloc
 0001:00001FB4  @C363_0
 0001:00001FC4  ___org_free
 0001:00001FC4  _free
 0001:00001FD4  @C367_0
 0001:00001FD4  ___CRTL_MEM_Revector
 0001:00002070  @C367_2
 0001:0000207C  __free_heaps
 0001:0000208C  ___CRTL_MEM_UseBorMM
 0001:0000208C  @C369_0
 0001:00002090  @C373_0
 0001:00002674  __internal_free
 0001:000027E4  __internal_malloc
 0001:000029E4  __phys_avail
 0001:000029FC  __internal_free_heaps
 0001:00002A5C  __expand
 0001:00002A5C  @C393_0
 0001:00002A5C  ___org__expand
 0001:00002C3C  __internal_realloc
 0001:00002CD4  __msize
 0001:00002CD4  ___org__msize
 0001:00002CF0  ___CRTL_VCL_Init
 0001:00002CF0  @C395_0
 0001:00002CF4  ___CRTL_VCL_Exit
 0001:00002CF4  @C397_0
 0001:00002CF8  @C399_0
 0001:00002CF8  ___CRTL_VCLLIB_Linkage
 0001:00002CFC  @C401_0
 0001:00002D2C  @C401_3
 0001:00002D88  @C401_4
 0001:00002DD0  @$xt$12std@bad_cast
 0001:00002E28  @$xt$14std@bad_typeid
 0001:00002E80  @std@bad_typeid@$bdtr$qv
 0001:00002EC4  @std@bad_cast@$bdtr$qv
 0001:00002F08  @std@exception@$bdtr$qv
 0001:00002F28  @std@bad_alloc@$bdtr$qv
 0001:00002F84  _memcpy
 0001:00002F84  @C543_0
 0001:00002F84  ___org_memcpy
 0001:00002FA8  ___org_memmove
 0001:00002FA8  @C547_0
 0001:00002FA8  _memmove
 0001:00002FF4  @C549_0
 0001:00002FF4  ___org_memset
 0001:00002FF4  _memset
 0001:00003080  __wmemset
 0001:00003080  @C551_0
 0001:00003098  _strcat
 0001:00003098  @C565_0
 0001:00003098  ___org_strcat
 0001:000030D4  _strlen
 0001:000030D4  ___org_strlen
 0001:000030D4  @C573_0
 0001:00003130  @C575_0
 0001:00003130  _strncat
 0001:00003130  ___org_strncat
 0001:000031A0  @std@strstr$qpxct1
 0001:000031A0  @C587_0
 0001:000031A5  @std@strstr$qpcpxc
 0001:000031AC  _memcmp
 0001:000031AC  ___org_memcmp
 0001:000031AC  @C591_0
 0001:00003218  _strstr
 0001:00003218  ___org_strstr
 0001:00003218  @C619_0
 0001:0000326C  _wcslen
 0001:0000326C  @C625_0
 0001:00003284  @C627_0
 0001:00003284  _wcscpy
 0001:000032C4  @C667_0
 0001:000032C4  @__InitExceptBlockLDTC
 0001:000032FD  @__ExitExceptBlock
 0001:0000330B  __ExceptionHandler
 0001:00003334  @C671_0
 0001:0000348B  @C671_4
 0001:000037E7  @C671_3
 0001:00003812  @C671_5
 0001:00003834  @__typeIDname$qp4tpid
 0001:0000386C  @__isSameTypeID$qp4tpidt1
 0001:00003948  @__isCompatTypeID$qp4tpidt1ipp4tpid
 0001:00003A58  @std@type_info@$bdtr$qv
 0001:00003A78  @std@type_info@$beql$xqrx13std@type_info
 0001:00003AEC  @__GetTypeInfo$qpvt1t1
 0001:00003C24  @std@bad_typeid@$bctr$qrx14std@bad_typeid
 0001:00003C3C  @std@type_info@name$xqv
 0001:00003CA4  @__adjustClassAdr$qpvp4tpidt2
 0001:00003D20  @$xt$13std@type_info
 0001:00003D6C  @$xt$14type_info_hash
 0001:00003DC4  @type_info_hash@$bdtr$qv
 0001:00003DEC  @_InitTermAndUnexPtrs$qv
 0001:00003E14  @std@terminate$qv
 0001:00003E64  @std@unexpected$qv
 0001:00003E8C  @C675_0
 0001:00003E8C  @C675_4
 0001:00003EB8  ___call_terminate
 0001:00003F2C  ___call_unexpected
 0001:00003F64  __ExceptInit
 0001:00003FB0  __GetExceptDLLinfoInternal
 0001:00003FD8  ___DefHandler
 0001:00003FD8  @C677_0
 0001:00003FE4  @C681_0
 0001:000040D4  __setexc
 0001:000040F0  __unsetexc
 0001:00004100  __SetUserHandler
 0001:00004114  __unsetuserhandler
 0001:00004120  __init_except
 0001:00004120  @C681_3
 0001:00004138  __exit_except
 0001:00004138  @C681_4
 0001:0000414C  __InitDefaultHander
 0001:00004160  @C685_0
 0001:00004160  __SetExceptionHandler
 0001:00004175  __UnsetExceptionHandler
 0001:000041A1  __UnwindException
 0001:000041A8  @jump$qv
 0001:000041A8  @C687_0
 0001:000041AE  ___doGlobalUnwind
 0001:000041C3  @invokeHnd$qv
 0001:000041CC  @C703_0
 0001:000041CC  ___isatty
 0001:000041FC  ___isatty_osfhandle
 0001:00004214  ___lseek
 0001:00004214  @C705_0
 0001:0000428C  @C715_0
 0001:0000428C  ___write
 0001:000043A8  @C717_0
 0001:000043BC  @C735_0
 0001:000043BC  __flushall
 0001:000043F4  @C791_0
 0001:000043F4  ___org__rtl_write
 0001:000043F4  __rtl_write
 0001:0000443C  ___org__write
 0001:0000443C  __write
 0001:00004458  @C795_0
 0001:00004458  __allocbuf
 0001:000044D8  _fflush
 0001:000044D8  @C857_0
 0001:000044D8  ___org_fflush
 0001:00004558  __flushout
 0001:00004558  @C879_0
 0001:000045B4  @C883_0
 0001:000045B4  __initfmode
 0001:000045C4  __initfileinfo
 0001:000045D8  @C897_0
 0001:000045D8  ___fputn
 0001:000046B4  __get_handle
 0001:000046B4  @C947_0
 0001:000046F4  __dup_handle
 0001:0000475C  __free_handle
 0001:00004814  __init_handles
 0001:00004970  ___IOerror
 0001:00004970  @C949_0
 0001:000049B4  ___DOSerror
 0001:000049D4  ___NTerror
 0001:000049E8  @C963_0
 0001:000049E8  ___org_fputc
 0001:000049E8  _fputc
 0001:00004AF8  ___org_printf
 0001:00004AF8  _printf
 0001:00004AF8  @C983_0
 0001:00004B1C  @C1049_0
 0001:00004B1C  __init_streams
 0001:00004BD8  __exit_streams
 0001:00004BD8  @C1049_1
 0001:00004C34  @C1077_0
 0001:00004CE4  ___vprinter
 0001:00005620  __xfflush
 0001:00005620  @C1155_0
 0001:00005648  __getLocaleNumericInfo
 0001:00005648  @C1169_0
 0001:0000569C  _isalnum
 0001:0000569C  @C1177_0
 0001:000056B4  _isascii
 0001:000056C8  _isalpha
 0001:000056E0  _iscntrl
 0001:000056F4  _isdigit
 0001:00005708  _isgraph
 0001:00005720  _islower
 0001:00005734  _isprint
 0001:0000574C  _ispunct
 0001:00005760  _isspace
 0001:00005774  _isupper
 0001:00005788  _isxdigit
 0001:000057A0  _iswalnum
 0001:000057A0  @C1179_0
 0001:000057B8  _iswascii
 0001:000057CC  _iswalpha
 0001:000057E4  _iswcntrl
 0001:000057F8  _iswdigit
 0001:0000580C  _iswgraph
 0001:00005824  _iswlower
 0001:00005838  _iswprint
 0001:00005850  _iswpunct
 0001:00005864  _iswspace
 0001:00005878  _iswupper
 0001:0000588C  _iswxdigit
 0001:000058A4  ___isctype
 0001:000058A4  @C1181_0
 0001:000058E8  ___iswctype
 0001:000058E8  @C1183_0
 0001:00005940  __lstrlwr
 0001:00005940  @C1209_0
 0001:00005964  @C1221_0
 0001:00005964  __ltolower
 0001:000059B8  @C1229_0
 0001:000059B8  _mblen
 0001:000059B8  ___org_mblen
 0001:00005A34  ___org_mbtowc
 0001:00005A34  _mbtowc
 0001:00005B08  ___org_wctomb
 0001:00005B08  _wctomb
 0001:00005B7C  ___org_mbstowcs
 0001:00005B7C  _mbstowcs
 0001:00005CE4  _wcstombs
 0001:00005CE4  ___org_wcstombs
 0001:00005E88  @C1281_0
 0001:00005E88  __llmul
 0001:00005EAB  __lldiv
 0001:00005F23  __lludiv
 0001:00005F6C  __llmod
 0001:00005FE6  __llumod
 0001:00006034  __llshl
 0001:00006050  __llshr
 0001:0000606C  __llushr
 0001:00006088  __pow10
 0001:00006088  @C1321_0
 0001:00006210  __clear87
 0001:00006210  @C1357_0
 0001:00006224  __control87
 0001:00006224  @C1371_0
 0001:00006254  @C1373_0
 0001:00006254  ___realcvt
 0001:0000625A  ___nextreal
 0001:00006260  __scantod
 0001:00006266  __scanrslt
 0001:0000626C  @C1377_0
 0001:00006284  @C1379_0
 0001:0000629C  @C1419_0
 0001:0000629C  __fpreset
 0001:000062B4  @C1427_0
 0001:000062B4  __fuildq
 0001:000062E4  __fuistq
 0001:000062E4  @C1429_0
 0001:00006308  @C1431_0
 0001:00006308  __fxam
 0001:0000631C  ___int64toa
 0001:0000631C  @C1447_0
 0001:000063D0  ___ldtrunc
 0001:000063D0  @C1457_0
 0001:000064E8  ___longtoa
 0001:000064E8  @C1467_0
 0001:0000655C  ___utoa
 0001:00006578  __qdiv10
 0001:00006578  @C1505_0
 0001:000065A0  @C1507_0
 0001:000065A0  __qmul10
 0001:000065D0  @C1511_0
 0001:000068B4  __cvt_init
 0001:000068CC  @C1513_0
 0001:00006BE8  __cvt_initw
 0001:00006C00  @C1521_0
 0001:000070CC  __scan_init
 0001:000070E4  @C1523_0
 0001:000075AC  __scan_initw
 0001:000075C4  @C1567_0
 0001:000075C4  ___xcvt
 0001:00007898  ___xcvtw
 0001:00007898  @C1569_0
 0001:00007B8C  @C1581_0
 0001:00007B8C  __setmbcp
 0001:00007CB0  __getmbcp
 0001:00007CB8  @C1581_3
 0001:00007CB8  __initMBCSTable
 0001:00007CC8  @C1603_0
 0001:00007CC8  __ismbcspace
 0001:00007CE4  @C1665_0
 0001:00007CE4  __mbsrchr
 0001:00007D3C  @C1717_0
 0001:00007D84  __assert
 0001:00007DE4  @C1733_0
 0001:00007E34  __ErrorMessageHelper
 0001:00007E9C  @C1737_0
 0001:00007EF4  __ErrorMessage
 0001:00008010  ___ErrorMessage
 0001:00008020  __ErrorExit
 0001:00008038  @C1745_0
 0001:00008038  @C1745_3
 0001:000080C4  __abort
 0001:000080C4  @C1765_0
 0001:000080D8  _abort
 0001:000080E8  @C1803_0
 0001:00008140  _exit
 0001:00008158  __exit
 0001:00008170  __cexit
 0001:00008180  __c_exit
 0001:00008190  @C1813_0
 0001:00008190  __argv_default_expand
 0001:000081A4  __wargv_default_expand
 0001:000081A4  @C1815_0
 0001:000081B8  __handle_setargv
 0001:000081B8  @C1829_0
 0001:00008310  __handle_exitargv
 0001:000083A0  @C1831_0
 0001:000083A0  __handle_wsetargv
 0001:00008534  __handle_wexitargv
 0001:000085C8  @C1907_0
 0001:000087F0  _signal
 0001:00008850  _raise
 0001:00008850  ___org_raise
 0001:000088C0  __terminate
 0001:000088C0  @C1927_0
 0001:000088D0  __create_shmem
 0001:000088D8  __init_exit_proc
 0001:000089AC  __cleanup
 0001:00008A18  @C1933_0
 0001:00008A18  __startupd
 0001:00008B18  @C1937_0
 0001:00008BAC  __CRTL_DLLEntryPointWrapper
 0001:00008C10  @C1939_0
 0001:00008C10  ___CRTL_DLL_Lock
 0001:00008C14  ___CRTL_DLL_Unlock
 0001:00008C18  @C1943_0
 0001:00008C18  ___CRTL_TLS_Alloc
 0001:00008C20  ___CRTL_TLS_Free
 0001:00008C30  ___CRTL_TLS_GetValue
 0001:00008C40  ___CRTL_TLS_SetValue
 0001:00008C54  ___CRTL_TLS_InitThread
 0001:00008C5C  ___CRTL_TLS_ExitThread
 0001:00008C64  ___CRTL_TLS_GetInfo
 0001:00008C68  @C2023_3
 0001:00008C68  @C2023_0
 0001:00008C93  ___JumpToCatch__
 0001:00008EFD  ___raiseDebuggerException
 0001:000092B8  @_ThrowExceptionLDTC$qpvt1t1t1uiuiuipuct1
 0001:000092ED  @_ReThrowException$quipuc
 0001:00009358  __Global_unwind
 0001:00009494  @_CatchCleanup$qv
 0001:000099C4  __Local_unwind
 0001:000099D7  __Return_unwind
 0001:00009A38  ____ExceptionHandler
 0001:0000A7B6  __CurrExcContext
 0002:00000000  @D1_1
 0002:00000044  ___isGUI
 0002:0000007C  ___isVCLPackage
 0002:0000007D  ___isDLL
 0002:0000007E  ___useDynamicTLS
 0002:0000007F  __TLS_index
 0002:00000083  __TLS_index4
 0002:00000087  __hInstance
 0002:000000F8  ___CPPdebugHook
 0002:000000F8  ___CPPdebugHook_segment
 0002:000000FC  __PackageInfoTable
 0002:00000104  @D2_1
 0002:00000104  _UsingWinUSBDriver
 0002:00000108  _WinUSBLibraryLoaded
 0002:0000010C  _GlobalWinUSBDeviceHandle
 0002:00000110  _GlobalWinUSBInterfaceHandle
 0002:00000114  _WinUSBInterfaceInitialized
 0002:00000118  _ApparentOpenPipes
 0002:000004BC  _GUID_DEVINTERFACE_MCHPUSB
 0002:000004CC  _GUID_DEVINTERFACE_WINUSB
 0002:000004DC  @D331_1
 0002:00000524  @std@exception@3
 0002:00000538  @std@bad_alloc@3
 0002:0000054C  @D335_1
 0002:000005C0  @D355_1
 0002:000005C4  @D357_1
 0002:0000065C  @D367_1
 0002:00000660  __heap_redirector
 0002:0000067C  @D373_1
 0002:0000067C  __virt_heap_size
 0002:00000680  __virt_chunk_size
 0002:00000684  __virt_chunk_size2
 0002:00000688  __nv_heap_size
 0002:0000068C  __smalloc_threshold
 0002:00000690  __virt_chunk_free
 0002:00000694  __virt_chunk_free2
 0002:00000698  __firstHeap
 0002:0000069C  __lastHeap
 0002:000006A0  __linktable
 0002:000006A4  __freeStart
 0002:000006B0  __rover
 0002:000006B8  ___allocated
 0002:000006BC  @D401_1
 0002:000006F4  @_$ECTTN$@std@bad_typeid@$bdtr$qv
 0002:000006FC  @_$ECTUN$@std@bad_cast@$bdtr$qv
 0002:00000704  @std@bad_typeid@3
 0002:00000718  @std@bad_cast@3
 0002:0000072C  @D463_1
 0002:0000072C  @__rwstd@__rw_stdexcept_NoNamedException
 0002:00000730  @__rwstd@__rw_stdexcept_BadException
 0002:00000734  @__rwstd@__rw_stdexcept_BadAllocException
 0002:00000738  @__rwstd@__rw_stdexcept_Error
 0002:0000079C  @_$DCTFE$@std@bad_alloc@$bdtr$qv
 0002:000007AC  @_$ECTUFE$@std@bad_alloc@$bdtr$qv
 0002:000007C0  ___xxPersonality
 0002:000007C0  @D669_0
 0002:000007C4  @D671_1
 0002:00000AE4  @_$ECTWC$@__GetTypeInfo$qpvt1t1
 0002:00000AEC  @type_info_hash@3
 0002:00000AFC  @std@type_info@3
 0002:00000B0C  ___terminatePTR
 0002:00000B0C  @D673_1
 0002:00000B10  ___unexpectdPTR
 0002:00000B14  @_$CHVC$@std@terminate$qv
 0002:00000B34  @_$ECTWC$@std@terminate$qv
 0002:00000B48  ___CPPexceptionList
 0002:00000B48  @D675_1
 0002:00000B4C  ___exceptFlags
 0002:00000B50  ___throwFileName
 0002:00000B54  ___throwLineNumber
 0002:00000B58  ___throwExceptionName
 0002:00000B5C  ___exceptStaticBuffP
 0002:00000B60  ___exceptMemAllocVars
 0002:00000B64  ___ExceptStaticXbuff
 0002:00000BE4  __ExceptVarsSize
 0002:00000BF8  @_$CHVC$@__call_terminate$qv
 0002:00000C18  @_$ECTWC$@__call_terminate$qv
 0002:00000C2C  __stkchk
 0002:00000C2C  @D681_1
 0002:00000C40  @D717_1
 0002:00000C40  __cfinfo_get
 0002:00000C44  __fileinfo
 0002:00000C44  @D797_0
 0002:00000C48  @D869_0
 0002:00000C48  __streams
 0002:000010F8  __nfile
 0002:000010F8  @D871_0
 0002:000010FC  __openfd
 0002:000011C4  __fmode
 0002:000011C4  @D881_0
 0002:000011C8  __fmodeptr
 0002:000011C8  @D883_1
 0002:000011CC  __dosErrorToSV
 0002:000011CC  @D949_1
 0002:000012F8  __sys_errlist
 0002:000012F8  @D981_1
 0002:000013BC  __sys_nerr
 0002:00001774  @D1077_1
 0002:000017EC  @D1157_0
 0002:000017EC  __chartype
 0002:000019F0  __lower
 0002:000019F0  @D1163_0
 0002:00001AF0  @D1187_0
 0002:00001AF0  _CMonetary
 0002:00001B24  _CNumeric
 0002:00001B3C  _CTimeDate
 0002:00001C00  _CLOCALE
 0002:00001C2C  ___locale
 0002:00001D50  @D1321_1
 0002:00001E10  @D1377_1
 0002:00001E10  __realcvtptr
 0002:00001E14  __nextrealptr
 0002:00001E18  __scantodptr
 0002:00001E1C  __scanrsltptr
 0002:00001E78  @D1379_1
 0002:00001E78  __realcvtwptr
 0002:00001E7C  __nextrealwptr
 0002:00001E80  __scanwtodptr
 0002:00001E84  __scanwrsltptr
 0002:00001EE0  __default87
 0002:00001EE0  @D1381_0
 0002:00001EE4  __huge_flt
 0002:00001EE4  @D1435_0
 0002:00001EE8  __huge_dble
 0002:00001EF0  __huge_ldble
 0002:00001EFA  __max_flt
 0002:00001EFE  __max_dble
 0002:00001F06  __max_ldble
 0002:00001F10  __indefinite
 0002:00001F14  __tiny_ldble
 0002:00001F20  ___ieee_64_p_inf
 0002:00001F28  ___ieee_64_n_inf
 0002:00001F30  ___ieee_64_p_nanq
 0002:00001F38  ___ieee_64_n_nanq
 0002:00001F40  ___ieee_64_p_nans
 0002:00001F48  ___ieee_64_n_nans
 0002:00001F50  ___ieee_64_p_zero
 0002:00001F58  ___ieee_64_n_zero
 0002:00001F60  __turboFloat
 0002:00001F60  @D1445_0
 0002:00001F64  __floatconvert
 0002:00001F68  @D1511_1
 0002:00001F7C  @D1513_1
 0002:00001FA4  @D1521_1
 0002:00001FCC  @D1523_1
 0002:00001FF4  __kalpha
 0002:00001FF4  @D1581_1
 0002:00001FF6  __kpunct
 0002:0000203C  @D1717_1
 0002:00002060  @D1733_1
 0002:00002084  _errno
 0002:00002084  @D1735_1
 0002:00002088  @D1737_1
 0002:00002088  __messagefunc
 0002:0000208C  __messagefile
 0002:00002098  @D1745_1
 0002:000020C0  @D1765_1
 0002:000020E0  @D1767_0
 0002:000020E0  ___pCallAtExitProcs
 0002:000020E4  @D1803_1
 0002:000020E4  __exitbuf
 0002:000020E8  __exitfopen
 0002:000020EC  __exitopen
 0002:000020F0  @D1809_0
 0002:000020F0  __multidll
 0002:000020F4  __cmdline_escapes
 0002:000020F4  @D1829_1
 0002:0000211C  @D1831_1
 0002:00002140  __argv_expand_ptr
 0002:00002140  @D1885_0
 0002:00002144  @D1887_0
 0002:00002144  __wargv_expand_ptr
 0002:00002148  @D1907_1
 0002:000021A8  @D1925_0
 0002:000021A8  __isWindows
 0002:000021AC  @D1927_1
 0002:000021B0  @D1937_1
 0002:00002300  @D2023_1
 0002:00002300  ___debuggerDisableTerminateCallback
 0003:00000000  @B2_2
 0003:00000000  _libHandle
 0003:00000004  _WinUsbDLL_Initialize
 0003:00000008  _WinUsbDLL_ReadPipe
 0003:0000000C  _WinUsbDLL_WritePipe
 0003:00000010  _WinUsbDLL_AbortPipe
 0003:00000014  _WinUsbDLL_Free
 0003:00000018  _WinUsbDLL_SetPowerPolicy
 0003:0000001C  _WinUsbDLL_GetDescriptor
 0003:00000020  __new_handler
 0003:00000020  @B335_2
 0003:00000024  ___bad_alloc
 0003:00000028  __bormm_pfn_FreeMem
 0003:00000028  @B357_2
 0003:0000002C  __bormm_pfn_GetMem
 0003:00000030  __bormm_pfn_ReallocMem
 0003:00000034  __bormm_pfn_HeapAddRef
 0003:00000038  __bormm_pfn_HeapRelease
 0003:00000040  @B401_2
 0003:00000048  @B671_2
 0003:00000450  __DestructorCountPtr
 0003:00000450  @B675_2
 0003:00000458  __HandlerPtr
 0003:00000458  @B681_2
 0003:0000045C  __UserHandlerPtr
 0003:00000460  @B871_1
 0003:00000460  __pidtab
 0003:00000528  __handles
 0003:000005F0  @B949_2
 0003:000005F0  __doserrno
 0003:000005F4  __mbctype
 0003:000005F4  @B1581_2
 0003:000006F8  __mbcsCodePage
 0003:000006FC  @B1717_2
 0003:000007FC  @B1733_2
 0003:00000818  __ostype
 0003:00000818  @B1745_2
 0003:0000081C  @B1829_2
 0003:00000820  @B1831_2
 0003:00000824  @B1923_0
 0003:00000824  __pRawDllMain
 0003:00000828  __C0argc
 0003:00000828  @B1925_1
 0003:0000082C  __C0argv
 0003:00000830  __C0environ
 0003:00000834  __oscmd
 0003:00000838  __osenv
 0003:0000083C  __argc
 0003:00000840  __dll_table
 0003:00000848  __ExcRegPtr
 0003:0000084C  __wosenv
 0003:00000850  __woscmd
 0003:00000854  __wC0argv
 0003:00000858  __wC0environ
 0003:0000085C  __exe_table
 0003:00000864  __stkbase
 0003:00000868  @B1933_1
 0003:0000086C  @B1937_2
 0003:00000870  @B2023_2
 0003:00000874  ___pCPPdebugHook
 0004:00000000  @T675_3
 0004:00000000  ___xxInfo
